Archive member included to satisfy reference by file (symbol)

c:/progra~1/raspbe~1/picosd~1.1/gcc-ar~1/bin/../lib/gcc/arm-none-eabi/10.3.1/thumb/v6-m/nofp\libgcc.a(_dvmd_tls.o)
                              hw5/i2c/CMakeFiles/i2c.dir/C_/Program_Files/Raspberry_Pi/Pico_SDK_v1.5.1/pico-sdk/src/rp2_common/pico_divider/divider.S.obj (__aeabi_idiv0)
c:/progra~1/raspbe~1/picosd~1.1/gcc-ar~1/bin/../lib/gcc/arm-none-eabi/10.3.1/../../../../arm-none-eabi/lib/thumb/v6-m/nofp\libg.a(lib_a-calloc.o)
                              hw5/i2c/CMakeFiles/i2c.dir/C_/Program_Files/Raspberry_Pi/Pico_SDK_v1.5.1/pico-sdk/src/rp2_common/pico_malloc/pico_malloc.c.obj (calloc)
c:/progra~1/raspbe~1/picosd~1.1/gcc-ar~1/bin/../lib/gcc/arm-none-eabi/10.3.1/../../../../arm-none-eabi/lib/thumb/v6-m/nofp\libg.a(lib_a-callocr.o)
                              c:/progra~1/raspbe~1/picosd~1.1/gcc-ar~1/bin/../lib/gcc/arm-none-eabi/10.3.1/../../../../arm-none-eabi/lib/thumb/v6-m/nofp\libg.a(lib_a-calloc.o) (_calloc_r)
c:/progra~1/raspbe~1/picosd~1.1/gcc-ar~1/bin/../lib/gcc/arm-none-eabi/10.3.1/../../../../arm-none-eabi/lib/thumb/v6-m/nofp\libg.a(lib_a-errno.o)
                              c:/progra~1/raspbe~1/picosd~1.1/gcc-ar~1/bin/../lib/gcc/arm-none-eabi/10.3.1/../../../../arm-none-eabi/lib/thumb/v6-m/nofp\libg.a(lib_a-callocr.o) (__errno)
c:/progra~1/raspbe~1/picosd~1.1/gcc-ar~1/bin/../lib/gcc/arm-none-eabi/10.3.1/../../../../arm-none-eabi/lib/thumb/v6-m/nofp\libg.a(lib_a-impure.o)
                              c:/progra~1/raspbe~1/picosd~1.1/gcc-ar~1/bin/../lib/gcc/arm-none-eabi/10.3.1/../../../../arm-none-eabi/lib/thumb/v6-m/nofp\libg.a(lib_a-calloc.o) (_impure_ptr)
c:/progra~1/raspbe~1/picosd~1.1/gcc-ar~1/bin/../lib/gcc/arm-none-eabi/10.3.1/../../../../arm-none-eabi/lib/thumb/v6-m/nofp\libg.a(lib_a-init.o)
                              c:/progra~1/raspbe~1/picosd~1.1/gcc-ar~1/bin/../lib/gcc/arm-none-eabi/10.3.1/../../../../arm-none-eabi/lib/thumb/v6-m/nofp/crt0.o (__libc_init_array)
c:/progra~1/raspbe~1/picosd~1.1/gcc-ar~1/bin/../lib/gcc/arm-none-eabi/10.3.1/../../../../arm-none-eabi/lib/thumb/v6-m/nofp\libg.a(lib_a-malloc.o)
                              hw5/i2c/CMakeFiles/i2c.dir/C_/Program_Files/Raspberry_Pi/Pico_SDK_v1.5.1/pico-sdk/src/rp2_common/pico_malloc/pico_malloc.c.obj (malloc)
c:/progra~1/raspbe~1/picosd~1.1/gcc-ar~1/bin/../lib/gcc/arm-none-eabi/10.3.1/../../../../arm-none-eabi/lib/thumb/v6-m/nofp\libg.a(lib_a-mallocr.o)
                              c:/progra~1/raspbe~1/picosd~1.1/gcc-ar~1/bin/../lib/gcc/arm-none-eabi/10.3.1/../../../../arm-none-eabi/lib/thumb/v6-m/nofp\libg.a(lib_a-callocr.o) (_malloc_r)
c:/progra~1/raspbe~1/picosd~1.1/gcc-ar~1/bin/../lib/gcc/arm-none-eabi/10.3.1/../../../../arm-none-eabi/lib/thumb/v6-m/nofp\libg.a(lib_a-mlock.o)
                              c:/progra~1/raspbe~1/picosd~1.1/gcc-ar~1/bin/../lib/gcc/arm-none-eabi/10.3.1/../../../../arm-none-eabi/lib/thumb/v6-m/nofp\libg.a(lib_a-mallocr.o) (__malloc_lock)
c:/progra~1/raspbe~1/picosd~1.1/gcc-ar~1/bin/../lib/gcc/arm-none-eabi/10.3.1/../../../../arm-none-eabi/lib/thumb/v6-m/nofp\libg.a(lib_a-realloc.o)
                              hw5/i2c/CMakeFiles/i2c.dir/C_/Program_Files/Raspberry_Pi/Pico_SDK_v1.5.1/pico-sdk/src/rp2_common/pico_malloc/pico_malloc.c.obj (realloc)
c:/progra~1/raspbe~1/picosd~1.1/gcc-ar~1/bin/../lib/gcc/arm-none-eabi/10.3.1/../../../../arm-none-eabi/lib/thumb/v6-m/nofp\libg.a(lib_a-reallocr.o)
                              c:/progra~1/raspbe~1/picosd~1.1/gcc-ar~1/bin/../lib/gcc/arm-none-eabi/10.3.1/../../../../arm-none-eabi/lib/thumb/v6-m/nofp\libg.a(lib_a-realloc.o) (_realloc_r)
c:/progra~1/raspbe~1/picosd~1.1/gcc-ar~1/bin/../lib/gcc/arm-none-eabi/10.3.1/../../../../arm-none-eabi/lib/thumb/v6-m/nofp\libg.a(lib_a-sbrkr.o)
                              c:/progra~1/raspbe~1/picosd~1.1/gcc-ar~1/bin/../lib/gcc/arm-none-eabi/10.3.1/../../../../arm-none-eabi/lib/thumb/v6-m/nofp\libg.a(lib_a-mallocr.o) (_sbrk_r)
c:/progra~1/raspbe~1/picosd~1.1/gcc-ar~1/bin/../lib/gcc/arm-none-eabi/10.3.1/../../../../arm-none-eabi/lib/thumb/v6-m/nofp\libg.a(lib_a-strlen-stub.o)
                              hw5/i2c/CMakeFiles/i2c.dir/C_/Program_Files/Raspberry_Pi/Pico_SDK_v1.5.1/pico-sdk/src/rp2_common/pico_stdio/stdio.c.obj (strlen)
c:/progra~1/raspbe~1/picosd~1.1/gcc-ar~1/bin/../lib/gcc/arm-none-eabi/10.3.1/../../../../arm-none-eabi/lib/thumb/v6-m/nofp\libg.a(lib_a-freer.o)
                              c:/progra~1/raspbe~1/picosd~1.1/gcc-ar~1/bin/../lib/gcc/arm-none-eabi/10.3.1/../../../../arm-none-eabi/lib/thumb/v6-m/nofp\libg.a(lib_a-malloc.o) (_free_r)
c:/progra~1/raspbe~1/picosd~1.1/gcc-ar~1/bin/../lib/gcc/arm-none-eabi/10.3.1/../../../../arm-none-eabi/lib/thumb/v6-m/nofp\libg.a(lib_a-lock.o)
                              c:/progra~1/raspbe~1/picosd~1.1/gcc-ar~1/bin/../lib/gcc/arm-none-eabi/10.3.1/../../../../arm-none-eabi/lib/thumb/v6-m/nofp\libg.a(lib_a-mlock.o) (__retarget_lock_acquire_recursive)
[...]
Memory Configuration

Name             Origin             Length             Attributes
FLASH            0x10000000         0x00200000         xr
RAM              0x20000000         0x00040000         xrw
SCRATCH_X        0x20040000         0x00001000         xrw
SCRATCH_Y        0x20041000         0x00001000         xrw
*default*        0x00000000         0xffffffff

Linker script and memory map

LOAD c:/progra~1/raspbe~1/picosd~1.1/gcc-ar~1/bin/../lib/gcc/arm-none-eabi/10.3.1/thumb/v6-m/nofp/crti.o
LOAD c:/progra~1/raspbe~1/picosd~1.1/gcc-ar~1/bin/../lib/gcc/arm-none-eabi/10.3.1/thumb/v6-m/nofp/crtbegin.o
LOAD c:/progra~1/raspbe~1/picosd~1.1/gcc-ar~1/bin/../lib/gcc/arm-none-eabi/10.3.1/../../../../arm-none-eabi/lib/thumb/v6-m/nofp/crt0.o

.flash_begin    0x10000000        0x0
                0x10000000                __flash_binary_start = .

.boot2          0x10000000      0x100
                0x10000000                __boot2_start__ = .
 *(.boot2)
 .boot2         0x10000000      0x100 C:\Users\SRyu0\AppData\Local\Temp\ccm1ESju.o
                0x10000100                __boot2_end__ = .
                0x00000001                ASSERT (((__boot2_end__ - __boot2_start__) == 0x100), ERROR: Pico second stage bootloader must be 256 bytes in size)

.text           0x10000100     0x7128
                0x10000100                __logical_binary_start = .
 *(.vectors)
 .vectors       0x10000100       0xd4 hw5/i2c/CMakeFiles/i2c.dir/C_/Program_Files/Raspberry_Pi/Pico_SDK_v1.5.1/pico-sdk/src/rp2_common/pico_standard_link/crt0.S.obj
                0x10000100                __VECTOR_TABLE
                0x10000100                __vectors
                0x100001c0                isr_invalid
                0x100001c0                __default_isrs_start
                0x100001c2                isr_nmi
                0x100001c4                isr_hardfault
                0x100001c6                isr_svcall
                0x100001c8                isr_pendsv
                0x100001ca                isr_systick
                0x100001cc                isr_irq23
                0x100001cc                isr_irq18
                0x100001cc                isr_irq11
                0x100001cc                isr_irq28
                0x100001cc                isr_irq19
                0x100001cc                isr_irq0
                0x100001cc                isr_irq6
                0x100001cc                isr_irq5
                0x100001cc                isr_irq12
                0x100001cc                isr_irq22
                0x100001cc                isr_irq31
                0x100001cc                isr_irq17
                0x100001cc                isr_irq27
                0x100001cc                isr_irq30
                0x100001cc                isr_irq2
                0x100001cc                isr_irq10
                0x100001cc                isr_irq8
                0x100001cc                isr_irq24
                0x100001cc                isr_irq1
                0x100001cc                isr_irq7
                0x100001cc                isr_irq21
                0x100001cc                isr_irq20
                0x100001cc                isr_irq15
                0x100001cc                isr_irq25
                0x100001cc                isr_irq13
                0x100001cc                __unhandled_user_irq
                0x100001cc                isr_irq4
                0x100001cc                isr_irq16
                0x100001cc                isr_irq29
                0x100001cc                isr_irq26
                0x100001cc                __default_isrs_end
                0x100001cc                isr_irq3
                0x100001cc                isr_irq14
                0x100001cc                isr_irq9
                0x100001d2                unhandled_user_irq_num_in_r0
 *(.binary_info_header)
 .binary_info_header
                0x100001d4       0x14 hw5/i2c/CMakeFiles/i2c.dir/C_/Program_Files/Raspberry_Pi/Pico_SDK_v1.5.1/pico-sdk/src/rp2_common/pico_standard_link/crt0.S.obj
                0x100001e8                __binary_info_header_end = .
 *(.reset)
 .reset         0x100001e8       0xa0 hw5/i2c/CMakeFiles/i2c.dir/C_/Program_Files/Raspberry_Pi/Pico_SDK_v1.5.1/pico-sdk/src/rp2_common/pico_standard_link/crt0.S.obj
                0x100001e8                _entry_point
 .reset         0x10000288       0x30 hw5/i2c/CMakeFiles/i2c.dir/C_/Program_Files/Raspberry_Pi/Pico_SDK_v1.5.1/pico-sdk/src/rp2_common/pico_standard_link/binary_info.c.obj
 *(.init)
 .init          0x100002b8        0x4 c:/progra~1/raspbe~1/picosd~1.1/gcc-ar~1/bin/../lib/gcc/arm-none-eabi/10.3.1/thumb/v6-m/nofp/crti.o
                0x100002b8                _init
 *(EXCLUDE_FILE(*libm.a: *libc.a:*lib_a-mem*.o *libgcc.a:) .text*)
 .text          0x100002bc       0x48 c:/progra~1/raspbe~1/picosd~1.1/gcc-ar~1/bin/../lib/gcc/arm-none-eabi/10.3.1/thumb/v6-m/nofp/crtbegin.o
 .text.i2c_chip_init
                0x10000304       0x28 hw5/i2c/CMakeFiles/i2c.dir/i2c.c.obj
                0x10000304                i2c_chip_init
 .text.setPin   0x1000032c       0x24 hw5/i2c/CMakeFiles/i2c.dir/i2c.c.obj
                0x1000032c                setPin
 .text.readPin  0x10000350       0x40 hw5/i2c/CMakeFiles/i2c.dir/i2c.c.obj
                0x10000350                readPin
 .text.main     0x10000390       0x8c hw5/i2c/CMakeFiles/i2c.dir/i2c.c.obj
                0x10000390                main
 .text.gpio_set_function
                0x1000041c       0x30 hw5/i2c/CMakeFiles/i2c.dir/C_/Program_Files/Raspberry_Pi/Pico_SDK_v1.5.1/pico-sdk/src/rp2_common/hardware_gpio/gpio.c.obj
                0x1000041c                gpio_set_function
 .text.gpio_init
                0x1000044c       0x16 hw5/i2c/CMakeFiles/i2c.dir/C_/Program_Files/Raspberry_Pi/Pico_SDK_v1.5.1/pico-sdk/src/rp2_common/hardware_gpio/gpio.c.obj
                0x1000044c                gpio_init
 *fill*         0x10000462        0x2 
 .text.running_on_fpga
                0x10000464       0x14 hw5/i2c/CMakeFiles/i2c.dir/C_/Program_Files/Raspberry_Pi/Pico_SDK_v1.5.1/pico-sdk/src/rp2_common/pico_platform/platform.c.obj
                0x10000464                running_on_fpga
 .text.hw_claim_lock
                0x10000478       0x18 hw5/i2c/CMakeFiles/i2c.dir/C_/Program_Files/Raspberry_Pi/Pico_SDK_v1.5.1/pico-sdk/src/rp2_common/hardware_claim/claim.c.obj
                0x10000478                hw_claim_lock
 .text.hw_claim_unlock
                0x10000490       0x14 hw5/i2c/CMakeFiles/i2c.dir/C_/Program_Files/Raspberry_Pi/Pico_SDK_v1.5.1/pico-sdk/src/rp2_common/hardware_claim/claim.c.obj
                0x10000490                hw_claim_unlock
 .text.hw_claim_or_assert
                0x100004a4       0x32 hw5/i2c/CMakeFiles/i2c.dir/C_/Program_Files/Raspberry_Pi/Pico_SDK_v1.5.1/pico-sdk/src/rp2_common/hardware_claim/claim.c.obj
                0x100004a4                hw_claim_or_assert
 .text.hw_claim_unused_from_range
                0x100004d6       0x50 hw5/i2c/CMakeFiles/i2c.dir/C_/Program_Files/Raspberry_Pi/Pico_SDK_v1.5.1/pico-sdk/src/rp2_common/hardware_claim/claim.c.obj
                0x100004d6                hw_claim_unused_from_range
 *fill*         0x10000526        0x2 
 .text.spin_locks_reset
                0x10000528       0x20 hw5/i2c/CMakeFiles/i2c.dir/C_/Program_Files/Raspberry_Pi/Pico_SDK_v1.5.1/pico-sdk/src/rp2_common/hardware_sync/sync.c.obj
                0x10000528                spin_locks_reset
 .text.next_striped_spin_lock_num
                0x10000548       0x1c hw5/i2c/CMakeFiles/i2c.dir/C_/Program_Files/Raspberry_Pi/Pico_SDK_v1.5.1/pico-sdk/src/rp2_common/hardware_sync/sync.c.obj
                0x10000548                next_striped_spin_lock_num
 .text.spin_lock_claim_unused
                0x10000564       0x20 hw5/i2c/CMakeFiles/i2c.dir/C_/Program_Files/Raspberry_Pi/Pico_SDK_v1.5.1/pico-sdk/src/rp2_common/hardware_sync/sync.c.obj
                0x10000564                spin_lock_claim_unused
 .text.set_raw_irq_handler_and_unlock
                0x10000584       0x28 hw5/i2c/CMakeFiles/i2c.dir/C_/Program_Files/Raspberry_Pi/Pico_SDK_v1.5.1/pico-sdk/src/rp2_common/hardware_irq/irq.c.obj
 .text.make_branch
                0x100005ac       0x48 hw5/i2c/CMakeFiles/i2c.dir/C_/Program_Files/Raspberry_Pi/Pico_SDK_v1.5.1/pico-sdk/src/rp2_common/hardware_irq/irq.c.obj
 .text.insert_branch_and_link
                0x100005f4       0x40 hw5/i2c/CMakeFiles/i2c.dir/C_/Program_Files/Raspberry_Pi/Pico_SDK_v1.5.1/pico-sdk/src/rp2_common/hardware_irq/irq.c.obj
 .text.irq_is_enabled
                0x10000634       0x18 hw5/i2c/CMakeFiles/i2c.dir/C_/Program_Files/Raspberry_Pi/Pico_SDK_v1.5.1/pico-sdk/src/rp2_common/hardware_irq/irq.c.obj
                0x10000634                irq_is_enabled
 .text.irq_set_mask_enabled
                0x1000064c       0x20 hw5/i2c/CMakeFiles/i2c.dir/C_/Program_Files/Raspberry_Pi/Pico_SDK_v1.5.1/pico-sdk/src/rp2_common/hardware_irq/irq.c.obj
                0x1000064c                irq_set_mask_enabled
 .text.irq_set_enabled
                0x1000066c        0xe hw5/i2c/CMakeFiles/i2c.dir/C_/Program_Files/Raspberry_Pi/Pico_SDK_v1.5.1/pico-sdk/src/rp2_common/hardware_irq/irq.c.obj
                0x1000066c                irq_set_enabled
 *fill*         0x1000067a        0x2 
 .text.irq_set_pending
                0x1000067c       0x10 hw5/i2c/CMakeFiles/i2c.dir/C_/Program_Files/Raspberry_Pi/Pico_SDK_v1.5.1/pico-sdk/src/rp2_common/hardware_irq/irq.c.obj
                0x1000067c                irq_set_pending
 .text.irq_get_vtable_handler
                0x1000068c       0x10 hw5/i2c/CMakeFiles/i2c.dir/C_/Program_Files/Raspberry_Pi/Pico_SDK_v1.5.1/pico-sdk/src/rp2_common/hardware_irq/irq.c.obj
                0x1000068c                irq_get_vtable_handler
 .text.irq_has_shared_handler
                0x1000069c       0x24 hw5/i2c/CMakeFiles/i2c.dir/C_/Program_Files/Raspberry_Pi/Pico_SDK_v1.5.1/pico-sdk/src/rp2_common/hardware_irq/irq.c.obj
                0x1000069c                irq_has_shared_handler
 .text.irq_set_exclusive_handler
                0x100006c0       0x54 hw5/i2c/CMakeFiles/i2c.dir/C_/Program_Files/Raspberry_Pi/Pico_SDK_v1.5.1/pico-sdk/src/rp2_common/hardware_irq/irq.c.obj
                0x100006c0                irq_set_exclusive_handler
 .text.irq_add_shared_handler
                0x10000714      0x234 hw5/i2c/CMakeFiles/i2c.dir/C_/Program_Files/Raspberry_Pi/Pico_SDK_v1.5.1/pico-sdk/src/rp2_common/hardware_irq/irq.c.obj
                0x10000714                irq_add_shared_handler
 .text.irq_remove_handler
                0x10000948      0x1ac hw5/i2c/CMakeFiles/i2c.dir/C_/Program_Files/Raspberry_Pi/Pico_SDK_v1.5.1/pico-sdk/src/rp2_common/hardware_irq/irq.c.obj
                0x10000948                irq_remove_handler
 .text.irq_add_tail_to_free_list
                0x10000af4       0xf0 hw5/i2c/CMakeFiles/i2c.dir/C_/Program_Files/Raspberry_Pi/Pico_SDK_v1.5.1/pico-sdk/src/rp2_common/hardware_irq/irq.c.obj
                0x10000af4                irq_add_tail_to_free_list
 .text.irq_init_priorities
                0x10000be4       0x1c hw5/i2c/CMakeFiles/i2c.dir/C_/Program_Files/Raspberry_Pi/Pico_SDK_v1.5.1/pico-sdk/src/rp2_common/hardware_irq/irq.c.obj
                0x10000be4                irq_init_priorities
 .text.user_irq_claim_unused
                0x10000c00       0x28 hw5/i2c/CMakeFiles/i2c.dir/C_/Program_Files/Raspberry_Pi/Pico_SDK_v1.5.1/pico-sdk/src/rp2_common/hardware_irq/irq.c.obj
                0x10000c00                user_irq_claim_unused
 .text.lock_init
                0x10000c28       0x10 hw5/i2c/CMakeFiles/i2c.dir/C_/Program_Files/Raspberry_Pi/Pico_SDK_v1.5.1/pico-sdk/src/common/pico_sync/lock_core.c.obj
                0x10000c28                lock_init
 .text.mutex_init
                0x10000c38       0x1a hw5/i2c/CMakeFiles/i2c.dir/C_/Program_Files/Raspberry_Pi/Pico_SDK_v1.5.1/pico-sdk/src/common/pico_sync/mutex.c.obj
                0x10000c38                mutex_init
 .text.recursive_mutex_init
                0x10000c52       0x1e hw5/i2c/CMakeFiles/i2c.dir/C_/Program_Files/Raspberry_Pi/Pico_SDK_v1.5.1/pico-sdk/src/common/pico_sync/mutex.c.obj
                0x10000c52                recursive_mutex_init
 .text.critical_section_init_with_lock_num
                0x10000c70       0x14 hw5/i2c/CMakeFiles/i2c.dir/C_/Program_Files/Raspberry_Pi/Pico_SDK_v1.5.1/pico-sdk/src/common/pico_sync/critical_section.c.obj
                0x10000c70                critical_section_init_with_lock_num
 .text.critical_section_init
                0x10000c84       0x14 hw5/i2c/CMakeFiles/i2c.dir/C_/Program_Files/Raspberry_Pi/Pico_SDK_v1.5.1/pico-sdk/src/common/pico_sync/critical_section.c.obj
                0x10000c84                critical_section_init
 .text.alarm_pool_post_alloc_init
                0x10000c98       0x40 hw5/i2c/CMakeFiles/i2c.dir/C_/Program_Files/Raspberry_Pi/Pico_SDK_v1.5.1/pico-sdk/src/common/pico_time/time.c.obj
 .text.sleep_until_callback
                0x10000cd8       0x30 hw5/i2c/CMakeFiles/i2c.dir/C_/Program_Files/Raspberry_Pi/Pico_SDK_v1.5.1/pico-sdk/src/common/pico_time/time.c.obj
 .text.timer_pool_entry_comparator
                0x10000d08       0x7c hw5/i2c/CMakeFiles/i2c.dir/C_/Program_Files/Raspberry_Pi/Pico_SDK_v1.5.1/pico-sdk/src/common/pico_time/time.c.obj
                0x10000d08                timer_pool_entry_comparator
 .text.ph_add_child_node
                0x10000d84       0xa4 hw5/i2c/CMakeFiles/i2c.dir/C_/Program_Files/Raspberry_Pi/Pico_SDK_v1.5.1/pico-sdk/src/common/pico_time/time.c.obj
 .text.ph_merge_nodes
                0x10000e28       0x3e hw5/i2c/CMakeFiles/i2c.dir/C_/Program_Files/Raspberry_Pi/Pico_SDK_v1.5.1/pico-sdk/src/common/pico_time/time.c.obj
 *fill*         0x10000e66        0x2 
 .text.add_alarm_under_lock
                0x10000e68      0x174 hw5/i2c/CMakeFiles/i2c.dir/C_/Program_Files/Raspberry_Pi/Pico_SDK_v1.5.1/pico-sdk/src/common/pico_time/time.c.obj
 .text.alarm_pool_alarm_callback
                0x10000fdc      0x33c hw5/i2c/CMakeFiles/i2c.dir/C_/Program_Files/Raspberry_Pi/Pico_SDK_v1.5.1/pico-sdk/src/common/pico_time/time.c.obj
 .text.alarm_pool_init_default
                0x10001318       0x40 hw5/i2c/CMakeFiles/i2c.dir/C_/Program_Files/Raspberry_Pi/Pico_SDK_v1.5.1/pico-sdk/src/common/pico_time/time.c.obj
                0x10001318                alarm_pool_init_default
 .text.alarm_pool_get_default
                0x10001358       0x2c hw5/i2c/CMakeFiles/i2c.dir/C_/Program_Files/Raspberry_Pi/Pico_SDK_v1.5.1/pico-sdk/src/common/pico_time/time.c.obj
                0x10001358                alarm_pool_get_default
 .text.alarm_pool_add_alarm_at
                0x10001384      0x168 hw5/i2c/CMakeFiles/i2c.dir/C_/Program_Files/Raspberry_Pi/Pico_SDK_v1.5.1/pico-sdk/src/common/pico_time/time.c.obj
                0x10001384                alarm_pool_add_alarm_at
 .text.alarm_pool_cancel_alarm
                0x100014ec       0xf8 hw5/i2c/CMakeFiles/i2c.dir/C_/Program_Files/Raspberry_Pi/Pico_SDK_v1.5.1/pico-sdk/src/common/pico_time/time.c.obj
                0x100014ec                alarm_pool_cancel_alarm
 .text.alarm_pool_core_num
                0x100015e4        0x4 hw5/i2c/CMakeFiles/i2c.dir/C_/Program_Files/Raspberry_Pi/Pico_SDK_v1.5.1/pico-sdk/src/common/pico_time/time.c.obj
                0x100015e4                alarm_pool_core_num
 .text.sleep_until
                0x100015e8       0xfc hw5/i2c/CMakeFiles/i2c.dir/C_/Program_Files/Raspberry_Pi/Pico_SDK_v1.5.1/pico-sdk/src/common/pico_time/time.c.obj
                0x100015e8                sleep_until
 .text.sleep_us
                0x100016e4       0x58 hw5/i2c/CMakeFiles/i2c.dir/C_/Program_Files/Raspberry_Pi/Pico_SDK_v1.5.1/pico-sdk/src/common/pico_time/time.c.obj
                0x100016e4                sleep_us
 .text.sleep_ms
                0x1000173c       0x14 hw5/i2c/CMakeFiles/i2c.dir/C_/Program_Files/Raspberry_Pi/Pico_SDK_v1.5.1/pico-sdk/src/common/pico_time/time.c.obj
                0x1000173c                sleep_ms
 .text.best_effort_wfe_or_timeout
                0x10001750       0xac hw5/i2c/CMakeFiles/i2c.dir/C_/Program_Files/Raspberry_Pi/Pico_SDK_v1.5.1/pico-sdk/src/common/pico_time/time.c.obj
                0x10001750                best_effort_wfe_or_timeout
 .text.hardware_alarm_irq_handler
                0x100017fc       0x90 hw5/i2c/CMakeFiles/i2c.dir/C_/Program_Files/Raspberry_Pi/Pico_SDK_v1.5.1/pico-sdk/src/rp2_common/hardware_timer/timer.c.obj
 .text.hardware_alarm_claim
                0x1000188c       0x18 hw5/i2c/CMakeFiles/i2c.dir/C_/Program_Files/Raspberry_Pi/Pico_SDK_v1.5.1/pico-sdk/src/rp2_common/hardware_timer/timer.c.obj
                0x1000188c                hardware_alarm_claim
 .text.time_us_64
                0x100018a4       0x18 hw5/i2c/CMakeFiles/i2c.dir/C_/Program_Files/Raspberry_Pi/Pico_SDK_v1.5.1/pico-sdk/src/rp2_common/hardware_timer/timer.c.obj
                0x100018a4                time_us_64
 .text.busy_wait_until
                0x100018bc       0x28 hw5/i2c/CMakeFiles/i2c.dir/C_/Program_Files/Raspberry_Pi/Pico_SDK_v1.5.1/pico-sdk/src/rp2_common/hardware_timer/timer.c.obj
                0x100018bc                busy_wait_until
 .text.hardware_alarm_set_callback
                0x100018e4       0x90 hw5/i2c/CMakeFiles/i2c.dir/C_/Program_Files/Raspberry_Pi/Pico_SDK_v1.5.1/pico-sdk/src/rp2_common/hardware_timer/timer.c.obj
                0x100018e4                hardware_alarm_set_callback
 .text.hardware_alarm_set_target
                0x10001974       0xe8 hw5/i2c/CMakeFiles/i2c.dir/C_/Program_Files/Raspberry_Pi/Pico_SDK_v1.5.1/pico-sdk/src/rp2_common/hardware_timer/timer.c.obj
                0x10001974                hardware_alarm_set_target
 .text.hardware_alarm_cancel
                0x10001a5c       0x40 hw5/i2c/CMakeFiles/i2c.dir/C_/Program_Files/Raspberry_Pi/Pico_SDK_v1.5.1/pico-sdk/src/rp2_common/hardware_timer/timer.c.obj
                0x10001a5c                hardware_alarm_cancel
 .text.ph_add_child_node
                0x10001a9c       0xa4 hw5/i2c/CMakeFiles/i2c.dir/C_/Program_Files/Raspberry_Pi/Pico_SDK_v1.5.1/pico-sdk/src/common/pico_util/pheap.c.obj
 .text.ph_merge_nodes
                0x10001b40       0x3e hw5/i2c/CMakeFiles/i2c.dir/C_/Program_Files/Raspberry_Pi/Pico_SDK_v1.5.1/pico-sdk/src/common/pico_util/pheap.c.obj
 *fill*         0x10001b7e        0x2 
 .text.ph_clear
                0x10001b80       0x70 hw5/i2c/CMakeFiles/i2c.dir/C_/Program_Files/Raspberry_Pi/Pico_SDK_v1.5.1/pico-sdk/src/common/pico_util/pheap.c.obj
                0x10001b80                ph_clear
 .text.ph_post_alloc_init
                0x10001bf0        0xe hw5/i2c/CMakeFiles/i2c.dir/C_/Program_Files/Raspberry_Pi/Pico_SDK_v1.5.1/pico-sdk/src/common/pico_util/pheap.c.obj
                0x10001bf0                ph_post_alloc_init
 *fill*         0x10001bfe        0x2 
 .text.ph_merge_two_pass
                0x10001c00       0xa8 hw5/i2c/CMakeFiles/i2c.dir/C_/Program_Files/Raspberry_Pi/Pico_SDK_v1.5.1/pico-sdk/src/common/pico_util/pheap.c.obj
                0x10001c00                ph_merge_two_pass
 .text.ph_remove_any_head
                0x10001ca8      0x128 hw5/i2c/CMakeFiles/i2c.dir/C_/Program_Files/Raspberry_Pi/Pico_SDK_v1.5.1/pico-sdk/src/common/pico_util/pheap.c.obj
 .text.ph_remove_head
                0x10001dd0       0x14 hw5/i2c/CMakeFiles/i2c.dir/C_/Program_Files/Raspberry_Pi/Pico_SDK_v1.5.1/pico-sdk/src/common/pico_util/pheap.c.obj
                0x10001dd0                ph_remove_head
 .text.ph_remove_and_free_node
                0x10001de4       0xf8 hw5/i2c/CMakeFiles/i2c.dir/C_/Program_Files/Raspberry_Pi/Pico_SDK_v1.5.1/pico-sdk/src/common/pico_util/pheap.c.obj
                0x10001de4                ph_remove_and_free_node
 .text.clock_configure
                0x10001edc      0x108 hw5/i2c/CMakeFiles/i2c.dir/C_/Program_Files/Raspberry_Pi/Pico_SDK_v1.5.1/pico-sdk/src/rp2_common/hardware_clocks/clocks.c.obj
                0x10001edc                clock_configure
 .text.clocks_init
                0x10001fe4      0x100 hw5/i2c/CMakeFiles/i2c.dir/C_/Program_Files/Raspberry_Pi/Pico_SDK_v1.5.1/pico-sdk/src/rp2_common/hardware_clocks/clocks.c.obj
                0x10001fe4                clocks_init
 .text.clock_get_hz
                0x100020e4        0xc hw5/i2c/CMakeFiles/i2c.dir/C_/Program_Files/Raspberry_Pi/Pico_SDK_v1.5.1/pico-sdk/src/rp2_common/hardware_clocks/clocks.c.obj
                0x100020e4                clock_get_hz
 .text.pll_init
                0x100020f0      0x120 hw5/i2c/CMakeFiles/i2c.dir/C_/Program_Files/Raspberry_Pi/Pico_SDK_v1.5.1/pico-sdk/src/rp2_common/hardware_pll/pll.c.obj
                0x100020f0                pll_init
 .text.watchdog_start_tick
                0x10002210       0x10 hw5/i2c/CMakeFiles/i2c.dir/C_/Program_Files/Raspberry_Pi/Pico_SDK_v1.5.1/pico-sdk/src/rp2_common/hardware_watchdog/watchdog.c.obj
                0x10002210                watchdog_start_tick
 .text.watchdog_update
                0x10002220       0x14 hw5/i2c/CMakeFiles/i2c.dir/C_/Program_Files/Raspberry_Pi/Pico_SDK_v1.5.1/pico-sdk/src/rp2_common/hardware_watchdog/watchdog.c.obj
                0x10002220                watchdog_update
 .text._watchdog_enable
                0x10002234       0x78 hw5/i2c/CMakeFiles/i2c.dir/C_/Program_Files/Raspberry_Pi/Pico_SDK_v1.5.1/pico-sdk/src/rp2_common/hardware_watchdog/watchdog.c.obj
                0x10002234                _watchdog_enable
 .text.watchdog_reboot
                0x100022ac       0x48 hw5/i2c/CMakeFiles/i2c.dir/C_/Program_Files/Raspberry_Pi/Pico_SDK_v1.5.1/pico-sdk/src/rp2_common/hardware_watchdog/watchdog.c.obj
                0x100022ac                watchdog_reboot
 .text.xosc_init
                0x100022f4       0x28 hw5/i2c/CMakeFiles/i2c.dir/C_/Program_Files/Raspberry_Pi/Pico_SDK_v1.5.1/pico-sdk/src/rp2_common/hardware_xosc/xosc.c.obj
                0x100022f4                xosc_init
 .text._exit    0x1000231c        0x4 hw5/i2c/CMakeFiles/i2c.dir/C_/Program_Files/Raspberry_Pi/Pico_SDK_v1.5.1/pico-sdk/src/rp2_common/pico_runtime/runtime.c.obj
                0x1000231c                _exit
 .text.exit     0x10002320        0x6 hw5/i2c/CMakeFiles/i2c.dir/C_/Program_Files/Raspberry_Pi/Pico_SDK_v1.5.1/pico-sdk/src/rp2_common/pico_runtime/runtime.c.obj
                0x10002320                exit
 *fill*         0x10002326        0x2 
 .text.__assert_func
                0x10002328       0x3c hw5/i2c/CMakeFiles/i2c.dir/C_/Program_Files/Raspberry_Pi/Pico_SDK_v1.5.1/pico-sdk/src/rp2_common/pico_runtime/runtime.c.obj
                0x10002328                __assert_func
 .text.runtime_init
                0x10002364       0xf8 hw5/i2c/CMakeFiles/i2c.dir/C_/Program_Files/Raspberry_Pi/Pico_SDK_v1.5.1/pico-sdk/src/rp2_common/pico_runtime/runtime.c.obj
                0x10002364                runtime_init
 .text.panic    0x1000245c       0x30 hw5/i2c/CMakeFiles/i2c.dir/C_/Program_Files/Raspberry_Pi/Pico_SDK_v1.5.1/pico-sdk/src/rp2_common/pico_runtime/runtime.c.obj
                0x1000245c                panic
 .text._out_null
                0x1000248c        0x2 hw5/i2c/CMakeFiles/i2c.dir/C_/Program_Files/Raspberry_Pi/Pico_SDK_v1.5.1/pico-sdk/src/rp2_common/pico_printf/printf.c.obj
 .text._out_fct
                0x1000248e        0xe hw5/i2c/CMakeFiles/i2c.dir/C_/Program_Files/Raspberry_Pi/Pico_SDK_v1.5.1/pico-sdk/src/rp2_common/pico_printf/printf.c.obj
 .text._atoi    0x1000249c       0x24 hw5/i2c/CMakeFiles/i2c.dir/C_/Program_Files/Raspberry_Pi/Pico_SDK_v1.5.1/pico-sdk/src/rp2_common/pico_printf/printf.c.obj
 .text._out_rev
                0x100024c0       0xae hw5/i2c/CMakeFiles/i2c.dir/C_/Program_Files/Raspberry_Pi/Pico_SDK_v1.5.1/pico-sdk/src/rp2_common/pico_printf/printf.c.obj
 .text._ntoa_format
                0x1000256e      0x112 hw5/i2c/CMakeFiles/i2c.dir/C_/Program_Files/Raspberry_Pi/Pico_SDK_v1.5.1/pico-sdk/src/rp2_common/pico_printf/printf.c.obj
 .text._ntoa_long
                0x10002680       0xbc hw5/i2c/CMakeFiles/i2c.dir/C_/Program_Files/Raspberry_Pi/Pico_SDK_v1.5.1/pico-sdk/src/rp2_common/pico_printf/printf.c.obj
 .text._ntoa_long_long
                0x1000273c       0xe2 hw5/i2c/CMakeFiles/i2c.dir/C_/Program_Files/Raspberry_Pi/Pico_SDK_v1.5.1/pico-sdk/src/rp2_common/pico_printf/printf.c.obj
 *fill*         0x1000281e        0x2 
 .text._etoa    0x10002820      0x414 hw5/i2c/CMakeFiles/i2c.dir/C_/Program_Files/Raspberry_Pi/Pico_SDK_v1.5.1/pico-sdk/src/rp2_common/pico_printf/printf.c.obj
 .text._ftoa    0x10002c34      0x354 hw5/i2c/CMakeFiles/i2c.dir/C_/Program_Files/Raspberry_Pi/Pico_SDK_v1.5.1/pico-sdk/src/rp2_common/pico_printf/printf.c.obj
 .text._vsnprintf
                0x10002f88      0x624 hw5/i2c/CMakeFiles/i2c.dir/C_/Program_Files/Raspberry_Pi/Pico_SDK_v1.5.1/pico-sdk/src/rp2_common/pico_printf/printf.c.obj
 .text.vfctprintf
                0x100035ac       0x20 hw5/i2c/CMakeFiles/i2c.dir/C_/Program_Files/Raspberry_Pi/Pico_SDK_v1.5.1/pico-sdk/src/rp2_common/pico_printf/printf.c.obj
                0x100035ac                vfctprintf
 .text          0x100035cc       0x10 hw5/i2c/CMakeFiles/i2c.dir/C_/Program_Files/Raspberry_Pi/Pico_SDK_v1.5.1/pico-sdk/src/rp2_common/pico_bit_ops/bit_ops_aeabi.S.obj
 .text.rom_func_lookup
                0x100035dc       0x10 hw5/i2c/CMakeFiles/i2c.dir/C_/Program_Files/Raspberry_Pi/Pico_SDK_v1.5.1/pico-sdk/src/rp2_common/pico_bootrom/bootrom.c.obj
                0x100035dc                rom_func_lookup
 .text.rom_data_lookup
                0x100035ec       0x10 hw5/i2c/CMakeFiles/i2c.dir/C_/Program_Files/Raspberry_Pi/Pico_SDK_v1.5.1/pico-sdk/src/rp2_common/pico_bootrom/bootrom.c.obj
                0x100035ec                rom_data_lookup
 .text.rom_funcs_lookup
                0x100035fc       0x36 hw5/i2c/CMakeFiles/i2c.dir/C_/Program_Files/Raspberry_Pi/Pico_SDK_v1.5.1/pico-sdk/src/rp2_common/pico_bootrom/bootrom.c.obj
                0x100035fc                rom_funcs_lookup
 *fill*         0x10003632        0x2 
 .text.__wrap___aeabi_idiv
                0x10003634       0x50 hw5/i2c/CMakeFiles/i2c.dir/C_/Program_Files/Raspberry_Pi/Pico_SDK_v1.5.1/pico-sdk/src/rp2_common/pico_divider/divider.S.obj
                0x10003634                __wrap___aeabi_idivmod
                0x10003634                divmod_s32s32
                0x10003634                div_s32s32
                0x10003634                __wrap___aeabi_idiv
                0x1000363c                divmod_s32s32_unsafe
                0x10003668                divmod_s32s32_savestate
 .text.__wrap___aeabi_uidiv
                0x10003684       0x4c hw5/i2c/CMakeFiles/i2c.dir/C_/Program_Files/Raspberry_Pi/Pico_SDK_v1.5.1/pico-sdk/src/rp2_common/pico_divider/divider.S.obj
                0x10003684                __wrap___aeabi_uidiv
                0x10003684                __wrap___aeabi_uidivmod
                0x10003684                div_u32u32
                0x10003684                divmod_u32u32
                0x1000368c                divmod_u32u32_unsafe
                0x100036b4                divmod_u32u32_savestate
 .text.__wrap___aeabi_ldiv
                0x100036d0      0x424 hw5/i2c/CMakeFiles/i2c.dir/C_/Program_Files/Raspberry_Pi/Pico_SDK_v1.5.1/pico-sdk/src/rp2_common/pico_divider/divider.S.obj
                0x100036d0                div_s64s64
                0x100036d0                divmod_s64s64
                0x100036d0                __wrap___aeabi_ldivmod
                0x10003700                divmod_u64u64
                0x10003700                div_u64u64
                0x10003700                __wrap___aeabi_uldivmod
                0x10003710                divmod_u64u64_savestate
                0x10003730                divmod_s64s64_unsafe
                0x100037b8                divmod_u64u64_unsafe
 .text.__wrap___aeabi_darithmetic
                0x10003af4       0x80 hw5/i2c/CMakeFiles/i2c.dir/C_/Program_Files/Raspberry_Pi/Pico_SDK_v1.5.1/pico-sdk/src/rp2_common/pico_double/double_aeabi.S.obj
                0x10003af4                __wrap___aeabi_drsub
                0x10003afa                __wrap___aeabi_dsub
                0x10003b0c                __wrap___aeabi_dadd
                0x10003b1e                __wrap___aeabi_ddiv
                0x10003b5a                __wrap___aeabi_dmul
 .text.__wrap___aeabi_cdcmple
                0x10003b74       0x6c hw5/i2c/CMakeFiles/i2c.dir/C_/Program_Files/Raspberry_Pi/Pico_SDK_v1.5.1/pico-sdk/src/rp2_common/pico_double/double_aeabi.S.obj
                0x10003b74                __wrap___aeabi_cdrcmple
                0x10003b84                __wrap___aeabi_cdcmpeq
                0x10003b84                __wrap___aeabi_cdcmple
 .text.__wrap___aeabi_dcmplt
                0x10003be0        0xc hw5/i2c/CMakeFiles/i2c.dir/C_/Program_Files/Raspberry_Pi/Pico_SDK_v1.5.1/pico-sdk/src/rp2_common/pico_double/double_aeabi.S.obj
                0x10003be0                __wrap___aeabi_dcmplt
 .text.__wrap___aeabi_dcmple
                0x10003bec       0x10 hw5/i2c/CMakeFiles/i2c.dir/C_/Program_Files/Raspberry_Pi/Pico_SDK_v1.5.1/pico-sdk/src/rp2_common/pico_double/double_aeabi.S.obj
                0x10003bec                __wrap___aeabi_dcmple
 .text.__wrap___aeabi_dcmpge
                0x10003bfc       0x10 hw5/i2c/CMakeFiles/i2c.dir/C_/Program_Files/Raspberry_Pi/Pico_SDK_v1.5.1/pico-sdk/src/rp2_common/pico_double/double_aeabi.S.obj
                0x10003bfc                __wrap___aeabi_dcmpge
 .text.__wrap___aeabi_dcmpgt
                0x10003c0c        0xa hw5/i2c/CMakeFiles/i2c.dir/C_/Program_Files/Raspberry_Pi/Pico_SDK_v1.5.1/pico-sdk/src/rp2_common/pico_double/double_aeabi.S.obj
                0x10003c0c                __wrap___aeabi_dcmpgt
 .text.__wrap___aeabi_dcmpun
                0x10003c16       0x1c hw5/i2c/CMakeFiles/i2c.dir/C_/Program_Files/Raspberry_Pi/Pico_SDK_v1.5.1/pico-sdk/src/rp2_common/pico_double/double_aeabi.S.obj
                0x10003c16                __wrap___aeabi_dcmpun
 *fill*         0x10003c32        0x2 
 .text.__wrap___aeabi_i2d
                0x10003c34       0x38 hw5/i2c/CMakeFiles/i2c.dir/C_/Program_Files/Raspberry_Pi/Pico_SDK_v1.5.1/pico-sdk/src/rp2_common/pico_double/double_aeabi.S.obj
                0x10003c34                __wrap___aeabi_ui2d
                0x10003c3c                __wrap___aeabi_i2d
 .text.__wrap___aeabi_d2iz
                0x10003c6c       0x48 hw5/i2c/CMakeFiles/i2c.dir/C_/Program_Files/Raspberry_Pi/Pico_SDK_v1.5.1/pico-sdk/src/rp2_common/pico_double/double_aeabi.S.obj
                0x10003c6c                double2int_z
                0x10003c6c                __wrap___aeabi_d2iz
 .text.__wrap___aeabi_d2uiz
                0x10003cb4       0x18 hw5/i2c/CMakeFiles/i2c.dir/C_/Program_Files/Raspberry_Pi/Pico_SDK_v1.5.1/pico-sdk/src/rp2_common/pico_double/double_aeabi.S.obj
                0x10003cb4                __wrap___aeabi_d2uiz
                0x10003cb4                double2uint
 .text.__aeabi_double_init
                0x10003ccc       0xc8 hw5/i2c/CMakeFiles/i2c.dir/C_/Program_Files/Raspberry_Pi/Pico_SDK_v1.5.1/pico-sdk/src/rp2_common/pico_double/double_init_rom.c.obj
                0x10003ccc                __aeabi_double_init
 .text.double_table_shim_on_use_helper
                0x10003d94       0x34 hw5/i2c/CMakeFiles/i2c.dir/C_/Program_Files/Raspberry_Pi/Pico_SDK_v1.5.1/pico-sdk/src/rp2_common/pico_double/double_v1_rom_shim.S.obj
                0x10003d94                double_table_shim_on_use_helper
 .text.__wrap___aeabi_dsub
                0x10003dc8       0x10 hw5/i2c/CMakeFiles/i2c.dir/C_/Program_Files/Raspberry_Pi/Pico_SDK_v1.5.1/pico-sdk/src/rp2_common/pico_double/double_v1_rom_shim.S.obj
                0x10003dc8                drsub_shim
                0x10003dce                dsub_shim
 .text.dadd_shim
                0x10003dd8      0x15c hw5/i2c/CMakeFiles/i2c.dir/C_/Program_Files/Raspberry_Pi/Pico_SDK_v1.5.1/pico-sdk/src/rp2_common/pico_double/double_v1_rom_shim.S.obj
                0x10003dd8                dadd_shim
 .text.dmul_shim
                0x10003f34      0x15c hw5/i2c/CMakeFiles/i2c.dir/C_/Program_Files/Raspberry_Pi/Pico_SDK_v1.5.1/pico-sdk/src/rp2_common/pico_double/double_v1_rom_shim.S.obj
                0x10003f34                dmul_shim
 .text.ddiv_shim
                0x10004090      0x1b0 hw5/i2c/CMakeFiles/i2c.dir/C_/Program_Files/Raspberry_Pi/Pico_SDK_v1.5.1/pico-sdk/src/rp2_common/pico_double/double_v1_rom_shim.S.obj
                0x10004090                ddiv_shim
 .text.double2uint_shim
                0x10004240        0xe hw5/i2c/CMakeFiles/i2c.dir/C_/Program_Files/Raspberry_Pi/Pico_SDK_v1.5.1/pico-sdk/src/rp2_common/pico_double/double_v1_rom_shim.S.obj
                0x10004240                double2uint_shim
                0x10004242                double2ufix_shim
 *fill*         0x1000424e        0x2 
 .text.double2uint64_shim
                0x10004250       0x70 hw5/i2c/CMakeFiles/i2c.dir/C_/Program_Files/Raspberry_Pi/Pico_SDK_v1.5.1/pico-sdk/src/rp2_common/pico_double/double_v1_rom_shim.S.obj
                0x10004250                double2uint64_shim
                0x10004252                double2ufix64_shim
                0x10004272                d2fix_a
 .text.dunpacks
                0x100042c0       0x3c hw5/i2c/CMakeFiles/i2c.dir/C_/Program_Files/Raspberry_Pi/Pico_SDK_v1.5.1/pico-sdk/src/rp2_common/pico_double/double_v1_rom_shim.S.obj
                0x100042c0                dunpacks
 .text.__aeabi_lmul
                0x100042fc       0x32 hw5/i2c/CMakeFiles/i2c.dir/C_/Program_Files/Raspberry_Pi/Pico_SDK_v1.5.1/pico-sdk/src/rp2_common/pico_int64_ops/pico_int64_ops_aeabi.S.obj
                0x100042fc                __wrap___aeabi_lmul
 *fill*         0x1000432e        0x2 
 .text.__aeabi_float_init
                0x10004330       0xfc hw5/i2c/CMakeFiles/i2c.dir/C_/Program_Files/Raspberry_Pi/Pico_SDK_v1.5.1/pico-sdk/src/rp2_common/pico_float/float_init_rom.c.obj
                0x10004330                __aeabi_float_init
 .text.float_table_shim_on_use_helper
                0x1000442c       0x34 hw5/i2c/CMakeFiles/i2c.dir/C_/Program_Files/Raspberry_Pi/Pico_SDK_v1.5.1/pico-sdk/src/rp2_common/pico_float/float_v1_rom_shim.S.obj
                0x1000442c                float_table_shim_on_use_helper
 .text          0x10004460       0x10 hw5/i2c/CMakeFiles/i2c.dir/C_/Program_Files/Raspberry_Pi/Pico_SDK_v1.5.1/pico-sdk/src/rp2_common/pico_mem_ops/mem_ops_aeabi.S.obj
                0x10004460                __aeabi_mem_init
 .text.memset   0x10004470        0xc hw5/i2c/CMakeFiles/i2c.dir/C_/Program_Files/Raspberry_Pi/Pico_SDK_v1.5.1/pico-sdk/src/rp2_common/pico_mem_ops/mem_ops_aeabi.S.obj
                0x10004470                __wrap_memset
 .text.memcpy   0x1000447c        0xc hw5/i2c/CMakeFiles/i2c.dir/C_/Program_Files/Raspberry_Pi/Pico_SDK_v1.5.1/pico-sdk/src/rp2_common/pico_mem_ops/mem_ops_aeabi.S.obj
                0x1000447c                __wrap_memcpy
                0x1000447c                __wrap___aeabi_memcpy
 .text.stdio_out_chars_no_crlf
                0x10004488        0xe hw5/i2c/CMakeFiles/i2c.dir/C_/Program_Files/Raspberry_Pi/Pico_SDK_v1.5.1/pico-sdk/src/rp2_common/pico_stdio/stdio.c.obj
 *fill*         0x10004496        0x2 
 .text.stdio_out_chars_crlf
                0x10004498       0x80 hw5/i2c/CMakeFiles/i2c.dir/C_/Program_Files/Raspberry_Pi/Pico_SDK_v1.5.1/pico-sdk/src/rp2_common/pico_stdio/stdio.c.obj
 .text.stdio_stack_buffer_flush
                0x10004518       0x44 hw5/i2c/CMakeFiles/i2c.dir/C_/Program_Files/Raspberry_Pi/Pico_SDK_v1.5.1/pico-sdk/src/rp2_common/pico_stdio/stdio.c.obj
 .text.stdio_buffered_printer
                0x1000455c       0x20 hw5/i2c/CMakeFiles/i2c.dir/C_/Program_Files/Raspberry_Pi/Pico_SDK_v1.5.1/pico-sdk/src/rp2_common/pico_stdio/stdio.c.obj
 .text.stdout_serialize_begin
                0x1000457c       0x5c hw5/i2c/CMakeFiles/i2c.dir/C_/Program_Files/Raspberry_Pi/Pico_SDK_v1.5.1/pico-sdk/src/rp2_common/pico_stdio/stdio.c.obj
                0x1000457c                stdout_serialize_begin
 .text.stdout_serialize_end
                0x100045d8       0x10 hw5/i2c/CMakeFiles/i2c.dir/C_/Program_Files/Raspberry_Pi/Pico_SDK_v1.5.1/pico-sdk/src/rp2_common/pico_stdio/stdio.c.obj
                0x100045d8                stdout_serialize_end
 .text.stdio_put_string
                0x100045e8       0x98 hw5/i2c/CMakeFiles/i2c.dir/C_/Program_Files/Raspberry_Pi/Pico_SDK_v1.5.1/pico-sdk/src/rp2_common/pico_stdio/stdio.c.obj
 .text.stdio_set_driver_enabled
                0x10004680       0x2c hw5/i2c/CMakeFiles/i2c.dir/C_/Program_Files/Raspberry_Pi/Pico_SDK_v1.5.1/pico-sdk/src/rp2_common/pico_stdio/stdio.c.obj
                0x10004680                stdio_set_driver_enabled
 .text.stdio_flush
                0x100046ac       0x20 hw5/i2c/CMakeFiles/i2c.dir/C_/Program_Files/Raspberry_Pi/Pico_SDK_v1.5.1/pico-sdk/src/rp2_common/pico_stdio/stdio.c.obj
                0x100046ac                stdio_flush
 .text.__wrap_puts
                0x100046cc       0x1e hw5/i2c/CMakeFiles/i2c.dir/C_/Program_Files/Raspberry_Pi/Pico_SDK_v1.5.1/pico-sdk/src/rp2_common/pico_stdio/stdio.c.obj
                0x100046cc                __wrap_puts
 *fill*         0x100046ea        0x2 
 .text.__wrap_vprintf
                0x100046ec       0x40 hw5/i2c/CMakeFiles/i2c.dir/C_/Program_Files/Raspberry_Pi/Pico_SDK_v1.5.1/pico-sdk/src/rp2_common/pico_stdio/stdio.c.obj
                0x100046ec                __wrap_vprintf
 .text.__wrap_printf
                0x1000472c       0x18 hw5/i2c/CMakeFiles/i2c.dir/C_/Program_Files/Raspberry_Pi/Pico_SDK_v1.5.1/pico-sdk/src/rp2_common/pico_stdio/stdio.c.obj
                0x1000472c                __wrap_printf
 .text.stdio_init_all
                0x10004744        0x8 hw5/i2c/CMakeFiles/i2c.dir/C_/Program_Files/Raspberry_Pi/Pico_SDK_v1.5.1/pico-sdk/src/rp2_common/pico_stdio/stdio.c.obj
                0x10004744                stdio_init_all
 .text.resetd_init
                0x1000474c        0x2 hw5/i2c/CMakeFiles/i2c.dir/C_/Program_Files/Raspberry_Pi/Pico_SDK_v1.5.1/pico-sdk/src/rp2_common/pico_stdio_usb/reset_interface.c.obj
 *fill*         0x1000474e        0x2 
 .text.resetd_reset
                0x10004750        0xc hw5/i2c/CMakeFiles/i2c.dir/C_/Program_Files/Raspberry_Pi/Pico_SDK_v1.5.1/pico-sdk/src/rp2_common/pico_stdio_usb/reset_interface.c.obj
 .text.resetd_open
                0x1000475c       0x34 hw5/i2c/CMakeFiles/i2c.dir/C_/Program_Files/Raspberry_Pi/Pico_SDK_v1.5.1/pico-sdk/src/rp2_common/pico_stdio_usb/reset_interface.c.obj
 .text.resetd_xfer_cb
                0x10004790        0x4 hw5/i2c/CMakeFiles/i2c.dir/C_/Program_Files/Raspberry_Pi/Pico_SDK_v1.5.1/pico-sdk/src/rp2_common/pico_stdio_usb/reset_interface.c.obj
 .text.reset_usb_boot
                0x10004794       0x18 hw5/i2c/CMakeFiles/i2c.dir/C_/Program_Files/Raspberry_Pi/Pico_SDK_v1.5.1/pico-sdk/src/rp2_common/pico_stdio_usb/reset_interface.c.obj
 .text.resetd_control_xfer_cb
                0x100047ac       0x5c hw5/i2c/CMakeFiles/i2c.dir/C_/Program_Files/Raspberry_Pi/Pico_SDK_v1.5.1/pico-sdk/src/rp2_common/pico_stdio_usb/reset_interface.c.obj
 .text.usbd_app_driver_get_cb
                0x10004808        0xc hw5/i2c/CMakeFiles/i2c.dir/C_/Program_Files/Raspberry_Pi/Pico_SDK_v1.5.1/pico-sdk/src/rp2_common/pico_stdio_usb/reset_interface.c.obj
                0x10004808                usbd_app_driver_get_cb
 .text.tud_cdc_line_coding_cb
                0x10004814       0x28 hw5/i2c/CMakeFiles/i2c.dir/C_/Program_Files/Raspberry_Pi/Pico_SDK_v1.5.1/pico-sdk/src/rp2_common/pico_stdio_usb/reset_interface.c.obj
                0x10004814                tud_cdc_line_coding_cb
 .text.stdio_usb_set_chars_available_callback
                0x1000483c       0x14 hw5/i2c/CMakeFiles/i2c.dir/C_/Program_Files/Raspberry_Pi/Pico_SDK_v1.5.1/pico-sdk/src/rp2_common/pico_stdio_usb/stdio_usb.c.obj
                0x1000483c                stdio_usb_set_chars_available_callback
 .text.usb_irq  0x10004850       0x10 hw5/i2c/CMakeFiles/i2c.dir/C_/Program_Files/Raspberry_Pi/Pico_SDK_v1.5.1/pico-sdk/src/rp2_common/pico_stdio_usb/stdio_usb.c.obj
 .text.timer_task
                0x10004860       0x5c hw5/i2c/CMakeFiles/i2c.dir/C_/Program_Files/Raspberry_Pi/Pico_SDK_v1.5.1/pico-sdk/src/rp2_common/pico_stdio_usb/stdio_usb.c.obj
 .text.low_priority_worker_irq
                0x100048bc       0xdc hw5/i2c/CMakeFiles/i2c.dir/C_/Program_Files/Raspberry_Pi/Pico_SDK_v1.5.1/pico-sdk/src/rp2_common/pico_stdio_usb/stdio_usb.c.obj
 .text.tud_cdc_rx_cb
                0x10004998       0x20 hw5/i2c/CMakeFiles/i2c.dir/C_/Program_Files/Raspberry_Pi/Pico_SDK_v1.5.1/pico-sdk/src/rp2_common/pico_stdio_usb/stdio_usb.c.obj
                0x10004998                tud_cdc_rx_cb
 .text.stdio_usb_init
                0x100049b8      0x11c hw5/i2c/CMakeFiles/i2c.dir/C_/Program_Files/Raspberry_Pi/Pico_SDK_v1.5.1/pico-sdk/src/rp2_common/pico_stdio_usb/stdio_usb.c.obj
                0x100049b8                stdio_usb_init
 .text.stdio_usb_connected
                0x10004ad4        0xa hw5/i2c/CMakeFiles/i2c.dir/C_/Program_Files/Raspberry_Pi/Pico_SDK_v1.5.1/pico-sdk/src/rp2_common/pico_stdio_usb/stdio_usb.c.obj
                0x10004ad4                stdio_usb_connected
 *fill*         0x10004ade        0x2 
 .text.stdio_usb_in_chars
                0x10004ae0       0xc4 hw5/i2c/CMakeFiles/i2c.dir/C_/Program_Files/Raspberry_Pi/Pico_SDK_v1.5.1/pico-sdk/src/rp2_common/pico_stdio_usb/stdio_usb.c.obj
                0x10004ae0                stdio_usb_in_chars
 .text.stdio_usb_out_chars
                0x10004ba4      0x114 hw5/i2c/CMakeFiles/i2c.dir/C_/Program_Files/Raspberry_Pi/Pico_SDK_v1.5.1/pico-sdk/src/rp2_common/pico_stdio_usb/stdio_usb.c.obj
 .text.tud_descriptor_device_cb
                0x10004cb8        0x8 hw5/i2c/CMakeFiles/i2c.dir/C_/Program_Files/Raspberry_Pi/Pico_SDK_v1.5.1/pico-sdk/src/rp2_common/pico_stdio_usb/stdio_usb_descriptors.c.obj
                0x10004cb8                tud_descriptor_device_cb
 .text.tud_descriptor_configuration_cb
                0x10004cc0        0x8 hw5/i2c/CMakeFiles/i2c.dir/C_/Program_Files/Raspberry_Pi/Pico_SDK_v1.5.1/pico-sdk/src/rp2_common/pico_stdio_usb/stdio_usb_descriptors.c.obj
                0x10004cc0                tud_descriptor_configuration_cb
 .text.tud_descriptor_string_cb
                0x10004cc8       0x6c hw5/i2c/CMakeFiles/i2c.dir/C_/Program_Files/Raspberry_Pi/Pico_SDK_v1.5.1/pico-sdk/src/rp2_common/pico_stdio_usb/stdio_usb_descriptors.c.obj
                0x10004cc8                tud_descriptor_string_cb
 .text._retrieve_unique_id_on_boot
                0x10004d34       0x10 hw5/i2c/CMakeFiles/i2c.dir/C_/Program_Files/Raspberry_Pi/Pico_SDK_v1.5.1/pico-sdk/src/rp2_common/pico_unique_id/unique_id.c.obj
 .text.pico_get_unique_board_id_string
                0x10004d44       0x60 hw5/i2c/CMakeFiles/i2c.dir/C_/Program_Files/Raspberry_Pi/Pico_SDK_v1.5.1/pico-sdk/src/rp2_common/pico_unique_id/unique_id.c.obj
                0x10004d44                pico_get_unique_board_id_string
 .text.flash_get_unique_id
                0x10004da4       0x46 hw5/i2c/CMakeFiles/i2c.dir/C_/Program_Files/Raspberry_Pi/Pico_SDK_v1.5.1/pico-sdk/src/rp2_common/hardware_flash/flash.c.obj
                0x10004da4                flash_get_unique_id
 *fill*         0x10004dea        0x2 
 .text.hw_endpoint_get_by_addr
                0x10004dec       0x18 hw5/i2c/CMakeFiles/i2c.dir/C_/Program_Files/Raspberry_Pi/Pico_SDK_v1.5.1/pico-sdk/lib/tinyusb/src/portable/raspberrypi/rp2040/dcd_rp2040.c.obj
 .text._hw_endpoint_alloc
                0x10004e04       0x70 hw5/i2c/CMakeFiles/i2c.dir/C_/Program_Files/Raspberry_Pi/Pico_SDK_v1.5.1/pico-sdk/lib/tinyusb/src/portable/raspberrypi/rp2040/dcd_rp2040.c.obj
 .text.hw_endpoint_init
                0x10004e74       0x88 hw5/i2c/CMakeFiles/i2c.dir/C_/Program_Files/Raspberry_Pi/Pico_SDK_v1.5.1/pico-sdk/lib/tinyusb/src/portable/raspberrypi/rp2040/dcd_rp2040.c.obj
 .text.hw_endpoint_xfer
                0x10004efc       0x14 hw5/i2c/CMakeFiles/i2c.dir/C_/Program_Files/Raspberry_Pi/Pico_SDK_v1.5.1/pico-sdk/lib/tinyusb/src/portable/raspberrypi/rp2040/dcd_rp2040.c.obj
 .text.dcd_int_enable
                0x10004f10       0x2c hw5/i2c/CMakeFiles/i2c.dir/C_/Program_Files/Raspberry_Pi/Pico_SDK_v1.5.1/pico-sdk/lib/tinyusb/src/portable/raspberrypi/rp2040/dcd_rp2040.c.obj
                0x10004f10                dcd_int_enable
 .text.dcd_set_address
                0x10004f3c       0x2c hw5/i2c/CMakeFiles/i2c.dir/C_/Program_Files/Raspberry_Pi/Pico_SDK_v1.5.1/pico-sdk/lib/tinyusb/src/portable/raspberrypi/rp2040/dcd_rp2040.c.obj
                0x10004f3c                dcd_set_address
 .text.dcd_connect
                0x10004f68       0x10 hw5/i2c/CMakeFiles/i2c.dir/C_/Program_Files/Raspberry_Pi/Pico_SDK_v1.5.1/pico-sdk/lib/tinyusb/src/portable/raspberrypi/rp2040/dcd_rp2040.c.obj
                0x10004f68                dcd_connect
 .text.dcd_init
                0x10004f78       0x80 hw5/i2c/CMakeFiles/i2c.dir/C_/Program_Files/Raspberry_Pi/Pico_SDK_v1.5.1/pico-sdk/lib/tinyusb/src/portable/raspberrypi/rp2040/dcd_rp2040.c.obj
                0x10004f78                dcd_init
 .text.dcd_edpt0_status_complete
                0x10004ff8       0x1c hw5/i2c/CMakeFiles/i2c.dir/C_/Program_Files/Raspberry_Pi/Pico_SDK_v1.5.1/pico-sdk/lib/tinyusb/src/portable/raspberrypi/rp2040/dcd_rp2040.c.obj
                0x10004ff8                dcd_edpt0_status_complete
 .text.dcd_edpt_open
                0x10005014       0x40 hw5/i2c/CMakeFiles/i2c.dir/C_/Program_Files/Raspberry_Pi/Pico_SDK_v1.5.1/pico-sdk/lib/tinyusb/src/portable/raspberrypi/rp2040/dcd_rp2040.c.obj
                0x10005014                dcd_edpt_open
 .text.dcd_edpt_close_all
                0x10005054        0x8 hw5/i2c/CMakeFiles/i2c.dir/C_/Program_Files/Raspberry_Pi/Pico_SDK_v1.5.1/pico-sdk/lib/tinyusb/src/portable/raspberrypi/rp2040/dcd_rp2040.c.obj
                0x10005054                dcd_edpt_close_all
 .text.dcd_edpt_xfer
                0x1000505c       0x34 hw5/i2c/CMakeFiles/i2c.dir/C_/Program_Files/Raspberry_Pi/Pico_SDK_v1.5.1/pico-sdk/lib/tinyusb/src/portable/raspberrypi/rp2040/dcd_rp2040.c.obj
                0x1000505c                dcd_edpt_xfer
 .text.dcd_edpt_stall
                0x10005090       0x2c hw5/i2c/CMakeFiles/i2c.dir/C_/Program_Files/Raspberry_Pi/Pico_SDK_v1.5.1/pico-sdk/lib/tinyusb/src/portable/raspberrypi/rp2040/dcd_rp2040.c.obj
                0x10005090                dcd_edpt_stall
 .text.dcd_edpt_clear_stall
                0x100050bc       0x20 hw5/i2c/CMakeFiles/i2c.dir/C_/Program_Files/Raspberry_Pi/Pico_SDK_v1.5.1/pico-sdk/lib/tinyusb/src/portable/raspberrypi/rp2040/dcd_rp2040.c.obj
                0x100050bc                dcd_edpt_clear_stall
 .text.rp2040_usb_init
                0x100050dc       0x4c hw5/i2c/CMakeFiles/i2c.dir/C_/Program_Files/Raspberry_Pi/Pico_SDK_v1.5.1/pico-sdk/lib/tinyusb/src/portable/raspberrypi/rp2040/rp2040_usb.c.obj
                0x100050dc                rp2040_usb_init
 .text.hw_endpoint_xfer_start
                0x10005128       0x50 hw5/i2c/CMakeFiles/i2c.dir/C_/Program_Files/Raspberry_Pi/Pico_SDK_v1.5.1/pico-sdk/lib/tinyusb/src/portable/raspberrypi/rp2040/rp2040_usb.c.obj
                0x10005128                hw_endpoint_xfer_start
 .text.configuration_reset
                0x10005178       0x84 hw5/i2c/CMakeFiles/i2c.dir/C_/Program_Files/Raspberry_Pi/Pico_SDK_v1.5.1/pico-sdk/lib/tinyusb/src/device/usbd.c.obj
 .text.usbd_reset
                0x100051fc        0xc hw5/i2c/CMakeFiles/i2c.dir/C_/Program_Files/Raspberry_Pi/Pico_SDK_v1.5.1/pico-sdk/lib/tinyusb/src/device/usbd.c.obj
 .text.invoke_class_control
                0x10005208       0x1a hw5/i2c/CMakeFiles/i2c.dir/C_/Program_Files/Raspberry_Pi/Pico_SDK_v1.5.1/pico-sdk/lib/tinyusb/src/device/usbd.c.obj
 *fill*         0x10005222        0x2 
 .text.process_set_config
                0x10005224      0x178 hw5/i2c/CMakeFiles/i2c.dir/C_/Program_Files/Raspberry_Pi/Pico_SDK_v1.5.1/pico-sdk/lib/tinyusb/src/device/usbd.c.obj
 .text.process_get_descriptor
                0x1000539c       0xdc hw5/i2c/CMakeFiles/i2c.dir/C_/Program_Files/Raspberry_Pi/Pico_SDK_v1.5.1/pico-sdk/lib/tinyusb/src/device/usbd.c.obj
 .text.tud_mounted
                0x10005478       0x10 hw5/i2c/CMakeFiles/i2c.dir/C_/Program_Files/Raspberry_Pi/Pico_SDK_v1.5.1/pico-sdk/lib/tinyusb/src/device/usbd.c.obj
                0x10005478                tud_mounted
 .text.tud_suspended
                0x10005488       0x10 hw5/i2c/CMakeFiles/i2c.dir/C_/Program_Files/Raspberry_Pi/Pico_SDK_v1.5.1/pico-sdk/lib/tinyusb/src/device/usbd.c.obj
                0x10005488                tud_suspended
 .text.tud_inited
                0x10005498       0x14 hw5/i2c/CMakeFiles/i2c.dir/C_/Program_Files/Raspberry_Pi/Pico_SDK_v1.5.1/pico-sdk/lib/tinyusb/src/device/usbd.c.obj
                0x10005498                tud_inited
 .text.tud_init
                0x100054ac       0xcc hw5/i2c/CMakeFiles/i2c.dir/C_/Program_Files/Raspberry_Pi/Pico_SDK_v1.5.1/pico-sdk/lib/tinyusb/src/device/usbd.c.obj
                0x100054ac                tud_init
 .text.usbd_defer_func
                0x10005578       0x2a hw5/i2c/CMakeFiles/i2c.dir/C_/Program_Files/Raspberry_Pi/Pico_SDK_v1.5.1/pico-sdk/lib/tinyusb/src/device/usbd.c.obj
                0x10005578                usbd_defer_func
 *fill*         0x100055a2        0x2 
 .text.usbd_edpt_open
                0x100055a4       0x34 hw5/i2c/CMakeFiles/i2c.dir/C_/Program_Files/Raspberry_Pi/Pico_SDK_v1.5.1/pico-sdk/lib/tinyusb/src/device/usbd.c.obj
                0x100055a4                usbd_edpt_open
 .text.usbd_open_edpt_pair
                0x100055d8       0x62 hw5/i2c/CMakeFiles/i2c.dir/C_/Program_Files/Raspberry_Pi/Pico_SDK_v1.5.1/pico-sdk/lib/tinyusb/src/device/usbd.c.obj
                0x100055d8                usbd_open_edpt_pair
 *fill*         0x1000563a        0x2 
 .text.usbd_edpt_claim
                0x1000563c       0x28 hw5/i2c/CMakeFiles/i2c.dir/C_/Program_Files/Raspberry_Pi/Pico_SDK_v1.5.1/pico-sdk/lib/tinyusb/src/device/usbd.c.obj
                0x1000563c                usbd_edpt_claim
 .text.usbd_edpt_release
                0x10005664       0x28 hw5/i2c/CMakeFiles/i2c.dir/C_/Program_Files/Raspberry_Pi/Pico_SDK_v1.5.1/pico-sdk/lib/tinyusb/src/device/usbd.c.obj
                0x10005664                usbd_edpt_release
 .text.usbd_edpt_xfer
                0x1000568c       0x78 hw5/i2c/CMakeFiles/i2c.dir/C_/Program_Files/Raspberry_Pi/Pico_SDK_v1.5.1/pico-sdk/lib/tinyusb/src/device/usbd.c.obj
                0x1000568c                usbd_edpt_xfer
 .text.usbd_edpt_stall
                0x10005704       0x48 hw5/i2c/CMakeFiles/i2c.dir/C_/Program_Files/Raspberry_Pi/Pico_SDK_v1.5.1/pico-sdk/lib/tinyusb/src/device/usbd.c.obj
                0x10005704                usbd_edpt_stall
 .text.usbd_edpt_clear_stall
                0x1000574c       0x48 hw5/i2c/CMakeFiles/i2c.dir/C_/Program_Files/Raspberry_Pi/Pico_SDK_v1.5.1/pico-sdk/lib/tinyusb/src/device/usbd.c.obj
                0x1000574c                usbd_edpt_clear_stall
 .text.usbd_edpt_stalled
                0x10005794       0x1c hw5/i2c/CMakeFiles/i2c.dir/C_/Program_Files/Raspberry_Pi/Pico_SDK_v1.5.1/pico-sdk/lib/tinyusb/src/device/usbd.c.obj
                0x10005794                usbd_edpt_stalled
 .text.process_control_request
                0x100057b0      0x37c hw5/i2c/CMakeFiles/i2c.dir/C_/Program_Files/Raspberry_Pi/Pico_SDK_v1.5.1/pico-sdk/lib/tinyusb/src/device/usbd.c.obj
 .text.tud_task_ext
                0x10005b2c      0x1b8 hw5/i2c/CMakeFiles/i2c.dir/C_/Program_Files/Raspberry_Pi/Pico_SDK_v1.5.1/pico-sdk/lib/tinyusb/src/device/usbd.c.obj
                0x10005b2c                tud_task_ext
 .text._data_stage_xact
                0x10005ce4       0x58 hw5/i2c/CMakeFiles/i2c.dir/C_/Program_Files/Raspberry_Pi/Pico_SDK_v1.5.1/pico-sdk/lib/tinyusb/src/device/usbd_control.c.obj
 .text.tud_control_status
                0x10005d3c       0x38 hw5/i2c/CMakeFiles/i2c.dir/C_/Program_Files/Raspberry_Pi/Pico_SDK_v1.5.1/pico-sdk/lib/tinyusb/src/device/usbd_control.c.obj
                0x10005d3c                tud_control_status
 .text.tud_control_xfer
                0x10005d74       0x74 hw5/i2c/CMakeFiles/i2c.dir/C_/Program_Files/Raspberry_Pi/Pico_SDK_v1.5.1/pico-sdk/lib/tinyusb/src/device/usbd_control.c.obj
                0x10005d74                tud_control_xfer
 .text.usbd_control_reset
                0x10005de8       0x14 hw5/i2c/CMakeFiles/i2c.dir/C_/Program_Files/Raspberry_Pi/Pico_SDK_v1.5.1/pico-sdk/lib/tinyusb/src/device/usbd_control.c.obj
                0x10005de8                usbd_control_reset
 .text.usbd_control_set_complete_callback
                0x10005dfc        0xc hw5/i2c/CMakeFiles/i2c.dir/C_/Program_Files/Raspberry_Pi/Pico_SDK_v1.5.1/pico-sdk/lib/tinyusb/src/device/usbd_control.c.obj
                0x10005dfc                usbd_control_set_complete_callback
 .text.usbd_control_set_request
                0x10005e08       0x1c hw5/i2c/CMakeFiles/i2c.dir/C_/Program_Files/Raspberry_Pi/Pico_SDK_v1.5.1/pico-sdk/lib/tinyusb/src/device/usbd_control.c.obj
                0x10005e08                usbd_control_set_request
 .text.usbd_control_xfer_cb
                0x10005e24       0xcc hw5/i2c/CMakeFiles/i2c.dir/C_/Program_Files/Raspberry_Pi/Pico_SDK_v1.5.1/pico-sdk/lib/tinyusb/src/device/usbd_control.c.obj
                0x10005e24                usbd_control_xfer_cb
 .text._prep_out_transaction
                0x10005ef0       0x4a hw5/i2c/CMakeFiles/i2c.dir/C_/Program_Files/Raspberry_Pi/Pico_SDK_v1.5.1/pico-sdk/lib/tinyusb/src/class/cdc/cdc_device.c.obj
 *fill*         0x10005f3a        0x2 
 .text.tud_cdc_n_connected
                0x10005f3c       0x44 hw5/i2c/CMakeFiles/i2c.dir/C_/Program_Files/Raspberry_Pi/Pico_SDK_v1.5.1/pico-sdk/lib/tinyusb/src/class/cdc/cdc_device.c.obj
                0x10005f3c                tud_cdc_n_connected
 .text.tud_cdc_n_available
                0x10005f80       0x18 hw5/i2c/CMakeFiles/i2c.dir/C_/Program_Files/Raspberry_Pi/Pico_SDK_v1.5.1/pico-sdk/lib/tinyusb/src/class/cdc/cdc_device.c.obj
                0x10005f80                tud_cdc_n_available
 .text.tud_cdc_n_read
                0x10005f98       0x28 hw5/i2c/CMakeFiles/i2c.dir/C_/Program_Files/Raspberry_Pi/Pico_SDK_v1.5.1/pico-sdk/lib/tinyusb/src/class/cdc/cdc_device.c.obj
                0x10005f98                tud_cdc_n_read
 .text.tud_cdc_n_write_flush
                0x10005fc0       0xb8 hw5/i2c/CMakeFiles/i2c.dir/C_/Program_Files/Raspberry_Pi/Pico_SDK_v1.5.1/pico-sdk/lib/tinyusb/src/class/cdc/cdc_device.c.obj
                0x10005fc0                tud_cdc_n_write_flush
 .text.tud_cdc_n_write
                0x10006078       0x38 hw5/i2c/CMakeFiles/i2c.dir/C_/Program_Files/Raspberry_Pi/Pico_SDK_v1.5.1/pico-sdk/lib/tinyusb/src/class/cdc/cdc_device.c.obj
                0x10006078                tud_cdc_n_write
 .text.tud_cdc_n_write_available
                0x100060b0       0x1c hw5/i2c/CMakeFiles/i2c.dir/C_/Program_Files/Raspberry_Pi/Pico_SDK_v1.5.1/pico-sdk/lib/tinyusb/src/class/cdc/cdc_device.c.obj
                0x100060b0                tud_cdc_n_write_available
 .text.cdcd_init
                0x100060cc       0xbc hw5/i2c/CMakeFiles/i2c.dir/C_/Program_Files/Raspberry_Pi/Pico_SDK_v1.5.1/pico-sdk/lib/tinyusb/src/class/cdc/cdc_device.c.obj
                0x100060cc                cdcd_init
 .text.cdcd_reset
                0x10006188       0x44 hw5/i2c/CMakeFiles/i2c.dir/C_/Program_Files/Raspberry_Pi/Pico_SDK_v1.5.1/pico-sdk/lib/tinyusb/src/class/cdc/cdc_device.c.obj
                0x10006188                cdcd_reset
 .text.cdcd_open
                0x100061cc       0xcc hw5/i2c/CMakeFiles/i2c.dir/C_/Program_Files/Raspberry_Pi/Pico_SDK_v1.5.1/pico-sdk/lib/tinyusb/src/class/cdc/cdc_device.c.obj
                0x100061cc                cdcd_open
 .text.cdcd_control_xfer_cb
                0x10006298      0x134 hw5/i2c/CMakeFiles/i2c.dir/C_/Program_Files/Raspberry_Pi/Pico_SDK_v1.5.1/pico-sdk/lib/tinyusb/src/class/cdc/cdc_device.c.obj
                0x10006298                cdcd_control_xfer_cb
 .text.cdcd_xfer_cb
                0x100063cc      0x130 hw5/i2c/CMakeFiles/i2c.dir/C_/Program_Files/Raspberry_Pi/Pico_SDK_v1.5.1/pico-sdk/lib/tinyusb/src/class/cdc/cdc_device.c.obj
                0x100063cc                cdcd_xfer_cb
 .text.tusb_init
                0x100064fc        0xa hw5/i2c/CMakeFiles/i2c.dir/C_/Program_Files/Raspberry_Pi/Pico_SDK_v1.5.1/pico-sdk/lib/tinyusb/src/tusb.c.obj
                0x100064fc                tusb_init
 .text.tusb_inited
                0x10006506        0xe hw5/i2c/CMakeFiles/i2c.dir/C_/Program_Files/Raspberry_Pi/Pico_SDK_v1.5.1/pico-sdk/lib/tinyusb/src/tusb.c.obj
                0x10006506                tusb_inited
 .text.tu_edpt_claim
                0x10006514       0x50 hw5/i2c/CMakeFiles/i2c.dir/C_/Program_Files/Raspberry_Pi/Pico_SDK_v1.5.1/pico-sdk/lib/tinyusb/src/tusb.c.obj
                0x10006514                tu_edpt_claim
 .text.tu_edpt_release
                0x10006564       0x3c hw5/i2c/CMakeFiles/i2c.dir/C_/Program_Files/Raspberry_Pi/Pico_SDK_v1.5.1/pico-sdk/lib/tinyusb/src/tusb.c.obj
                0x10006564                tu_edpt_release
 .text.tu_edpt_validate
                0x100065a0       0x78 hw5/i2c/CMakeFiles/i2c.dir/C_/Program_Files/Raspberry_Pi/Pico_SDK_v1.5.1/pico-sdk/lib/tinyusb/src/tusb.c.obj
                0x100065a0                tu_edpt_validate
 .text.tu_edpt_bind_driver
                0x10006618       0x26 hw5/i2c/CMakeFiles/i2c.dir/C_/Program_Files/Raspberry_Pi/Pico_SDK_v1.5.1/pico-sdk/lib/tinyusb/src/tusb.c.obj
                0x10006618                tu_edpt_bind_driver
 .text.advance_index
                0x1000663e       0x1a hw5/i2c/CMakeFiles/i2c.dir/C_/Program_Files/Raspberry_Pi/Pico_SDK_v1.5.1/pico-sdk/lib/tinyusb/src/common/tusb_fifo.c.obj
 .text._tu_fifo_peek
                0x10006658       0x56 hw5/i2c/CMakeFiles/i2c.dir/C_/Program_Files/Raspberry_Pi/Pico_SDK_v1.5.1/pico-sdk/lib/tinyusb/src/common/tusb_fifo.c.obj
 .text._ff_pull_const_addr
                0x100066ae       0x4c hw5/i2c/CMakeFiles/i2c.dir/C_/Program_Files/Raspberry_Pi/Pico_SDK_v1.5.1/pico-sdk/lib/tinyusb/src/common/tusb_fifo.c.obj
 .text._ff_pull_n
                0x100066fa      0x110 hw5/i2c/CMakeFiles/i2c.dir/C_/Program_Files/Raspberry_Pi/Pico_SDK_v1.5.1/pico-sdk/lib/tinyusb/src/common/tusb_fifo.c.obj
 .text._tu_fifo_peek_n
                0x1000680a       0x6a hw5/i2c/CMakeFiles/i2c.dir/C_/Program_Files/Raspberry_Pi/Pico_SDK_v1.5.1/pico-sdk/lib/tinyusb/src/common/tusb_fifo.c.obj
 .text._tu_fifo_read_n
                0x10006874       0x4e hw5/i2c/CMakeFiles/i2c.dir/C_/Program_Files/Raspberry_Pi/Pico_SDK_v1.5.1/pico-sdk/lib/tinyusb/src/common/tusb_fifo.c.obj
 .text._ff_push_const_addr
                0x100068c2       0x40 hw5/i2c/CMakeFiles/i2c.dir/C_/Program_Files/Raspberry_Pi/Pico_SDK_v1.5.1/pico-sdk/lib/tinyusb/src/common/tusb_fifo.c.obj
 .text._ff_push_n
                0x10006902      0x10c hw5/i2c/CMakeFiles/i2c.dir/C_/Program_Files/Raspberry_Pi/Pico_SDK_v1.5.1/pico-sdk/lib/tinyusb/src/common/tusb_fifo.c.obj
 .text._tu_fifo_write_n
                0x10006a0e       0xf0 hw5/i2c/CMakeFiles/i2c.dir/C_/Program_Files/Raspberry_Pi/Pico_SDK_v1.5.1/pico-sdk/lib/tinyusb/src/common/tusb_fifo.c.obj
 .text.tu_fifo_config
                0x10006afe       0x7c hw5/i2c/CMakeFiles/i2c.dir/C_/Program_Files/Raspberry_Pi/Pico_SDK_v1.5.1/pico-sdk/lib/tinyusb/src/common/tusb_fifo.c.obj
                0x10006afe                tu_fifo_config
 .text.tu_fifo_count
                0x10006b7a       0x2a hw5/i2c/CMakeFiles/i2c.dir/C_/Program_Files/Raspberry_Pi/Pico_SDK_v1.5.1/pico-sdk/lib/tinyusb/src/common/tusb_fifo.c.obj
                0x10006b7a                tu_fifo_count
 .text.tu_fifo_empty
                0x10006ba4       0x10 hw5/i2c/CMakeFiles/i2c.dir/C_/Program_Files/Raspberry_Pi/Pico_SDK_v1.5.1/pico-sdk/lib/tinyusb/src/common/tusb_fifo.c.obj
                0x10006ba4                tu_fifo_empty
 .text.tu_fifo_full
                0x10006bb4       0x28 hw5/i2c/CMakeFiles/i2c.dir/C_/Program_Files/Raspberry_Pi/Pico_SDK_v1.5.1/pico-sdk/lib/tinyusb/src/common/tusb_fifo.c.obj
                0x10006bb4                tu_fifo_full
 .text.tu_fifo_remaining
                0x10006bdc       0x2c hw5/i2c/CMakeFiles/i2c.dir/C_/Program_Files/Raspberry_Pi/Pico_SDK_v1.5.1/pico-sdk/lib/tinyusb/src/common/tusb_fifo.c.obj
                0x10006bdc                tu_fifo_remaining
 .text.tu_fifo_read
                0x10006c08       0x42 hw5/i2c/CMakeFiles/i2c.dir/C_/Program_Files/Raspberry_Pi/Pico_SDK_v1.5.1/pico-sdk/lib/tinyusb/src/common/tusb_fifo.c.obj
                0x10006c08                tu_fifo_read
 .text.tu_fifo_read_n
                0x10006c4a        0xa hw5/i2c/CMakeFiles/i2c.dir/C_/Program_Files/Raspberry_Pi/Pico_SDK_v1.5.1/pico-sdk/lib/tinyusb/src/common/tusb_fifo.c.obj
                0x10006c4a                tu_fifo_read_n
 .text.tu_fifo_write
                0x10006c54       0x64 hw5/i2c/CMakeFiles/i2c.dir/C_/Program_Files/Raspberry_Pi/Pico_SDK_v1.5.1/pico-sdk/lib/tinyusb/src/common/tusb_fifo.c.obj
                0x10006c54                tu_fifo_write
 .text.tu_fifo_write_n
                0x10006cb8        0xa hw5/i2c/CMakeFiles/i2c.dir/C_/Program_Files/Raspberry_Pi/Pico_SDK_v1.5.1/pico-sdk/lib/tinyusb/src/common/tusb_fifo.c.obj
                0x10006cb8                tu_fifo_write_n
 .text.tu_fifo_clear
                0x10006cc2       0x3e hw5/i2c/CMakeFiles/i2c.dir/C_/Program_Files/Raspberry_Pi/Pico_SDK_v1.5.1/pico-sdk/lib/tinyusb/src/common/tusb_fifo.c.obj
                0x10006cc2                tu_fifo_clear
 .text.tu_fifo_set_overwritable
                0x10006d00       0x46 hw5/i2c/CMakeFiles/i2c.dir/C_/Program_Files/Raspberry_Pi/Pico_SDK_v1.5.1/pico-sdk/lib/tinyusb/src/common/tusb_fifo.c.obj
                0x10006d00                tu_fifo_set_overwritable
 .text.i2c_write_blocking_internal
                0x10006d46      0x140 hw5/i2c/CMakeFiles/i2c.dir/C_/Program_Files/Raspberry_Pi/Pico_SDK_v1.5.1/pico-sdk/src/rp2_common/hardware_i2c/i2c.c.obj
 .text.i2c_read_blocking_internal
                0x10006e86       0xe6 hw5/i2c/CMakeFiles/i2c.dir/C_/Program_Files/Raspberry_Pi/Pico_SDK_v1.5.1/pico-sdk/src/rp2_common/hardware_i2c/i2c.c.obj
 .text.i2c_set_baudrate
                0x10006f6c       0xf0 hw5/i2c/CMakeFiles/i2c.dir/C_/Program_Files/Raspberry_Pi/Pico_SDK_v1.5.1/pico-sdk/src/rp2_common/hardware_i2c/i2c.c.obj
                0x10006f6c                i2c_set_baudrate
 .text.i2c_init
                0x1000705c       0x58 hw5/i2c/CMakeFiles/i2c.dir/C_/Program_Files/Raspberry_Pi/Pico_SDK_v1.5.1/pico-sdk/src/rp2_common/hardware_i2c/i2c.c.obj
                0x1000705c                i2c_init
 .text.i2c_write_blocking
                0x100070b4       0x18 hw5/i2c/CMakeFiles/i2c.dir/C_/Program_Files/Raspberry_Pi/Pico_SDK_v1.5.1/pico-sdk/src/rp2_common/hardware_i2c/i2c.c.obj
                0x100070b4                i2c_write_blocking
 .text.i2c_read_blocking
                0x100070cc       0x18 hw5/i2c/CMakeFiles/i2c.dir/C_/Program_Files/Raspberry_Pi/Pico_SDK_v1.5.1/pico-sdk/src/rp2_common/hardware_i2c/i2c.c.obj
                0x100070cc                i2c_read_blocking
 .text.strlen   0x100070e4       0x5c c:/progra~1/raspbe~1/picosd~1.1/gcc-ar~1/bin/../lib/gcc/arm-none-eabi/10.3.1/../../../../arm-none-eabi/lib/thumb/v6-m/nofp\libg.a(lib_a-strlen-stub.o)
                0x100070e4                strlen
 *(.fini)
 .fini          0x10007140        0x4 c:/progra~1/raspbe~1/picosd~1.1/gcc-ar~1/bin/../lib/gcc/arm-none-eabi/10.3.1/thumb/v6-m/nofp/crti.o
                0x10007140                _fini
 *fill*         0x10007144        0x4 
 .fini.__stub   0x10007148       0xe0 linker stubs
 *crtbegin.o(.ctors)
 *crtbegin?.o(.ctors)
 *(EXCLUDE_FILE(*crtend.o *crtend?.o) .ctors)
 *(SORT_BY_NAME(.ctors.*))
 *(.ctors)
 *crtbegin.o(.dtors)
 *crtbegin?.o(.dtors)
 *(EXCLUDE_FILE(*crtend.o *crtend?.o) .dtors)
 *(SORT_BY_NAME(.dtors.*))
 *(.dtors)
 *(.eh_frame*)
 .eh_frame      0x10007228        0x0 c:/progra~1/raspbe~1/picosd~1.1/gcc-ar~1/bin/../lib/gcc/arm-none-eabi/10.3.1/thumb/v6-m/nofp/crtbegin.o
                0x10007228                . = ALIGN (0x4)

.glue_7         0x10007228        0x0
 .glue_7        0x10007228        0x0 linker stubs

.glue_7t        0x10007228        0x0
 .glue_7t       0x10007228        0x0 linker stubs

.vfp11_veneer   0x10007228        0x0
 .vfp11_veneer  0x10007228        0x0 linker stubs

.v4_bx          0x10007228        0x0
 .v4_bx         0x10007228        0x0 linker stubs

.iplt           0x10007228        0x0
 .iplt          0x10007228        0x0 c:/progra~1/raspbe~1/picosd~1.1/gcc-ar~1/bin/../lib/gcc/arm-none-eabi/10.3.1/thumb/v6-m/nofp/crtbegin.o

.rodata         0x10007228     0x17b8
 *(EXCLUDE_FILE(*libm.a: *libc.a:*lib_a-mem*.o *libgcc.a:) .rodata*)
 .rodata.spin_lock_claim_unused.str1.4
                0x10007228       0x1b hw5/i2c/CMakeFiles/i2c.dir/C_/Program_Files/Raspberry_Pi/Pico_SDK_v1.5.1/pico-sdk/src/rp2_common/hardware_sync/sync.c.obj
 *fill*         0x10007243        0x1 
 .rodata.make_branch.str1.4
                0x10007244       0x89 hw5/i2c/CMakeFiles/i2c.dir/C_/Program_Files/Raspberry_Pi/Pico_SDK_v1.5.1/pico-sdk/src/rp2_common/hardware_irq/irq.c.obj
 *fill*         0x100072cd        0x3 
 .rodata.insert_branch_and_link.str1.4
                0x100072d0       0x10 hw5/i2c/CMakeFiles/i2c.dir/C_/Program_Files/Raspberry_Pi/Pico_SDK_v1.5.1/pico-sdk/src/rp2_common/hardware_irq/irq.c.obj
 .rodata.irq_set_exclusive_handler.str1.4
                0x100072e0       0x36 hw5/i2c/CMakeFiles/i2c.dir/C_/Program_Files/Raspberry_Pi/Pico_SDK_v1.5.1/pico-sdk/src/rp2_common/hardware_irq/irq.c.obj
 *fill*         0x10007316        0x2 
 .rodata.irq_add_shared_handler.str1.4
                0x10007318       0xd9 hw5/i2c/CMakeFiles/i2c.dir/C_/Program_Files/Raspberry_Pi/Pico_SDK_v1.5.1/pico-sdk/src/rp2_common/hardware_irq/irq.c.obj
 *fill*         0x100073f1        0x3 
 .rodata.irq_remove_handler.str1.4
                0x100073f4       0x3a hw5/i2c/CMakeFiles/i2c.dir/C_/Program_Files/Raspberry_Pi/Pico_SDK_v1.5.1/pico-sdk/src/rp2_common/hardware_irq/irq.c.obj
 *fill*         0x1000742e        0x2 
 .rodata.irq_add_tail_to_free_list.str1.4
                0x10007430       0x3a hw5/i2c/CMakeFiles/i2c.dir/C_/Program_Files/Raspberry_Pi/Pico_SDK_v1.5.1/pico-sdk/src/rp2_common/hardware_irq/irq.c.obj
 *fill*         0x1000746a        0x2 
 .rodata.user_irq_claim_unused.str1.4
                0x1000746c       0x1b hw5/i2c/CMakeFiles/i2c.dir/C_/Program_Files/Raspberry_Pi/Pico_SDK_v1.5.1/pico-sdk/src/rp2_common/hardware_irq/irq.c.obj
 *fill*         0x10007487        0x1 
 .rodata.__func__.0
                0x10007488       0x1a hw5/i2c/CMakeFiles/i2c.dir/C_/Program_Files/Raspberry_Pi/Pico_SDK_v1.5.1/pico-sdk/src/rp2_common/hardware_irq/irq.c.obj
 *fill*         0x100074a2        0x2 
 .rodata.__func__.1
                0x100074a4       0x17 hw5/i2c/CMakeFiles/i2c.dir/C_/Program_Files/Raspberry_Pi/Pico_SDK_v1.5.1/pico-sdk/src/rp2_common/hardware_irq/irq.c.obj
 *fill*         0x100074bb        0x1 
 .rodata.__func__.2
                0x100074bc       0x13 hw5/i2c/CMakeFiles/i2c.dir/C_/Program_Files/Raspberry_Pi/Pico_SDK_v1.5.1/pico-sdk/src/rp2_common/hardware_irq/irq.c.obj
 *fill*         0x100074cf        0x1 
 .rodata.__func__.3
                0x100074d0        0xc hw5/i2c/CMakeFiles/i2c.dir/C_/Program_Files/Raspberry_Pi/Pico_SDK_v1.5.1/pico-sdk/src/rp2_common/hardware_irq/irq.c.obj
 .rodata.__func__.4
                0x100074dc        0xf hw5/i2c/CMakeFiles/i2c.dir/C_/Program_Files/Raspberry_Pi/Pico_SDK_v1.5.1/pico-sdk/src/rp2_common/hardware_irq/irq.c.obj
 *fill*         0x100074eb        0x1 
 .rodata.__func__.5
                0x100074ec       0x17 hw5/i2c/CMakeFiles/i2c.dir/C_/Program_Files/Raspberry_Pi/Pico_SDK_v1.5.1/pico-sdk/src/rp2_common/hardware_irq/irq.c.obj
 *fill*         0x10007503        0x1 
 .rodata.__func__.6
                0x10007504       0x1a hw5/i2c/CMakeFiles/i2c.dir/C_/Program_Files/Raspberry_Pi/Pico_SDK_v1.5.1/pico-sdk/src/rp2_common/hardware_irq/irq.c.obj
 *fill*         0x1000751e        0x2 
 .rodata.str1.4
                0x10007520      0x125 hw5/i2c/CMakeFiles/i2c.dir/C_/Program_Files/Raspberry_Pi/Pico_SDK_v1.5.1/pico-sdk/src/common/pico_sync/mutex.c.obj
 *fill*         0x10007645        0x3 
 .rodata.__func__.1
                0x10007648        0xb hw5/i2c/CMakeFiles/i2c.dir/C_/Program_Files/Raspberry_Pi/Pico_SDK_v1.5.1/pico-sdk/src/common/pico_sync/mutex.c.obj
 *fill*         0x10007653        0x1 
 .rodata.__func__.3
                0x10007654       0x18 hw5/i2c/CMakeFiles/i2c.dir/C_/Program_Files/Raspberry_Pi/Pico_SDK_v1.5.1/pico-sdk/src/common/pico_sync/mutex.c.obj
 .rodata.__func__.4
                0x1000766c       0x15 hw5/i2c/CMakeFiles/i2c.dir/C_/Program_Files/Raspberry_Pi/Pico_SDK_v1.5.1/pico-sdk/src/common/pico_sync/mutex.c.obj
 *fill*         0x10007681        0x3 
 .rodata.repeating_timer_callback.str1.4
                0x10007684       0x67 hw5/i2c/CMakeFiles/i2c.dir/C_/Program_Files/Raspberry_Pi/Pico_SDK_v1.5.1/pico-sdk/src/common/pico_time/time.c.obj
 *fill*         0x100076eb        0x1 
 .rodata.timer_pool_entry_comparator.str1.4
                0x100076ec       0x22 hw5/i2c/CMakeFiles/i2c.dir/C_/Program_Files/Raspberry_Pi/Pico_SDK_v1.5.1/pico-sdk/src/common/pico_time/time.c.obj
 *fill*         0x1000770e        0x2 
 .rodata.ph_add_child_node.str1.4
                0x10007710       0xb2 hw5/i2c/CMakeFiles/i2c.dir/C_/Program_Files/Raspberry_Pi/Pico_SDK_v1.5.1/pico-sdk/src/common/pico_time/time.c.obj
 *fill*         0x100077c2        0x2 
 .rodata.add_alarm_under_lock.str1.4
                0x100077c4       0x28 hw5/i2c/CMakeFiles/i2c.dir/C_/Program_Files/Raspberry_Pi/Pico_SDK_v1.5.1/pico-sdk/src/common/pico_time/time.c.obj
                                 0x2b (size before relaxing)
 .rodata.alarm_pool_alarm_callback.str1.4
                0x100077ec       0x98 hw5/i2c/CMakeFiles/i2c.dir/C_/Program_Files/Raspberry_Pi/Pico_SDK_v1.5.1/pico-sdk/src/common/pico_time/time.c.obj
                                0x118 (size before relaxing)
 .rodata.alarm_pool_get_default.str1.4
                0x10007884       0x21 hw5/i2c/CMakeFiles/i2c.dir/C_/Program_Files/Raspberry_Pi/Pico_SDK_v1.5.1/pico-sdk/src/common/pico_time/time.c.obj
 *fill*         0x100078a5        0x3 
 .rodata.alarm_pool_cancel_alarm.str1.4
                0x100078a8       0x27 hw5/i2c/CMakeFiles/i2c.dir/C_/Program_Files/Raspberry_Pi/Pico_SDK_v1.5.1/pico-sdk/src/common/pico_time/time.c.obj
 *fill*         0x100078cf        0x1 
 .rodata.sleep_until.str1.4
                0x100078d0       0x4d hw5/i2c/CMakeFiles/i2c.dir/C_/Program_Files/Raspberry_Pi/Pico_SDK_v1.5.1/pico-sdk/src/common/pico_time/time.c.obj
 *fill*         0x1000791d        0x3 
 .rodata.__func__.1
                0x10007920       0x18 hw5/i2c/CMakeFiles/i2c.dir/C_/Program_Files/Raspberry_Pi/Pico_SDK_v1.5.1/pico-sdk/src/common/pico_time/time.c.obj
 .rodata.__func__.10
                0x10007938       0x15 hw5/i2c/CMakeFiles/i2c.dir/C_/Program_Files/Raspberry_Pi/Pico_SDK_v1.5.1/pico-sdk/src/common/pico_time/time.c.obj
 *fill*         0x1000794d        0x3 
 .rodata.__func__.11
                0x10007950       0x1a hw5/i2c/CMakeFiles/i2c.dir/C_/Program_Files/Raspberry_Pi/Pico_SDK_v1.5.1/pico-sdk/src/common/pico_time/time.c.obj
 *fill*         0x1000796a        0x2 
 .rodata.__func__.12
                0x1000796c        0xa hw5/i2c/CMakeFiles/i2c.dir/C_/Program_Files/Raspberry_Pi/Pico_SDK_v1.5.1/pico-sdk/src/common/pico_time/time.c.obj
 *fill*         0x10007976        0x2 
 .rodata.__func__.3
                0x10007978       0x17 hw5/i2c/CMakeFiles/i2c.dir/C_/Program_Files/Raspberry_Pi/Pico_SDK_v1.5.1/pico-sdk/src/common/pico_time/time.c.obj
 *fill*         0x1000798f        0x1 
 .rodata.__func__.4
                0x10007990       0x12 hw5/i2c/CMakeFiles/i2c.dir/C_/Program_Files/Raspberry_Pi/Pico_SDK_v1.5.1/pico-sdk/src/common/pico_time/time.c.obj
 *fill*         0x100079a2        0x2 
 .rodata.__func__.5
                0x100079a4        0xd hw5/i2c/CMakeFiles/i2c.dir/C_/Program_Files/Raspberry_Pi/Pico_SDK_v1.5.1/pico-sdk/src/common/pico_time/time.c.obj
 *fill*         0x100079b1        0x3 
 .rodata.__func__.6
                0x100079b4       0x12 hw5/i2c/CMakeFiles/i2c.dir/C_/Program_Files/Raspberry_Pi/Pico_SDK_v1.5.1/pico-sdk/src/common/pico_time/time.c.obj
 *fill*         0x100079c6        0x2 
 .rodata.__func__.7
                0x100079c8        0xf hw5/i2c/CMakeFiles/i2c.dir/C_/Program_Files/Raspberry_Pi/Pico_SDK_v1.5.1/pico-sdk/src/common/pico_time/time.c.obj
 *fill*         0x100079d7        0x1 
 .rodata.__func__.8
                0x100079d8        0xc hw5/i2c/CMakeFiles/i2c.dir/C_/Program_Files/Raspberry_Pi/Pico_SDK_v1.5.1/pico-sdk/src/common/pico_time/time.c.obj
 .rodata.__func__.9
                0x100079e4       0x15 hw5/i2c/CMakeFiles/i2c.dir/C_/Program_Files/Raspberry_Pi/Pico_SDK_v1.5.1/pico-sdk/src/common/pico_time/time.c.obj
 *fill*         0x100079f9        0x3 
 .rodata.hardware_alarm_claim.str1.4
                0x100079fc       0x22 hw5/i2c/CMakeFiles/i2c.dir/C_/Program_Files/Raspberry_Pi/Pico_SDK_v1.5.1/pico-sdk/src/rp2_common/hardware_timer/timer.c.obj
 *fill*         0x10007a1e        0x2 
 .rodata.hardware_alarm_set_target.str1.4
                0x10007a20       0x81 hw5/i2c/CMakeFiles/i2c.dir/C_/Program_Files/Raspberry_Pi/Pico_SDK_v1.5.1/pico-sdk/src/rp2_common/hardware_timer/timer.c.obj
 *fill*         0x10007aa1        0x3 
 .rodata.__func__.0
                0x10007aa4       0x1a hw5/i2c/CMakeFiles/i2c.dir/C_/Program_Files/Raspberry_Pi/Pico_SDK_v1.5.1/pico-sdk/src/rp2_common/hardware_timer/timer.c.obj
 .rodata.ph_add_child_node.str1.4
                0x10007abe       0xb2 hw5/i2c/CMakeFiles/i2c.dir/C_/Program_Files/Raspberry_Pi/Pico_SDK_v1.5.1/pico-sdk/src/common/pico_util/pheap.c.obj
 *fill*         0x10007abe        0x2 
 .rodata.ph_remove_any_head.str1.4
                0x10007ac0       0xa8 hw5/i2c/CMakeFiles/i2c.dir/C_/Program_Files/Raspberry_Pi/Pico_SDK_v1.5.1/pico-sdk/src/common/pico_util/pheap.c.obj
                                 0xbc (size before relaxing)
 .rodata.ph_remove_and_free_node.str1.4
                0x10007b68       0x1e hw5/i2c/CMakeFiles/i2c.dir/C_/Program_Files/Raspberry_Pi/Pico_SDK_v1.5.1/pico-sdk/src/common/pico_util/pheap.c.obj
                                 0x26 (size before relaxing)
 *fill*         0x10007b86        0x2 
 .rodata.__func__.0
                0x10007b88       0x18 hw5/i2c/CMakeFiles/i2c.dir/C_/Program_Files/Raspberry_Pi/Pico_SDK_v1.5.1/pico-sdk/src/common/pico_util/pheap.c.obj
 .rodata.__func__.1
                0x10007ba0       0x13 hw5/i2c/CMakeFiles/i2c.dir/C_/Program_Files/Raspberry_Pi/Pico_SDK_v1.5.1/pico-sdk/src/common/pico_util/pheap.c.obj
 *fill*         0x10007bb3        0x1 
 .rodata.__func__.2
                0x10007bb4       0x12 hw5/i2c/CMakeFiles/i2c.dir/C_/Program_Files/Raspberry_Pi/Pico_SDK_v1.5.1/pico-sdk/src/common/pico_util/pheap.c.obj
 *fill*         0x10007bc6        0x2 
 .rodata.__func__.3
                0x10007bc8        0xc hw5/i2c/CMakeFiles/i2c.dir/C_/Program_Files/Raspberry_Pi/Pico_SDK_v1.5.1/pico-sdk/src/common/pico_util/pheap.c.obj
 .rodata.clock_configure.str1.4
                0x10007bd4       0x73 hw5/i2c/CMakeFiles/i2c.dir/C_/Program_Files/Raspberry_Pi/Pico_SDK_v1.5.1/pico-sdk/src/rp2_common/hardware_clocks/clocks.c.obj
 *fill*         0x10007c47        0x1 
 .rodata.__func__.1
                0x10007c48       0x10 hw5/i2c/CMakeFiles/i2c.dir/C_/Program_Files/Raspberry_Pi/Pico_SDK_v1.5.1/pico-sdk/src/rp2_common/hardware_clocks/clocks.c.obj
 .rodata.pll_init.str1.4
                0x10007c58      0x140 hw5/i2c/CMakeFiles/i2c.dir/C_/Program_Files/Raspberry_Pi/Pico_SDK_v1.5.1/pico-sdk/src/rp2_common/hardware_pll/pll.c.obj
 .rodata.__func__.0
                0x10007d98        0x9 hw5/i2c/CMakeFiles/i2c.dir/C_/Program_Files/Raspberry_Pi/Pico_SDK_v1.5.1/pico-sdk/src/rp2_common/hardware_pll/pll.c.obj
 *fill*         0x10007da1        0x3 
 .rodata.__assert_func.str1.4
                0x10007da4       0x3f hw5/i2c/CMakeFiles/i2c.dir/C_/Program_Files/Raspberry_Pi/Pico_SDK_v1.5.1/pico-sdk/src/rp2_common/pico_runtime/runtime.c.obj
                                 0x43 (size before relaxing)
 *fill*         0x10007de3        0x1 
 .rodata.runtime_init.str1.4
                0x10007de4       0x7d hw5/i2c/CMakeFiles/i2c.dir/C_/Program_Files/Raspberry_Pi/Pico_SDK_v1.5.1/pico-sdk/src/rp2_common/pico_runtime/runtime.c.obj
 *fill*         0x10007e61        0x3 
 .rodata.panic.str1.4
                0x10007e64       0x12 hw5/i2c/CMakeFiles/i2c.dir/C_/Program_Files/Raspberry_Pi/Pico_SDK_v1.5.1/pico-sdk/src/rp2_common/pico_runtime/runtime.c.obj
 *fill*         0x10007e76        0x2 
 .rodata.__func__.2
                0x10007e78        0xd hw5/i2c/CMakeFiles/i2c.dir/C_/Program_Files/Raspberry_Pi/Pico_SDK_v1.5.1/pico-sdk/src/rp2_common/pico_runtime/runtime.c.obj
 *fill*         0x10007e85        0x3 
 .rodata._ftoa.str1.4
                0x10007e88       0x15 hw5/i2c/CMakeFiles/i2c.dir/C_/Program_Files/Raspberry_Pi/Pico_SDK_v1.5.1/pico-sdk/src/rp2_common/pico_printf/printf.c.obj
 *fill*         0x10007e9d        0x3 
 .rodata._vsnprintf
                0x10007ea0      0x1e0 hw5/i2c/CMakeFiles/i2c.dir/C_/Program_Files/Raspberry_Pi/Pico_SDK_v1.5.1/pico-sdk/src/rp2_common/pico_printf/printf.c.obj
 .rodata.pow10.0
                0x10008080       0x50 hw5/i2c/CMakeFiles/i2c.dir/C_/Program_Files/Raspberry_Pi/Pico_SDK_v1.5.1/pico-sdk/src/rp2_common/pico_printf/printf.c.obj
 .rodata.__aeabi_double_init.str1.4
                0x100080d0       0xb8 hw5/i2c/CMakeFiles/i2c.dir/C_/Program_Files/Raspberry_Pi/Pico_SDK_v1.5.1/pico-sdk/src/rp2_common/pico_double/double_init_rom.c.obj
 .rodata.__func__.0
                0x10008188       0x14 hw5/i2c/CMakeFiles/i2c.dir/C_/Program_Files/Raspberry_Pi/Pico_SDK_v1.5.1/pico-sdk/src/rp2_common/pico_double/double_init_rom.c.obj
 .rodata.__aeabi_float_init.str1.4
                0x1000819c       0x96 hw5/i2c/CMakeFiles/i2c.dir/C_/Program_Files/Raspberry_Pi/Pico_SDK_v1.5.1/pico-sdk/src/rp2_common/pico_float/float_init_rom.c.obj
                                 0x9a (size before relaxing)
 *fill*         0x10008232        0x2 
 .rodata.__func__.0
                0x10008234       0x13 hw5/i2c/CMakeFiles/i2c.dir/C_/Program_Files/Raspberry_Pi/Pico_SDK_v1.5.1/pico-sdk/src/rp2_common/pico_float/float_init_rom.c.obj
 *fill*         0x10008247        0x1 
 .rodata.str1.4
                0x10008248       0x38 hw5/i2c/CMakeFiles/i2c.dir/C_/Program_Files/Raspberry_Pi/Pico_SDK_v1.5.1/pico-sdk/src/rp2_common/pico_standard_link/binary_info.c.obj
 .rodata.__bi_44
                0x10008280        0xc hw5/i2c/CMakeFiles/i2c.dir/C_/Program_Files/Raspberry_Pi/Pico_SDK_v1.5.1/pico-sdk/src/rp2_common/pico_standard_link/binary_info.c.obj
 .rodata.__bi_75
                0x1000828c        0xc hw5/i2c/CMakeFiles/i2c.dir/C_/Program_Files/Raspberry_Pi/Pico_SDK_v1.5.1/pico-sdk/src/rp2_common/pico_standard_link/binary_info.c.obj
 .rodata.__bi_81
                0x10008298        0xc hw5/i2c/CMakeFiles/i2c.dir/C_/Program_Files/Raspberry_Pi/Pico_SDK_v1.5.1/pico-sdk/src/rp2_common/pico_standard_link/binary_info.c.obj
 .rodata.stdout_serialize_begin.str1.4
                0x100082a4       0x7d hw5/i2c/CMakeFiles/i2c.dir/C_/Program_Files/Raspberry_Pi/Pico_SDK_v1.5.1/pico-sdk/src/rp2_common/pico_stdio/stdio.c.obj
 .rodata.__func__.3
                0x100082a4       0x15 hw5/i2c/CMakeFiles/i2c.dir/C_/Program_Files/Raspberry_Pi/Pico_SDK_v1.5.1/pico-sdk/src/rp2_common/pico_stdio/stdio.c.obj
 *fill*         0x100082b9        0x3 
 .rodata.crlf_str.2
                0x100082bc        0x2 hw5/i2c/CMakeFiles/i2c.dir/C_/Program_Files/Raspberry_Pi/Pico_SDK_v1.5.1/pico-sdk/src/rp2_common/pico_stdio/stdio.c.obj
 *fill*         0x100082be        0x2 
 .rodata._resetd_driver
                0x100082c0       0x18 hw5/i2c/CMakeFiles/i2c.dir/C_/Program_Files/Raspberry_Pi/Pico_SDK_v1.5.1/pico-sdk/src/rp2_common/pico_stdio_usb/reset_interface.c.obj
 .rodata.low_priority_worker_irq.str1.4
                0x100082d8       0x7d hw5/i2c/CMakeFiles/i2c.dir/C_/Program_Files/Raspberry_Pi/Pico_SDK_v1.5.1/pico-sdk/src/rp2_common/pico_stdio_usb/stdio_usb.c.obj
 .rodata.stdio_usb_init.str1.4
                0x100082d8       0x61 hw5/i2c/CMakeFiles/i2c.dir/C_/Program_Files/Raspberry_Pi/Pico_SDK_v1.5.1/pico-sdk/src/rp2_common/pico_stdio_usb/stdio_usb.c.obj
                                 0x69 (size before relaxing)
 *fill*         0x10008339        0x3 
 .rodata.str1.4
                0x1000833c       0x13 hw5/i2c/CMakeFiles/i2c.dir/C_/Program_Files/Raspberry_Pi/Pico_SDK_v1.5.1/pico-sdk/src/rp2_common/pico_stdio_usb/stdio_usb.c.obj
 *fill*         0x1000834f        0x1 
 .rodata.__bi_182.0
                0x10008350        0xc hw5/i2c/CMakeFiles/i2c.dir/C_/Program_Files/Raspberry_Pi/Pico_SDK_v1.5.1/pico-sdk/src/rp2_common/pico_stdio_usb/stdio_usb.c.obj
 .rodata.__func__.1
                0x1000835c        0xf hw5/i2c/CMakeFiles/i2c.dir/C_/Program_Files/Raspberry_Pi/Pico_SDK_v1.5.1/pico-sdk/src/rp2_common/pico_stdio_usb/stdio_usb.c.obj
 *fill*         0x1000836b        0x1 
 .rodata.__func__.3
                0x1000836c       0x15 hw5/i2c/CMakeFiles/i2c.dir/C_/Program_Files/Raspberry_Pi/Pico_SDK_v1.5.1/pico-sdk/src/rp2_common/pico_stdio_usb/stdio_usb.c.obj
 *fill*         0x10008381        0x3 
 .rodata.str1.4
                0x10008384       0x2a hw5/i2c/CMakeFiles/i2c.dir/C_/Program_Files/Raspberry_Pi/Pico_SDK_v1.5.1/pico-sdk/src/rp2_common/pico_stdio_usb/stdio_usb_descriptors.c.obj
 *fill*         0x100083ae        0x2 
 .rodata.usbd_desc_cfg
                0x100083b0       0x54 hw5/i2c/CMakeFiles/i2c.dir/C_/Program_Files/Raspberry_Pi/Pico_SDK_v1.5.1/pico-sdk/src/rp2_common/pico_stdio_usb/stdio_usb_descriptors.c.obj
 .rodata.usbd_desc_device
                0x10008404       0x12 hw5/i2c/CMakeFiles/i2c.dir/C_/Program_Files/Raspberry_Pi/Pico_SDK_v1.5.1/pico-sdk/src/rp2_common/pico_stdio_usb/stdio_usb_descriptors.c.obj
 *fill*         0x10008416        0x2 
 .rodata.usbd_desc_str
                0x10008418       0x18 hw5/i2c/CMakeFiles/i2c.dir/C_/Program_Files/Raspberry_Pi/Pico_SDK_v1.5.1/pico-sdk/src/rp2_common/pico_stdio_usb/stdio_usb_descriptors.c.obj
 .rodata.pico_get_unique_board_id_string.str1.4
                0x10008430       0x69 hw5/i2c/CMakeFiles/i2c.dir/C_/Program_Files/Raspberry_Pi/Pico_SDK_v1.5.1/pico-sdk/src/rp2_common/pico_unique_id/unique_id.c.obj
 *fill*         0x10008499        0x3 
 .rodata.__func__.0
                0x1000849c       0x20 hw5/i2c/CMakeFiles/i2c.dir/C_/Program_Files/Raspberry_Pi/Pico_SDK_v1.5.1/pico-sdk/src/rp2_common/pico_unique_id/unique_id.c.obj
 .rodata.str1.4
                0x100084bc      0x176 hw5/i2c/CMakeFiles/i2c.dir/C_/Program_Files/Raspberry_Pi/Pico_SDK_v1.5.1/pico-sdk/src/rp2_common/hardware_flash/flash.c.obj
 *fill*         0x10008632        0x2 
 .rodata.__func__.0
                0x10008634        0xd hw5/i2c/CMakeFiles/i2c.dir/C_/Program_Files/Raspberry_Pi/Pico_SDK_v1.5.1/pico-sdk/src/rp2_common/hardware_flash/flash.c.obj
 *fill*         0x10008641        0x3 
 .rodata._hw_endpoint_alloc.str1.4
                0x10008644       0xd1 hw5/i2c/CMakeFiles/i2c.dir/C_/Program_Files/Raspberry_Pi/Pico_SDK_v1.5.1/pico-sdk/lib/tinyusb/src/portable/raspberrypi/rp2040/dcd_rp2040.c.obj
 *fill*         0x10008715        0x3 
 .rodata.str1.4
                0x10008718       0x14 hw5/i2c/CMakeFiles/i2c.dir/C_/Program_Files/Raspberry_Pi/Pico_SDK_v1.5.1/pico-sdk/lib/tinyusb/src/portable/raspberrypi/rp2040/dcd_rp2040.c.obj
 .rodata.dcd_int_enable.str1.4
                0x1000872c        0xc hw5/i2c/CMakeFiles/i2c.dir/C_/Program_Files/Raspberry_Pi/Pico_SDK_v1.5.1/pico-sdk/lib/tinyusb/src/portable/raspberrypi/rp2040/dcd_rp2040.c.obj
 .rodata.__func__.0
                0x10008738        0xe hw5/i2c/CMakeFiles/i2c.dir/C_/Program_Files/Raspberry_Pi/Pico_SDK_v1.5.1/pico-sdk/lib/tinyusb/src/portable/raspberrypi/rp2040/dcd_rp2040.c.obj
 *fill*         0x10008746        0x2 
 .rodata.__func__.1
                0x10008748        0xe hw5/i2c/CMakeFiles/i2c.dir/C_/Program_Files/Raspberry_Pi/Pico_SDK_v1.5.1/pico-sdk/lib/tinyusb/src/portable/raspberrypi/rp2040/dcd_rp2040.c.obj
 *fill*         0x10008756        0x2 
 .rodata.__func__.3
                0x10008758       0x10 hw5/i2c/CMakeFiles/i2c.dir/C_/Program_Files/Raspberry_Pi/Pico_SDK_v1.5.1/pico-sdk/lib/tinyusb/src/portable/raspberrypi/rp2040/dcd_rp2040.c.obj
 .rodata.__func__.5
                0x10008768        0xf hw5/i2c/CMakeFiles/i2c.dir/C_/Program_Files/Raspberry_Pi/Pico_SDK_v1.5.1/pico-sdk/lib/tinyusb/src/portable/raspberrypi/rp2040/dcd_rp2040.c.obj
 *fill*         0x10008777        0x1 
 .rodata.__func__.6
                0x10008778       0x13 hw5/i2c/CMakeFiles/i2c.dir/C_/Program_Files/Raspberry_Pi/Pico_SDK_v1.5.1/pico-sdk/lib/tinyusb/src/portable/raspberrypi/rp2040/dcd_rp2040.c.obj
 *fill*         0x1000878b        0x1 
 .rodata.__func__.7
                0x1000878c        0x9 hw5/i2c/CMakeFiles/i2c.dir/C_/Program_Files/Raspberry_Pi/Pico_SDK_v1.5.1/pico-sdk/lib/tinyusb/src/portable/raspberrypi/rp2040/dcd_rp2040.c.obj
 *fill*         0x10008795        0x3 
 .rodata.str1.4
                0x10008798      0x103 hw5/i2c/CMakeFiles/i2c.dir/C_/Program_Files/Raspberry_Pi/Pico_SDK_v1.5.1/pico-sdk/lib/tinyusb/src/portable/raspberrypi/rp2040/rp2040_usb.c.obj
 *fill*         0x1000889b        0x1 
 .rodata.__func__.0
                0x1000889c        0xf hw5/i2c/CMakeFiles/i2c.dir/C_/Program_Files/Raspberry_Pi/Pico_SDK_v1.5.1/pico-sdk/lib/tinyusb/src/portable/raspberrypi/rp2040/rp2040_usb.c.obj
 *fill*         0x100088ab        0x1 
 .rodata.process_get_descriptor
                0x100088ac       0x40 hw5/i2c/CMakeFiles/i2c.dir/C_/Program_Files/Raspberry_Pi/Pico_SDK_v1.5.1/pico-sdk/lib/tinyusb/src/device/usbd.c.obj
 .rodata.process_control_request
                0x100088ec       0x28 hw5/i2c/CMakeFiles/i2c.dir/C_/Program_Files/Raspberry_Pi/Pico_SDK_v1.5.1/pico-sdk/lib/tinyusb/src/device/usbd.c.obj
 .rodata.tud_task_ext
                0x10008914       0x24 hw5/i2c/CMakeFiles/i2c.dir/C_/Program_Files/Raspberry_Pi/Pico_SDK_v1.5.1/pico-sdk/lib/tinyusb/src/device/usbd.c.obj
 .rodata._usbd_driver
                0x10008938       0x18 hw5/i2c/CMakeFiles/i2c.dir/C_/Program_Files/Raspberry_Pi/Pico_SDK_v1.5.1/pico-sdk/lib/tinyusb/src/device/usbd.c.obj
 .rodata.i2c_set_baudrate.str1.4
                0x10008950       0x79 hw5/i2c/CMakeFiles/i2c.dir/C_/Program_Files/Raspberry_Pi/Pico_SDK_v1.5.1/pico-sdk/src/rp2_common/hardware_i2c/i2c.c.obj
 *fill*         0x100089c9        0x3 
 .rodata.__func__.0
                0x100089cc       0x11 hw5/i2c/CMakeFiles/i2c.dir/C_/Program_Files/Raspberry_Pi/Pico_SDK_v1.5.1/pico-sdk/src/rp2_common/hardware_i2c/i2c.c.obj
                0x100089e0                . = ALIGN (0x4)
 *fill*         0x100089dd        0x3 
 *(SORT_BY_ALIGNMENT(SORT_BY_NAME(.flashdata*)))
                0x100089e0                . = ALIGN (0x4)

.ARM.extab
 *(.ARM.extab* .gnu.linkonce.armextab.*)
                0x100089e0                __exidx_start = .

.ARM.exidx
 *(.ARM.exidx* .gnu.linkonce.armexidx.*)
                0x100089e0                __exidx_end = .
                0x100089e0                . = ALIGN (0x4)
                0x100089e0                __binary_info_start = .

.binary_info    0x100089e0       0x20
 *(.binary_info.keep.*)
 .binary_info.keep.__bi_ptr22
                0x100089e0        0x4 hw5/i2c/CMakeFiles/i2c.dir/C_/Program_Files/Raspberry_Pi/Pico_SDK_v1.5.1/pico-sdk/src/rp2_common/pico_standard_link/binary_info.c.obj
 .binary_info.keep.__bi_ptr30
                0x100089e4        0x4 hw5/i2c/CMakeFiles/i2c.dir/C_/Program_Files/Raspberry_Pi/Pico_SDK_v1.5.1/pico-sdk/src/rp2_common/pico_standard_link/binary_info.c.obj
 .binary_info.keep.__bi_ptr38
                0x100089e8        0x4 hw5/i2c/CMakeFiles/i2c.dir/C_/Program_Files/Raspberry_Pi/Pico_SDK_v1.5.1/pico-sdk/src/rp2_common/pico_standard_link/binary_info.c.obj
 .binary_info.keep.__bi_ptr44
                0x100089ec        0x4 hw5/i2c/CMakeFiles/i2c.dir/C_/Program_Files/Raspberry_Pi/Pico_SDK_v1.5.1/pico-sdk/src/rp2_common/pico_standard_link/binary_info.c.obj
 .binary_info.keep.__bi_ptr50
                0x100089f0        0x4 hw5/i2c/CMakeFiles/i2c.dir/C_/Program_Files/Raspberry_Pi/Pico_SDK_v1.5.1/pico-sdk/src/rp2_common/pico_standard_link/binary_info.c.obj
 .binary_info.keep.__bi_ptr75
                0x100089f4        0x4 hw5/i2c/CMakeFiles/i2c.dir/C_/Program_Files/Raspberry_Pi/Pico_SDK_v1.5.1/pico-sdk/src/rp2_common/pico_standard_link/binary_info.c.obj
 .binary_info.keep.__bi_ptr81
                0x100089f8        0x4 hw5/i2c/CMakeFiles/i2c.dir/C_/Program_Files/Raspberry_Pi/Pico_SDK_v1.5.1/pico-sdk/src/rp2_common/pico_standard_link/binary_info.c.obj
 *(.binary_info.*)
 .binary_info.__bi_ptr182
                0x100089fc        0x4 hw5/i2c/CMakeFiles/i2c.dir/C_/Program_Files/Raspberry_Pi/Pico_SDK_v1.5.1/pico-sdk/src/rp2_common/pico_stdio_usb/stdio_usb.c.obj
                0x10008a00                __binary_info_end = .

.rel.dyn        0x10008a00        0x0
 .rel.iplt      0x10008a00        0x0 c:/progra~1/raspbe~1/picosd~1.1/gcc-ar~1/bin/../lib/gcc/arm-none-eabi/10.3.1/thumb/v6-m/nofp/crtbegin.o
                0x10008a00                . = ALIGN (0x4)

.ram_vector_table
                0x20000000       0xc0
 *(.ram_vector_table)
 .ram_vector_table
                0x20000000       0xc0 hw5/i2c/CMakeFiles/i2c.dir/C_/Program_Files/Raspberry_Pi/Pico_SDK_v1.5.1/pico-sdk/src/rp2_common/pico_runtime/runtime.c.obj
                0x20000000                ram_vector_table

.data           0x200000c0      0xbf8 load address 0x10008a00
                0x200000c0                __data_start__ = .
 *(vtable)
 *(.time_critical*)
 .time_critical.mutex_try_enter
                0x200000c0       0x46 hw5/i2c/CMakeFiles/i2c.dir/C_/Program_Files/Raspberry_Pi/Pico_SDK_v1.5.1/pico-sdk/src/common/pico_sync/mutex.c.obj
                0x200000c0                mutex_try_enter
 *fill*         0x20000106        0x2 
 .time_critical.mutex_enter_block_until
                0x20000108       0x8c hw5/i2c/CMakeFiles/i2c.dir/C_/Program_Files/Raspberry_Pi/Pico_SDK_v1.5.1/pico-sdk/src/common/pico_sync/mutex.c.obj
                0x20000108                mutex_enter_block_until
 .time_critical.mutex_try_enter_block_until
                0x20000194       0x34 hw5/i2c/CMakeFiles/i2c.dir/C_/Program_Files/Raspberry_Pi/Pico_SDK_v1.5.1/pico-sdk/src/common/pico_sync/mutex.c.obj
                0x20000194                mutex_try_enter_block_until
 .time_critical.mutex_enter_timeout_ms
                0x200001c8       0x68 hw5/i2c/CMakeFiles/i2c.dir/C_/Program_Files/Raspberry_Pi/Pico_SDK_v1.5.1/pico-sdk/src/common/pico_sync/mutex.c.obj
                0x200001c8                mutex_enter_timeout_ms
 .time_critical.mutex_exit
                0x20000230       0x4c hw5/i2c/CMakeFiles/i2c.dir/C_/Program_Files/Raspberry_Pi/Pico_SDK_v1.5.1/pico-sdk/src/common/pico_sync/mutex.c.obj
                0x20000230                mutex_exit
 .time_critical.flash_init_boot2_copyout
                0x2000027c       0x30 hw5/i2c/CMakeFiles/i2c.dir/C_/Program_Files/Raspberry_Pi/Pico_SDK_v1.5.1/pico-sdk/src/rp2_common/hardware_flash/flash.c.obj
 .time_critical.flash_enable_xip_via_boot2
                0x200002ac       0x10 hw5/i2c/CMakeFiles/i2c.dir/C_/Program_Files/Raspberry_Pi/Pico_SDK_v1.5.1/pico-sdk/src/rp2_common/hardware_flash/flash.c.obj
 .time_critical.flash_cs_force
                0x200002bc       0x28 hw5/i2c/CMakeFiles/i2c.dir/C_/Program_Files/Raspberry_Pi/Pico_SDK_v1.5.1/pico-sdk/src/rp2_common/hardware_flash/flash.c.obj
 .time_critical.flash_do_cmd
                0x200002e4       0xd8 hw5/i2c/CMakeFiles/i2c.dir/C_/Program_Files/Raspberry_Pi/Pico_SDK_v1.5.1/pico-sdk/src/rp2_common/hardware_flash/flash.c.obj
                0x200002e4                flash_do_cmd
 .time_critical.reset_non_control_endpoints
                0x200003bc       0x40 hw5/i2c/CMakeFiles/i2c.dir/C_/Program_Files/Raspberry_Pi/Pico_SDK_v1.5.1/pico-sdk/lib/tinyusb/src/portable/raspberrypi/rp2040/dcd_rp2040.c.obj
 .time_critical.hw_handle_buff_status
                0x200003fc       0xa4 hw5/i2c/CMakeFiles/i2c.dir/C_/Program_Files/Raspberry_Pi/Pico_SDK_v1.5.1/pico-sdk/lib/tinyusb/src/portable/raspberrypi/rp2040/dcd_rp2040.c.obj
 .time_critical.dcd_rp2040_irq
                0x200004a0      0x1cc hw5/i2c/CMakeFiles/i2c.dir/C_/Program_Files/Raspberry_Pi/Pico_SDK_v1.5.1/pico-sdk/lib/tinyusb/src/portable/raspberrypi/rp2040/dcd_rp2040.c.obj
 .time_critical.e15_is_bulkin_ep
                0x2000066c       0x2c hw5/i2c/CMakeFiles/i2c.dir/C_/Program_Files/Raspberry_Pi/Pico_SDK_v1.5.1/pico-sdk/lib/tinyusb/src/portable/raspberrypi/rp2040/rp2040_usb.c.obj
 .time_critical.e15_is_critical_frame_period
                0x20000698       0x30 hw5/i2c/CMakeFiles/i2c.dir/C_/Program_Files/Raspberry_Pi/Pico_SDK_v1.5.1/pico-sdk/lib/tinyusb/src/portable/raspberrypi/rp2040/rp2040_usb.c.obj
 .time_critical.prepare_ep_buffer
                0x200006c8       0x70 hw5/i2c/CMakeFiles/i2c.dir/C_/Program_Files/Raspberry_Pi/Pico_SDK_v1.5.1/pico-sdk/lib/tinyusb/src/portable/raspberrypi/rp2040/rp2040_usb.c.obj
 .time_critical.sync_ep_buffer
                0x20000738       0x80 hw5/i2c/CMakeFiles/i2c.dir/C_/Program_Files/Raspberry_Pi/Pico_SDK_v1.5.1/pico-sdk/lib/tinyusb/src/portable/raspberrypi/rp2040/rp2040_usb.c.obj
 .time_critical._hw_endpoint_xfer_sync
                0x200007b8       0x28 hw5/i2c/CMakeFiles/i2c.dir/C_/Program_Files/Raspberry_Pi/Pico_SDK_v1.5.1/pico-sdk/lib/tinyusb/src/portable/raspberrypi/rp2040/rp2040_usb.c.obj
 .time_critical.hw_endpoint_reset_transfer
                0x200007e0        0xc hw5/i2c/CMakeFiles/i2c.dir/C_/Program_Files/Raspberry_Pi/Pico_SDK_v1.5.1/pico-sdk/lib/tinyusb/src/portable/raspberrypi/rp2040/rp2040_usb.c.obj
                0x200007e0                hw_endpoint_reset_transfer
 .time_critical._hw_endpoint_buffer_control_update32
                0x200007ec       0x58 hw5/i2c/CMakeFiles/i2c.dir/C_/Program_Files/Raspberry_Pi/Pico_SDK_v1.5.1/pico-sdk/lib/tinyusb/src/portable/raspberrypi/rp2040/rp2040_usb.c.obj
                0x200007ec                _hw_endpoint_buffer_control_update32