Archive member included to satisfy reference by file (symbol)

c:/progra~1/raspbe~1/picosd~1.1/gcc-ar~1/bin/../lib/gcc/arm-none-eabi/10.3.1/thumb/v6-m/nofp\libgcc.a(_dvmd_tls.o)
                              hw13/mouse/CMakeFiles/mouse.dir/C_/Program_Files/Raspberry_Pi/Pico_SDK_v1.5.1/pico-sdk/src/rp2_common/pico_divider/divider.S.obj (__aeabi_idiv0)
c:/progra~1/raspbe~1/picosd~1.1/gcc-ar~1/bin/../lib/gcc/arm-none-eabi/10.3.1/../../../../arm-none-eabi/lib/thumb/v6-m/nofp\libg.a(lib_a-calloc.o)
                              hw13/mouse/CMakeFiles/mouse.dir/C_/Program_Files/Raspberry_Pi/Pico_SDK_v1.5.1/pico-sdk/src/rp2_common/pico_malloc/pico_malloc.c.obj (calloc)
c:/progra~1/raspbe~1/picosd~1.1/gcc-ar~1/bin/../lib/gcc/arm-none-eabi/10.3.1/../../../../arm-none-eabi/lib/thumb/v6-m/nofp\libg.a(lib_a-callocr.o)
                              c:/progra~1/raspbe~1/picosd~1.1/gcc-ar~1/bin/../lib/gcc/arm-none-eabi/10.3.1/../../../../arm-none-eabi/lib/thumb/v6-m/nofp\libg.a(lib_a-calloc.o) (_calloc_r)
c:/progra~1/raspbe~1/picosd~1.1/gcc-ar~1/bin/../lib/gcc/arm-none-eabi/10.3.1/../../../../arm-none-eabi/lib/thumb/v6-m/nofp\libg.a(lib_a-errno.o)
                              c:/progra~1/raspbe~1/picosd~1.1/gcc-ar~1/bin/../lib/gcc/arm-none-eabi/10.3.1/../../../../arm-none-eabi/lib/thumb/v6-m/nofp\libg.a(lib_a-callocr.o) (__errno)
c:/progra~1/raspbe~1/picosd~1.1/gcc-ar~1/bin/../lib/gcc/arm-none-eabi/10.3.1/../../../../arm-none-eabi/lib/thumb/v6-m/nofp\libg.a(lib_a-impure.o)
                              c:/progra~1/raspbe~1/picosd~1.1/gcc-ar~1/bin/../lib/gcc/arm-none-eabi/10.3.1/../../../../arm-none-eabi/lib/thumb/v6-m/nofp\libg.a(lib_a-calloc.o) (_impure_ptr)
c:/progra~1/raspbe~1/picosd~1.1/gcc-ar~1/bin/../lib/gcc/arm-none-eabi/10.3.1/../../../../arm-none-eabi/lib/thumb/v6-m/nofp\libg.a(lib_a-init.o)
                              c:/progra~1/raspbe~1/picosd~1.1/gcc-ar~1/bin/../lib/gcc/arm-none-eabi/10.3.1/../../../../arm-none-eabi/lib/thumb/v6-m/nofp/crt0.o (__libc_init_array)
c:/progra~1/raspbe~1/picosd~1.1/gcc-ar~1/bin/../lib/gcc/arm-none-eabi/10.3.1/../../../../arm-none-eabi/lib/thumb/v6-m/nofp\libg.a(lib_a-malloc.o)
                              hw13/mouse/CMakeFiles/mouse.dir/C_/Program_Files/Raspberry_Pi/Pico_SDK_v1.5.1/pico-sdk/src/rp2_common/pico_malloc/pico_malloc.c.obj (malloc)
c:/progra~1/raspbe~1/picosd~1.1/gcc-ar~1/bin/../lib/gcc/arm-none-eabi/10.3.1/../../../../arm-none-eabi/lib/thumb/v6-m/nofp\libg.a(lib_a-mallocr.o)
                              c:/progra~1/raspbe~1/picosd~1.1/gcc-ar~1/bin/../lib/gcc/arm-none-eabi/10.3.1/../../../../arm-none-eabi/lib/thumb/v6-m/nofp\libg.a(lib_a-callocr.o) (_malloc_r)
c:/progra~1/raspbe~1/picosd~1.1/gcc-ar~1/bin/../lib/gcc/arm-none-eabi/10.3.1/../../../../arm-none-eabi/lib/thumb/v6-m/nofp\libg.a(lib_a-mlock.o)
                              c:/progra~1/raspbe~1/picosd~1.1/gcc-ar~1/bin/../lib/gcc/arm-none-eabi/10.3.1/../../../../arm-none-eabi/lib/thumb/v6-m/nofp\libg.a(lib_a-mallocr.o) (__malloc_lock)
c:/progra~1/raspbe~1/picosd~1.1/gcc-ar~1/bin/../lib/gcc/arm-none-eabi/10.3.1/../../../../arm-none-eabi/lib/thumb/v6-m/nofp\libg.a(lib_a-realloc.o)
                              hw13/mouse/CMakeFiles/mouse.dir/C_/Program_Files/Raspberry_Pi/Pico_SDK_v1.5.1/pico-sdk/src/rp2_common/pico_malloc/pico_malloc.c.obj (realloc)
c:/progra~1/raspbe~1/picosd~1.1/gcc-ar~1/bin/../lib/gcc/arm-none-eabi/10.3.1/../../../../arm-none-eabi/lib/thumb/v6-m/nofp\libg.a(lib_a-reallocr.o)
                              c:/progra~1/raspbe~1/picosd~1.1/gcc-ar~1/bin/../lib/gcc/arm-none-eabi/10.3.1/../../../../arm-none-eabi/lib/thumb/v6-m/nofp\libg.a(lib_a-realloc.o) (_realloc_r)
c:/progra~1/raspbe~1/picosd~1.1/gcc-ar~1/bin/../lib/gcc/arm-none-eabi/10.3.1/../../../../arm-none-eabi/lib/thumb/v6-m/nofp\libg.a(lib_a-sbrkr.o)
                              c:/progra~1/raspbe~1/picosd~1.1/gcc-ar~1/bin/../lib/gcc/arm-none-eabi/10.3.1/../../../../arm-none-eabi/lib/thumb/v6-m/nofp\libg.a(lib_a-mallocr.o) (_sbrk_r)
c:/progra~1/raspbe~1/picosd~1.1/gcc-ar~1/bin/../lib/gcc/arm-none-eabi/10.3.1/../../../../arm-none-eabi/lib/thumb/v6-m/nofp\libg.a(lib_a-strlen-stub.o)
                              hw13/mouse/CMakeFiles/mouse.dir/C_/Program_Files/Raspberry_Pi/Pico_SDK_v1.5.1/pico-sdk/src/rp2_common/pico_stdio/stdio.c.obj (strlen)
c:/progra~1/raspbe~1/picosd~1.1/gcc-ar~1/bin/../lib/gcc/arm-none-eabi/10.3.1/../../../../arm-none-eabi/lib/thumb/v6-m/nofp\libg.a(lib_a-freer.o)
                              c:/progra~1/raspbe~1/picosd~1.1/gcc-ar~1/bin/../lib/gcc/arm-none-eabi/10.3.1/../../../../arm-none-eabi/lib/thumb/v6-m/nofp\libg.a(lib_a-malloc.o) (_free_r)
c:/progra~1/raspbe~1/picosd~1.1/gcc-ar~1/bin/../lib/gcc/arm-none-eabi/10.3.1/../../../../arm-none-eabi/lib/thumb/v6-m/nofp\libg.a(lib_a-lock.o)
                              c:/progra~1/raspbe~1/picosd~1.1/gcc-ar~1/bin/../lib/gcc/arm-none-eabi/10.3.1/../../../../arm-none-eabi/lib/thumb/v6-m/nofp\libg.a(lib_a-mlock.o) (__retarget_lock_acquire_recursive)
[...]
Memory Configuration

Name             Origin             Length             Attributes
FLASH            0x10000000         0x00200000         xr
RAM              0x20000000         0x00040000         xrw
SCRATCH_X        0x20040000         0x00001000         xrw
SCRATCH_Y        0x20041000         0x00001000         xrw
*default*        0x00000000         0xffffffff

Linker script and memory map

LOAD c:/progra~1/raspbe~1/picosd~1.1/gcc-ar~1/bin/../lib/gcc/arm-none-eabi/10.3.1/thumb/v6-m/nofp/crti.o
LOAD c:/progra~1/raspbe~1/picosd~1.1/gcc-ar~1/bin/../lib/gcc/arm-none-eabi/10.3.1/thumb/v6-m/nofp/crtbegin.o
LOAD c:/progra~1/raspbe~1/picosd~1.1/gcc-ar~1/bin/../lib/gcc/arm-none-eabi/10.3.1/../../../../arm-none-eabi/lib/thumb/v6-m/nofp/crt0.o

.flash_begin    0x10000000        0x0
                0x10000000                __flash_binary_start = .

.boot2          0x10000000      0x100
                0x10000000                __boot2_start__ = .
 *(.boot2)
 .boot2         0x10000000      0x100 C:\Users\SRyu0\AppData\Local\Temp\ccPgfbyi.o
                0x10000100                __boot2_end__ = .
                0x00000001                ASSERT (((__boot2_end__ - __boot2_start__) == 0x100), ERROR: Pico second stage bootloader must be 256 bytes in size)

.text           0x10000100     0x72b8
                0x10000100                __logical_binary_start = .
 *(.vectors)
 .vectors       0x10000100       0xd4 hw13/mouse/CMakeFiles/mouse.dir/C_/Program_Files/Raspberry_Pi/Pico_SDK_v1.5.1/pico-sdk/src/rp2_common/pico_standard_link/crt0.S.obj
                0x10000100                __VECTOR_TABLE
                0x10000100                __vectors
                0x100001c0                isr_invalid
                0x100001c0                __default_isrs_start
                0x100001c2                isr_nmi
                0x100001c4                isr_hardfault
                0x100001c6                isr_svcall
                0x100001c8                isr_pendsv
                0x100001ca                isr_systick
                0x100001cc                isr_irq23
                0x100001cc                isr_irq18
                0x100001cc                isr_irq11
                0x100001cc                isr_irq28
                0x100001cc                isr_irq19
                0x100001cc                isr_irq0
                0x100001cc                isr_irq6
                0x100001cc                isr_irq5
                0x100001cc                isr_irq12
                0x100001cc                isr_irq22
                0x100001cc                isr_irq31
                0x100001cc                isr_irq17
                0x100001cc                isr_irq27
                0x100001cc                isr_irq30
                0x100001cc                isr_irq2
                0x100001cc                isr_irq10
                0x100001cc                isr_irq8
                0x100001cc                isr_irq24
                0x100001cc                isr_irq1
                0x100001cc                isr_irq7
                0x100001cc                isr_irq21
                0x100001cc                isr_irq20
                0x100001cc                isr_irq15
                0x100001cc                isr_irq25
                0x100001cc                isr_irq13
                0x100001cc                __unhandled_user_irq
                0x100001cc                isr_irq4
                0x100001cc                isr_irq16
                0x100001cc                isr_irq29
                0x100001cc                isr_irq26
                0x100001cc                __default_isrs_end
                0x100001cc                isr_irq3
                0x100001cc                isr_irq14
                0x100001cc                isr_irq9
                0x100001d2                unhandled_user_irq_num_in_r0
 *(.binary_info_header)
 .binary_info_header
                0x100001d4       0x14 hw13/mouse/CMakeFiles/mouse.dir/C_/Program_Files/Raspberry_Pi/Pico_SDK_v1.5.1/pico-sdk/src/rp2_common/pico_standard_link/crt0.S.obj
                0x100001e8                __binary_info_header_end = .
 *(.reset)
 .reset         0x100001e8       0xa0 hw13/mouse/CMakeFiles/mouse.dir/C_/Program_Files/Raspberry_Pi/Pico_SDK_v1.5.1/pico-sdk/src/rp2_common/pico_standard_link/crt0.S.obj
                0x100001e8                _entry_point
 .reset         0x10000288       0x30 hw13/mouse/CMakeFiles/mouse.dir/C_/Program_Files/Raspberry_Pi/Pico_SDK_v1.5.1/pico-sdk/src/rp2_common/pico_standard_link/binary_info.c.obj
 *(.init)
 .init          0x100002b8        0x4 c:/progra~1/raspbe~1/picosd~1.1/gcc-ar~1/bin/../lib/gcc/arm-none-eabi/10.3.1/thumb/v6-m/nofp/crti.o
                0x100002b8                _init
 *(EXCLUDE_FILE(*libm.a: *libc.a:*lib_a-mem*.o *libgcc.a:) .text*)
 .text          0x100002bc       0x48 c:/progra~1/raspbe~1/picosd~1.1/gcc-ar~1/bin/../lib/gcc/arm-none-eabi/10.3.1/thumb/v6-m/nofp/crtbegin.o
 .text.mpu6050_read_raw
                0x10000304       0x88 hw13/mouse/CMakeFiles/mouse.dir/mouse.c.obj
 .text.mpu6050_init
                0x1000038c       0x50 hw13/mouse/CMakeFiles/mouse.dir/mouse.c.obj
                0x1000038c                mpu6050_init
 .text.whoAmI_check
                0x100003dc       0x60 hw13/mouse/CMakeFiles/mouse.dir/mouse.c.obj
                0x100003dc                whoAmI_check
 .text.main     0x1000043c      0x170 hw13/mouse/CMakeFiles/mouse.dir/mouse.c.obj
                0x1000043c                main
 .text.gpio_set_function
                0x100005ac       0x30 hw13/mouse/CMakeFiles/mouse.dir/C_/Program_Files/Raspberry_Pi/Pico_SDK_v1.5.1/pico-sdk/src/rp2_common/hardware_gpio/gpio.c.obj
                0x100005ac                gpio_set_function
 .text.gpio_init
                0x100005dc       0x16 hw13/mouse/CMakeFiles/mouse.dir/C_/Program_Files/Raspberry_Pi/Pico_SDK_v1.5.1/pico-sdk/src/rp2_common/hardware_gpio/gpio.c.obj
                0x100005dc                gpio_init
 *fill*         0x100005f2        0x2 
 .text.running_on_fpga
                0x100005f4       0x14 hw13/mouse/CMakeFiles/mouse.dir/C_/Program_Files/Raspberry_Pi/Pico_SDK_v1.5.1/pico-sdk/src/rp2_common/pico_platform/platform.c.obj
                0x100005f4                running_on_fpga
 .text.hw_claim_lock
                0x10000608       0x18 hw13/mouse/CMakeFiles/mouse.dir/C_/Program_Files/Raspberry_Pi/Pico_SDK_v1.5.1/pico-sdk/src/rp2_common/hardware_claim/claim.c.obj
                0x10000608                hw_claim_lock
 .text.hw_claim_unlock
                0x10000620       0x14 hw13/mouse/CMakeFiles/mouse.dir/C_/Program_Files/Raspberry_Pi/Pico_SDK_v1.5.1/pico-sdk/src/rp2_common/hardware_claim/claim.c.obj
                0x10000620                hw_claim_unlock
 .text.hw_claim_or_assert
                0x10000634       0x32 hw13/mouse/CMakeFiles/mouse.dir/C_/Program_Files/Raspberry_Pi/Pico_SDK_v1.5.1/pico-sdk/src/rp2_common/hardware_claim/claim.c.obj
                0x10000634                hw_claim_or_assert
 .text.hw_claim_unused_from_range
                0x10000666       0x50 hw13/mouse/CMakeFiles/mouse.dir/C_/Program_Files/Raspberry_Pi/Pico_SDK_v1.5.1/pico-sdk/src/rp2_common/hardware_claim/claim.c.obj
                0x10000666                hw_claim_unused_from_range
 *fill*         0x100006b6        0x2 
 .text.spin_locks_reset
                0x100006b8       0x20 hw13/mouse/CMakeFiles/mouse.dir/C_/Program_Files/Raspberry_Pi/Pico_SDK_v1.5.1/pico-sdk/src/rp2_common/hardware_sync/sync.c.obj
                0x100006b8                spin_locks_reset
 .text.next_striped_spin_lock_num
                0x100006d8       0x1c hw13/mouse/CMakeFiles/mouse.dir/C_/Program_Files/Raspberry_Pi/Pico_SDK_v1.5.1/pico-sdk/src/rp2_common/hardware_sync/sync.c.obj
                0x100006d8                next_striped_spin_lock_num
 .text.spin_lock_claim_unused
                0x100006f4       0x20 hw13/mouse/CMakeFiles/mouse.dir/C_/Program_Files/Raspberry_Pi/Pico_SDK_v1.5.1/pico-sdk/src/rp2_common/hardware_sync/sync.c.obj
                0x100006f4                spin_lock_claim_unused
 .text.set_raw_irq_handler_and_unlock
                0x10000714       0x28 hw13/mouse/CMakeFiles/mouse.dir/C_/Program_Files/Raspberry_Pi/Pico_SDK_v1.5.1/pico-sdk/src/rp2_common/hardware_irq/irq.c.obj
 .text.make_branch
                0x1000073c       0x48 hw13/mouse/CMakeFiles/mouse.dir/C_/Program_Files/Raspberry_Pi/Pico_SDK_v1.5.1/pico-sdk/src/rp2_common/hardware_irq/irq.c.obj
 .text.insert_branch_and_link
                0x10000784       0x40 hw13/mouse/CMakeFiles/mouse.dir/C_/Program_Files/Raspberry_Pi/Pico_SDK_v1.5.1/pico-sdk/src/rp2_common/hardware_irq/irq.c.obj
 .text.irq_is_enabled
                0x100007c4       0x18 hw13/mouse/CMakeFiles/mouse.dir/C_/Program_Files/Raspberry_Pi/Pico_SDK_v1.5.1/pico-sdk/src/rp2_common/hardware_irq/irq.c.obj
                0x100007c4                irq_is_enabled
 .text.irq_set_mask_enabled
                0x100007dc       0x20 hw13/mouse/CMakeFiles/mouse.dir/C_/Program_Files/Raspberry_Pi/Pico_SDK_v1.5.1/pico-sdk/src/rp2_common/hardware_irq/irq.c.obj
                0x100007dc                irq_set_mask_enabled
 .text.irq_set_enabled
                0x100007fc        0xe hw13/mouse/CMakeFiles/mouse.dir/C_/Program_Files/Raspberry_Pi/Pico_SDK_v1.5.1/pico-sdk/src/rp2_common/hardware_irq/irq.c.obj
                0x100007fc                irq_set_enabled
 *fill*         0x1000080a        0x2 
 .text.irq_set_pending
                0x1000080c       0x10 hw13/mouse/CMakeFiles/mouse.dir/C_/Program_Files/Raspberry_Pi/Pico_SDK_v1.5.1/pico-sdk/src/rp2_common/hardware_irq/irq.c.obj
                0x1000080c                irq_set_pending
 .text.irq_get_vtable_handler
                0x1000081c       0x10 hw13/mouse/CMakeFiles/mouse.dir/C_/Program_Files/Raspberry_Pi/Pico_SDK_v1.5.1/pico-sdk/src/rp2_common/hardware_irq/irq.c.obj
                0x1000081c                irq_get_vtable_handler
 .text.irq_has_shared_handler
                0x1000082c       0x24 hw13/mouse/CMakeFiles/mouse.dir/C_/Program_Files/Raspberry_Pi/Pico_SDK_v1.5.1/pico-sdk/src/rp2_common/hardware_irq/irq.c.obj
                0x1000082c                irq_has_shared_handler
 .text.irq_set_exclusive_handler
                0x10000850       0x54 hw13/mouse/CMakeFiles/mouse.dir/C_/Program_Files/Raspberry_Pi/Pico_SDK_v1.5.1/pico-sdk/src/rp2_common/hardware_irq/irq.c.obj
                0x10000850                irq_set_exclusive_handler
 .text.irq_add_shared_handler
                0x100008a4      0x234 hw13/mouse/CMakeFiles/mouse.dir/C_/Program_Files/Raspberry_Pi/Pico_SDK_v1.5.1/pico-sdk/src/rp2_common/hardware_irq/irq.c.obj
                0x100008a4                irq_add_shared_handler
 .text.irq_remove_handler
                0x10000ad8      0x1ac hw13/mouse/CMakeFiles/mouse.dir/C_/Program_Files/Raspberry_Pi/Pico_SDK_v1.5.1/pico-sdk/src/rp2_common/hardware_irq/irq.c.obj
                0x10000ad8                irq_remove_handler
 .text.irq_add_tail_to_free_list
                0x10000c84       0xf0 hw13/mouse/CMakeFiles/mouse.dir/C_/Program_Files/Raspberry_Pi/Pico_SDK_v1.5.1/pico-sdk/src/rp2_common/hardware_irq/irq.c.obj
                0x10000c84                irq_add_tail_to_free_list
 .text.irq_init_priorities
                0x10000d74       0x1c hw13/mouse/CMakeFiles/mouse.dir/C_/Program_Files/Raspberry_Pi/Pico_SDK_v1.5.1/pico-sdk/src/rp2_common/hardware_irq/irq.c.obj
                0x10000d74                irq_init_priorities
 .text.user_irq_claim_unused
                0x10000d90       0x28 hw13/mouse/CMakeFiles/mouse.dir/C_/Program_Files/Raspberry_Pi/Pico_SDK_v1.5.1/pico-sdk/src/rp2_common/hardware_irq/irq.c.obj
                0x10000d90                user_irq_claim_unused
 .text.lock_init
                0x10000db8       0x10 hw13/mouse/CMakeFiles/mouse.dir/C_/Program_Files/Raspberry_Pi/Pico_SDK_v1.5.1/pico-sdk/src/common/pico_sync/lock_core.c.obj
                0x10000db8                lock_init
 .text.mutex_init
                0x10000dc8       0x1a hw13/mouse/CMakeFiles/mouse.dir/C_/Program_Files/Raspberry_Pi/Pico_SDK_v1.5.1/pico-sdk/src/common/pico_sync/mutex.c.obj
                0x10000dc8                mutex_init
 .text.recursive_mutex_init
                0x10000de2       0x1e hw13/mouse/CMakeFiles/mouse.dir/C_/Program_Files/Raspberry_Pi/Pico_SDK_v1.5.1/pico-sdk/src/common/pico_sync/mutex.c.obj
                0x10000de2                recursive_mutex_init
 .text.critical_section_init_with_lock_num
                0x10000e00       0x14 hw13/mouse/CMakeFiles/mouse.dir/C_/Program_Files/Raspberry_Pi/Pico_SDK_v1.5.1/pico-sdk/src/common/pico_sync/critical_section.c.obj
                0x10000e00                critical_section_init_with_lock_num
 .text.critical_section_init
                0x10000e14       0x14 hw13/mouse/CMakeFiles/mouse.dir/C_/Program_Files/Raspberry_Pi/Pico_SDK_v1.5.1/pico-sdk/src/common/pico_sync/critical_section.c.obj
                0x10000e14                critical_section_init
 .text.alarm_pool_post_alloc_init
                0x10000e28       0x40 hw13/mouse/CMakeFiles/mouse.dir/C_/Program_Files/Raspberry_Pi/Pico_SDK_v1.5.1/pico-sdk/src/common/pico_time/time.c.obj
 .text.sleep_until_callback
                0x10000e68       0x30 hw13/mouse/CMakeFiles/mouse.dir/C_/Program_Files/Raspberry_Pi/Pico_SDK_v1.5.1/pico-sdk/src/common/pico_time/time.c.obj
 .text.timer_pool_entry_comparator
                0x10000e98       0x7c hw13/mouse/CMakeFiles/mouse.dir/C_/Program_Files/Raspberry_Pi/Pico_SDK_v1.5.1/pico-sdk/src/common/pico_time/time.c.obj
                0x10000e98                timer_pool_entry_comparator
 .text.ph_add_child_node
                0x10000f14       0xa4 hw13/mouse/CMakeFiles/mouse.dir/C_/Program_Files/Raspberry_Pi/Pico_SDK_v1.5.1/pico-sdk/src/common/pico_time/time.c.obj
 .text.ph_merge_nodes
                0x10000fb8       0x3e hw13/mouse/CMakeFiles/mouse.dir/C_/Program_Files/Raspberry_Pi/Pico_SDK_v1.5.1/pico-sdk/src/common/pico_time/time.c.obj
 *fill*         0x10000ff6        0x2 
 .text.add_alarm_under_lock
                0x10000ff8      0x174 hw13/mouse/CMakeFiles/mouse.dir/C_/Program_Files/Raspberry_Pi/Pico_SDK_v1.5.1/pico-sdk/src/common/pico_time/time.c.obj
 .text.alarm_pool_alarm_callback
                0x1000116c      0x33c hw13/mouse/CMakeFiles/mouse.dir/C_/Program_Files/Raspberry_Pi/Pico_SDK_v1.5.1/pico-sdk/src/common/pico_time/time.c.obj
 .text.alarm_pool_init_default
                0x100014a8       0x40 hw13/mouse/CMakeFiles/mouse.dir/C_/Program_Files/Raspberry_Pi/Pico_SDK_v1.5.1/pico-sdk/src/common/pico_time/time.c.obj
                0x100014a8                alarm_pool_init_default
 .text.alarm_pool_get_default
                0x100014e8       0x2c hw13/mouse/CMakeFiles/mouse.dir/C_/Program_Files/Raspberry_Pi/Pico_SDK_v1.5.1/pico-sdk/src/common/pico_time/time.c.obj
                0x100014e8                alarm_pool_get_default
 .text.alarm_pool_add_alarm_at
                0x10001514      0x168 hw13/mouse/CMakeFiles/mouse.dir/C_/Program_Files/Raspberry_Pi/Pico_SDK_v1.5.1/pico-sdk/src/common/pico_time/time.c.obj
                0x10001514                alarm_pool_add_alarm_at
 .text.alarm_pool_cancel_alarm
                0x1000167c       0xf8 hw13/mouse/CMakeFiles/mouse.dir/C_/Program_Files/Raspberry_Pi/Pico_SDK_v1.5.1/pico-sdk/src/common/pico_time/time.c.obj
                0x1000167c                alarm_pool_cancel_alarm
 .text.alarm_pool_core_num
                0x10001774        0x4 hw13/mouse/CMakeFiles/mouse.dir/C_/Program_Files/Raspberry_Pi/Pico_SDK_v1.5.1/pico-sdk/src/common/pico_time/time.c.obj
                0x10001774                alarm_pool_core_num
 .text.sleep_until
                0x10001778       0xfc hw13/mouse/CMakeFiles/mouse.dir/C_/Program_Files/Raspberry_Pi/Pico_SDK_v1.5.1/pico-sdk/src/common/pico_time/time.c.obj
                0x10001778                sleep_until
 .text.sleep_us
                0x10001874       0x58 hw13/mouse/CMakeFiles/mouse.dir/C_/Program_Files/Raspberry_Pi/Pico_SDK_v1.5.1/pico-sdk/src/common/pico_time/time.c.obj
                0x10001874                sleep_us
 .text.sleep_ms
                0x100018cc       0x14 hw13/mouse/CMakeFiles/mouse.dir/C_/Program_Files/Raspberry_Pi/Pico_SDK_v1.5.1/pico-sdk/src/common/pico_time/time.c.obj
                0x100018cc                sleep_ms
 .text.best_effort_wfe_or_timeout
                0x100018e0       0xac hw13/mouse/CMakeFiles/mouse.dir/C_/Program_Files/Raspberry_Pi/Pico_SDK_v1.5.1/pico-sdk/src/common/pico_time/time.c.obj
                0x100018e0                best_effort_wfe_or_timeout
 .text.hardware_alarm_irq_handler
                0x1000198c       0x90 hw13/mouse/CMakeFiles/mouse.dir/C_/Program_Files/Raspberry_Pi/Pico_SDK_v1.5.1/pico-sdk/src/rp2_common/hardware_timer/timer.c.obj
 .text.hardware_alarm_claim
                0x10001a1c       0x18 hw13/mouse/CMakeFiles/mouse.dir/C_/Program_Files/Raspberry_Pi/Pico_SDK_v1.5.1/pico-sdk/src/rp2_common/hardware_timer/timer.c.obj
                0x10001a1c                hardware_alarm_claim
 .text.time_us_64
                0x10001a34       0x18 hw13/mouse/CMakeFiles/mouse.dir/C_/Program_Files/Raspberry_Pi/Pico_SDK_v1.5.1/pico-sdk/src/rp2_common/hardware_timer/timer.c.obj
                0x10001a34                time_us_64
 .text.busy_wait_until
                0x10001a4c       0x28 hw13/mouse/CMakeFiles/mouse.dir/C_/Program_Files/Raspberry_Pi/Pico_SDK_v1.5.1/pico-sdk/src/rp2_common/hardware_timer/timer.c.obj
                0x10001a4c                busy_wait_until
 .text.hardware_alarm_set_callback
                0x10001a74       0x90 hw13/mouse/CMakeFiles/mouse.dir/C_/Program_Files/Raspberry_Pi/Pico_SDK_v1.5.1/pico-sdk/src/rp2_common/hardware_timer/timer.c.obj
                0x10001a74                hardware_alarm_set_callback
 .text.hardware_alarm_set_target
                0x10001b04       0xe8 hw13/mouse/CMakeFiles/mouse.dir/C_/Program_Files/Raspberry_Pi/Pico_SDK_v1.5.1/pico-sdk/src/rp2_common/hardware_timer/timer.c.obj
                0x10001b04                hardware_alarm_set_target
 .text.hardware_alarm_cancel
                0x10001bec       0x40 hw13/mouse/CMakeFiles/mouse.dir/C_/Program_Files/Raspberry_Pi/Pico_SDK_v1.5.1/pico-sdk/src/rp2_common/hardware_timer/timer.c.obj
                0x10001bec                hardware_alarm_cancel
 .text.ph_add_child_node
                0x10001c2c       0xa4 hw13/mouse/CMakeFiles/mouse.dir/C_/Program_Files/Raspberry_Pi/Pico_SDK_v1.5.1/pico-sdk/src/common/pico_util/pheap.c.obj
 .text.ph_merge_nodes
                0x10001cd0       0x3e hw13/mouse/CMakeFiles/mouse.dir/C_/Program_Files/Raspberry_Pi/Pico_SDK_v1.5.1/pico-sdk/src/common/pico_util/pheap.c.obj
 *fill*         0x10001d0e        0x2 
 .text.ph_clear
                0x10001d10       0x70 hw13/mouse/CMakeFiles/mouse.dir/C_/Program_Files/Raspberry_Pi/Pico_SDK_v1.5.1/pico-sdk/src/common/pico_util/pheap.c.obj
                0x10001d10                ph_clear
 .text.ph_post_alloc_init
                0x10001d80        0xe hw13/mouse/CMakeFiles/mouse.dir/C_/Program_Files/Raspberry_Pi/Pico_SDK_v1.5.1/pico-sdk/src/common/pico_util/pheap.c.obj
                0x10001d80                ph_post_alloc_init
 *fill*         0x10001d8e        0x2 
 .text.ph_merge_two_pass
                0x10001d90       0xa8 hw13/mouse/CMakeFiles/mouse.dir/C_/Program_Files/Raspberry_Pi/Pico_SDK_v1.5.1/pico-sdk/src/common/pico_util/pheap.c.obj
                0x10001d90                ph_merge_two_pass
 .text.ph_remove_any_head
                0x10001e38      0x128 hw13/mouse/CMakeFiles/mouse.dir/C_/Program_Files/Raspberry_Pi/Pico_SDK_v1.5.1/pico-sdk/src/common/pico_util/pheap.c.obj
 .text.ph_remove_head
                0x10001f60       0x14 hw13/mouse/CMakeFiles/mouse.dir/C_/Program_Files/Raspberry_Pi/Pico_SDK_v1.5.1/pico-sdk/src/common/pico_util/pheap.c.obj
                0x10001f60                ph_remove_head
 .text.ph_remove_and_free_node
                0x10001f74       0xf8 hw13/mouse/CMakeFiles/mouse.dir/C_/Program_Files/Raspberry_Pi/Pico_SDK_v1.5.1/pico-sdk/src/common/pico_util/pheap.c.obj
                0x10001f74                ph_remove_and_free_node
 .text.clock_configure
                0x1000206c      0x108 hw13/mouse/CMakeFiles/mouse.dir/C_/Program_Files/Raspberry_Pi/Pico_SDK_v1.5.1/pico-sdk/src/rp2_common/hardware_clocks/clocks.c.obj
                0x1000206c                clock_configure
 .text.clocks_init
                0x10002174      0x100 hw13/mouse/CMakeFiles/mouse.dir/C_/Program_Files/Raspberry_Pi/Pico_SDK_v1.5.1/pico-sdk/src/rp2_common/hardware_clocks/clocks.c.obj
                0x10002174                clocks_init
 .text.clock_get_hz
                0x10002274        0xc hw13/mouse/CMakeFiles/mouse.dir/C_/Program_Files/Raspberry_Pi/Pico_SDK_v1.5.1/pico-sdk/src/rp2_common/hardware_clocks/clocks.c.obj
                0x10002274                clock_get_hz
 .text.pll_init
                0x10002280      0x120 hw13/mouse/CMakeFiles/mouse.dir/C_/Program_Files/Raspberry_Pi/Pico_SDK_v1.5.1/pico-sdk/src/rp2_common/hardware_pll/pll.c.obj
                0x10002280                pll_init
 .text.watchdog_start_tick
                0x100023a0       0x10 hw13/mouse/CMakeFiles/mouse.dir/C_/Program_Files/Raspberry_Pi/Pico_SDK_v1.5.1/pico-sdk/src/rp2_common/hardware_watchdog/watchdog.c.obj
                0x100023a0                watchdog_start_tick
 .text.watchdog_update
                0x100023b0       0x14 hw13/mouse/CMakeFiles/mouse.dir/C_/Program_Files/Raspberry_Pi/Pico_SDK_v1.5.1/pico-sdk/src/rp2_common/hardware_watchdog/watchdog.c.obj
                0x100023b0                watchdog_update
 .text._watchdog_enable
                0x100023c4       0x78 hw13/mouse/CMakeFiles/mouse.dir/C_/Program_Files/Raspberry_Pi/Pico_SDK_v1.5.1/pico-sdk/src/rp2_common/hardware_watchdog/watchdog.c.obj
                0x100023c4                _watchdog_enable
 .text.watchdog_reboot
                0x1000243c       0x48 hw13/mouse/CMakeFiles/mouse.dir/C_/Program_Files/Raspberry_Pi/Pico_SDK_v1.5.1/pico-sdk/src/rp2_common/hardware_watchdog/watchdog.c.obj
                0x1000243c                watchdog_reboot
 .text.xosc_init
                0x10002484       0x28 hw13/mouse/CMakeFiles/mouse.dir/C_/Program_Files/Raspberry_Pi/Pico_SDK_v1.5.1/pico-sdk/src/rp2_common/hardware_xosc/xosc.c.obj
                0x10002484                xosc_init
 .text._exit    0x100024ac        0x4 hw13/mouse/CMakeFiles/mouse.dir/C_/Program_Files/Raspberry_Pi/Pico_SDK_v1.5.1/pico-sdk/src/rp2_common/pico_runtime/runtime.c.obj
                0x100024ac                _exit
 .text.exit     0x100024b0        0x6 hw13/mouse/CMakeFiles/mouse.dir/C_/Program_Files/Raspberry_Pi/Pico_SDK_v1.5.1/pico-sdk/src/rp2_common/pico_runtime/runtime.c.obj
                0x100024b0                exit
 *fill*         0x100024b6        0x2 
 .text.__assert_func
                0x100024b8       0x3c hw13/mouse/CMakeFiles/mouse.dir/C_/Program_Files/Raspberry_Pi/Pico_SDK_v1.5.1/pico-sdk/src/rp2_common/pico_runtime/runtime.c.obj
                0x100024b8                __assert_func
 .text.runtime_init
                0x100024f4       0xf8 hw13/mouse/CMakeFiles/mouse.dir/C_/Program_Files/Raspberry_Pi/Pico_SDK_v1.5.1/pico-sdk/src/rp2_common/pico_runtime/runtime.c.obj
                0x100024f4                runtime_init
 .text.panic    0x100025ec       0x30 hw13/mouse/CMakeFiles/mouse.dir/C_/Program_Files/Raspberry_Pi/Pico_SDK_v1.5.1/pico-sdk/src/rp2_common/pico_runtime/runtime.c.obj
                0x100025ec                panic
 .text._out_null
                0x1000261c        0x2 hw13/mouse/CMakeFiles/mouse.dir/C_/Program_Files/Raspberry_Pi/Pico_SDK_v1.5.1/pico-sdk/src/rp2_common/pico_printf/printf.c.obj
 .text._out_fct
                0x1000261e        0xe hw13/mouse/CMakeFiles/mouse.dir/C_/Program_Files/Raspberry_Pi/Pico_SDK_v1.5.1/pico-sdk/src/rp2_common/pico_printf/printf.c.obj
 .text._atoi    0x1000262c       0x24 hw13/mouse/CMakeFiles/mouse.dir/C_/Program_Files/Raspberry_Pi/Pico_SDK_v1.5.1/pico-sdk/src/rp2_common/pico_printf/printf.c.obj
 .text._out_rev
                0x10002650       0xae hw13/mouse/CMakeFiles/mouse.dir/C_/Program_Files/Raspberry_Pi/Pico_SDK_v1.5.1/pico-sdk/src/rp2_common/pico_printf/printf.c.obj
 .text._ntoa_format
                0x100026fe      0x112 hw13/mouse/CMakeFiles/mouse.dir/C_/Program_Files/Raspberry_Pi/Pico_SDK_v1.5.1/pico-sdk/src/rp2_common/pico_printf/printf.c.obj
 .text._ntoa_long
                0x10002810       0xbc hw13/mouse/CMakeFiles/mouse.dir/C_/Program_Files/Raspberry_Pi/Pico_SDK_v1.5.1/pico-sdk/src/rp2_common/pico_printf/printf.c.obj
 .text._ntoa_long_long
                0x100028cc       0xe2 hw13/mouse/CMakeFiles/mouse.dir/C_/Program_Files/Raspberry_Pi/Pico_SDK_v1.5.1/pico-sdk/src/rp2_common/pico_printf/printf.c.obj
 *fill*         0x100029ae        0x2 
 .text._etoa    0x100029b0      0x414 hw13/mouse/CMakeFiles/mouse.dir/C_/Program_Files/Raspberry_Pi/Pico_SDK_v1.5.1/pico-sdk/src/rp2_common/pico_printf/printf.c.obj
 .text._ftoa    0x10002dc4      0x354 hw13/mouse/CMakeFiles/mouse.dir/C_/Program_Files/Raspberry_Pi/Pico_SDK_v1.5.1/pico-sdk/src/rp2_common/pico_printf/printf.c.obj
 .text._vsnprintf
                0x10003118      0x624 hw13/mouse/CMakeFiles/mouse.dir/C_/Program_Files/Raspberry_Pi/Pico_SDK_v1.5.1/pico-sdk/src/rp2_common/pico_printf/printf.c.obj
 .text.vfctprintf
                0x1000373c       0x20 hw13/mouse/CMakeFiles/mouse.dir/C_/Program_Files/Raspberry_Pi/Pico_SDK_v1.5.1/pico-sdk/src/rp2_common/pico_printf/printf.c.obj
                0x1000373c                vfctprintf
 .text          0x1000375c       0x10 hw13/mouse/CMakeFiles/mouse.dir/C_/Program_Files/Raspberry_Pi/Pico_SDK_v1.5.1/pico-sdk/src/rp2_common/pico_bit_ops/bit_ops_aeabi.S.obj
 .text.rom_func_lookup
                0x1000376c       0x10 hw13/mouse/CMakeFiles/mouse.dir/C_/Program_Files/Raspberry_Pi/Pico_SDK_v1.5.1/pico-sdk/src/rp2_common/pico_bootrom/bootrom.c.obj
                0x1000376c                rom_func_lookup
 .text.rom_data_lookup
                0x1000377c       0x10 hw13/mouse/CMakeFiles/mouse.dir/C_/Program_Files/Raspberry_Pi/Pico_SDK_v1.5.1/pico-sdk/src/rp2_common/pico_bootrom/bootrom.c.obj
                0x1000377c                rom_data_lookup
 .text.rom_funcs_lookup
                0x1000378c       0x36 hw13/mouse/CMakeFiles/mouse.dir/C_/Program_Files/Raspberry_Pi/Pico_SDK_v1.5.1/pico-sdk/src/rp2_common/pico_bootrom/bootrom.c.obj
                0x1000378c                rom_funcs_lookup
 *fill*         0x100037c2        0x2 
 .text.__wrap___aeabi_idiv
                0x100037c4       0x50 hw13/mouse/CMakeFiles/mouse.dir/C_/Program_Files/Raspberry_Pi/Pico_SDK_v1.5.1/pico-sdk/src/rp2_common/pico_divider/divider.S.obj
                0x100037c4                __wrap___aeabi_idivmod
                0x100037c4                divmod_s32s32
                0x100037c4                div_s32s32
                0x100037c4                __wrap___aeabi_idiv
                0x100037cc                divmod_s32s32_unsafe
                0x100037f8                divmod_s32s32_savestate
 .text.__wrap___aeabi_uidiv
                0x10003814       0x4c hw13/mouse/CMakeFiles/mouse.dir/C_/Program_Files/Raspberry_Pi/Pico_SDK_v1.5.1/pico-sdk/src/rp2_common/pico_divider/divider.S.obj
                0x10003814                __wrap___aeabi_uidiv
                0x10003814                __wrap___aeabi_uidivmod
                0x10003814                div_u32u32
                0x10003814                divmod_u32u32
                0x1000381c                divmod_u32u32_unsafe
                0x10003844                divmod_u32u32_savestate
 .text.__wrap___aeabi_ldiv
                0x10003860      0x424 hw13/mouse/CMakeFiles/mouse.dir/C_/Program_Files/Raspberry_Pi/Pico_SDK_v1.5.1/pico-sdk/src/rp2_common/pico_divider/divider.S.obj
                0x10003860                div_s64s64
                0x10003860                divmod_s64s64
                0x10003860                __wrap___aeabi_ldivmod
                0x10003890                divmod_u64u64
                0x10003890                div_u64u64
                0x10003890                __wrap___aeabi_uldivmod
                0x100038a0                divmod_u64u64_savestate
                0x100038c0                divmod_s64s64_unsafe
                0x10003948                divmod_u64u64_unsafe
 .text.__wrap___aeabi_darithmetic
                0x10003c84       0x80 hw13/mouse/CMakeFiles/mouse.dir/C_/Program_Files/Raspberry_Pi/Pico_SDK_v1.5.1/pico-sdk/src/rp2_common/pico_double/double_aeabi.S.obj
                0x10003c84                __wrap___aeabi_drsub
                0x10003c8a                __wrap___aeabi_dsub
                0x10003c9c                __wrap___aeabi_dadd
                0x10003cae                __wrap___aeabi_ddiv
                0x10003cea                __wrap___aeabi_dmul
 .text.__wrap___aeabi_cdcmple
                0x10003d04       0x6c hw13/mouse/CMakeFiles/mouse.dir/C_/Program_Files/Raspberry_Pi/Pico_SDK_v1.5.1/pico-sdk/src/rp2_common/pico_double/double_aeabi.S.obj
                0x10003d04                __wrap___aeabi_cdrcmple
                0x10003d14                __wrap___aeabi_cdcmpeq
                0x10003d14                __wrap___aeabi_cdcmple
 .text.__wrap___aeabi_dcmplt
                0x10003d70        0xc hw13/mouse/CMakeFiles/mouse.dir/C_/Program_Files/Raspberry_Pi/Pico_SDK_v1.5.1/pico-sdk/src/rp2_common/pico_double/double_aeabi.S.obj
                0x10003d70                __wrap___aeabi_dcmplt
 .text.__wrap___aeabi_dcmple
                0x10003d7c       0x10 hw13/mouse/CMakeFiles/mouse.dir/C_/Program_Files/Raspberry_Pi/Pico_SDK_v1.5.1/pico-sdk/src/rp2_common/pico_double/double_aeabi.S.obj
                0x10003d7c                __wrap___aeabi_dcmple
 .text.__wrap___aeabi_dcmpge
                0x10003d8c       0x10 hw13/mouse/CMakeFiles/mouse.dir/C_/Program_Files/Raspberry_Pi/Pico_SDK_v1.5.1/pico-sdk/src/rp2_common/pico_double/double_aeabi.S.obj
                0x10003d8c                __wrap___aeabi_dcmpge
 .text.__wrap___aeabi_dcmpgt
                0x10003d9c        0xa hw13/mouse/CMakeFiles/mouse.dir/C_/Program_Files/Raspberry_Pi/Pico_SDK_v1.5.1/pico-sdk/src/rp2_common/pico_double/double_aeabi.S.obj
                0x10003d9c                __wrap___aeabi_dcmpgt
 .text.__wrap___aeabi_dcmpun
                0x10003da6       0x1c hw13/mouse/CMakeFiles/mouse.dir/C_/Program_Files/Raspberry_Pi/Pico_SDK_v1.5.1/pico-sdk/src/rp2_common/pico_double/double_aeabi.S.obj
                0x10003da6                __wrap___aeabi_dcmpun
 *fill*         0x10003dc2        0x2 
 .text.__wrap___aeabi_i2d
                0x10003dc4       0x38 hw13/mouse/CMakeFiles/mouse.dir/C_/Program_Files/Raspberry_Pi/Pico_SDK_v1.5.1/pico-sdk/src/rp2_common/pico_double/double_aeabi.S.obj
                0x10003dc4                __wrap___aeabi_ui2d
                0x10003dcc                __wrap___aeabi_i2d
 .text.__wrap___aeabi_d2iz
                0x10003dfc       0x48 hw13/mouse/CMakeFiles/mouse.dir/C_/Program_Files/Raspberry_Pi/Pico_SDK_v1.5.1/pico-sdk/src/rp2_common/pico_double/double_aeabi.S.obj
                0x10003dfc                double2int_z
                0x10003dfc                __wrap___aeabi_d2iz
 .text.__wrap___aeabi_d2uiz
                0x10003e44       0x18 hw13/mouse/CMakeFiles/mouse.dir/C_/Program_Files/Raspberry_Pi/Pico_SDK_v1.5.1/pico-sdk/src/rp2_common/pico_double/double_aeabi.S.obj
                0x10003e44                __wrap___aeabi_d2uiz
                0x10003e44                double2uint
 .text.__aeabi_double_init
                0x10003e5c       0xc8 hw13/mouse/CMakeFiles/mouse.dir/C_/Program_Files/Raspberry_Pi/Pico_SDK_v1.5.1/pico-sdk/src/rp2_common/pico_double/double_init_rom.c.obj
                0x10003e5c                __aeabi_double_init
 .text.double_table_shim_on_use_helper
                0x10003f24       0x34 hw13/mouse/CMakeFiles/mouse.dir/C_/Program_Files/Raspberry_Pi/Pico_SDK_v1.5.1/pico-sdk/src/rp2_common/pico_double/double_v1_rom_shim.S.obj
                0x10003f24                double_table_shim_on_use_helper
 .text.__wrap___aeabi_dsub
                0x10003f58       0x10 hw13/mouse/CMakeFiles/mouse.dir/C_/Program_Files/Raspberry_Pi/Pico_SDK_v1.5.1/pico-sdk/src/rp2_common/pico_double/double_v1_rom_shim.S.obj
                0x10003f58                drsub_shim
                0x10003f5e                dsub_shim
 .text.dadd_shim
                0x10003f68      0x15c hw13/mouse/CMakeFiles/mouse.dir/C_/Program_Files/Raspberry_Pi/Pico_SDK_v1.5.1/pico-sdk/src/rp2_common/pico_double/double_v1_rom_shim.S.obj
                0x10003f68                dadd_shim
 .text.dmul_shim
                0x100040c4      0x15c hw13/mouse/CMakeFiles/mouse.dir/C_/Program_Files/Raspberry_Pi/Pico_SDK_v1.5.1/pico-sdk/src/rp2_common/pico_double/double_v1_rom_shim.S.obj
                0x100040c4                dmul_shim
 .text.ddiv_shim
                0x10004220      0x1b0 hw13/mouse/CMakeFiles/mouse.dir/C_/Program_Files/Raspberry_Pi/Pico_SDK_v1.5.1/pico-sdk/src/rp2_common/pico_double/double_v1_rom_shim.S.obj
                0x10004220                ddiv_shim
 .text.double2uint_shim
                0x100043d0        0xe hw13/mouse/CMakeFiles/mouse.dir/C_/Program_Files/Raspberry_Pi/Pico_SDK_v1.5.1/pico-sdk/src/rp2_common/pico_double/double_v1_rom_shim.S.obj
                0x100043d0                double2uint_shim
                0x100043d2                double2ufix_shim
 *fill*         0x100043de        0x2 
 .text.double2uint64_shim
                0x100043e0       0x70 hw13/mouse/CMakeFiles/mouse.dir/C_/Program_Files/Raspberry_Pi/Pico_SDK_v1.5.1/pico-sdk/src/rp2_common/pico_double/double_v1_rom_shim.S.obj
                0x100043e0                double2uint64_shim
                0x100043e2                double2ufix64_shim
                0x10004402                d2fix_a
 .text.dunpacks
                0x10004450       0x3c hw13/mouse/CMakeFiles/mouse.dir/C_/Program_Files/Raspberry_Pi/Pico_SDK_v1.5.1/pico-sdk/src/rp2_common/pico_double/double_v1_rom_shim.S.obj
                0x10004450                dunpacks
 .text.__aeabi_lmul
                0x1000448c       0x32 hw13/mouse/CMakeFiles/mouse.dir/C_/Program_Files/Raspberry_Pi/Pico_SDK_v1.5.1/pico-sdk/src/rp2_common/pico_int64_ops/pico_int64_ops_aeabi.S.obj
                0x1000448c                __wrap___aeabi_lmul
 *fill*         0x100044be        0x2 
 .text.__aeabi_float_init
                0x100044c0       0xfc hw13/mouse/CMakeFiles/mouse.dir/C_/Program_Files/Raspberry_Pi/Pico_SDK_v1.5.1/pico-sdk/src/rp2_common/pico_float/float_init_rom.c.obj
                0x100044c0                __aeabi_float_init
 .text.float_table_shim_on_use_helper
                0x100045bc       0x34 hw13/mouse/CMakeFiles/mouse.dir/C_/Program_Files/Raspberry_Pi/Pico_SDK_v1.5.1/pico-sdk/src/rp2_common/pico_float/float_v1_rom_shim.S.obj
                0x100045bc                float_table_shim_on_use_helper
 .text          0x100045f0       0x10 hw13/mouse/CMakeFiles/mouse.dir/C_/Program_Files/Raspberry_Pi/Pico_SDK_v1.5.1/pico-sdk/src/rp2_common/pico_mem_ops/mem_ops_aeabi.S.obj
                0x100045f0                __aeabi_mem_init
 .text.memset   0x10004600        0xc hw13/mouse/CMakeFiles/mouse.dir/C_/Program_Files/Raspberry_Pi/Pico_SDK_v1.5.1/pico-sdk/src/rp2_common/pico_mem_ops/mem_ops_aeabi.S.obj
                0x10004600                __wrap_memset
 .text.memcpy   0x1000460c        0xc hw13/mouse/CMakeFiles/mouse.dir/C_/Program_Files/Raspberry_Pi/Pico_SDK_v1.5.1/pico-sdk/src/rp2_common/pico_mem_ops/mem_ops_aeabi.S.obj
                0x1000460c                __wrap_memcpy
                0x1000460c                __wrap___aeabi_memcpy
 .text.stdio_out_chars_no_crlf
                0x10004618        0xe hw13/mouse/CMakeFiles/mouse.dir/C_/Program_Files/Raspberry_Pi/Pico_SDK_v1.5.1/pico-sdk/src/rp2_common/pico_stdio/stdio.c.obj
 *fill*         0x10004626        0x2 
 .text.stdio_out_chars_crlf
                0x10004628       0x80 hw13/mouse/CMakeFiles/mouse.dir/C_/Program_Files/Raspberry_Pi/Pico_SDK_v1.5.1/pico-sdk/src/rp2_common/pico_stdio/stdio.c.obj
 .text.stdio_stack_buffer_flush
                0x100046a8       0x44 hw13/mouse/CMakeFiles/mouse.dir/C_/Program_Files/Raspberry_Pi/Pico_SDK_v1.5.1/pico-sdk/src/rp2_common/pico_stdio/stdio.c.obj
 .text.stdio_buffered_printer
                0x100046ec       0x20 hw13/mouse/CMakeFiles/mouse.dir/C_/Program_Files/Raspberry_Pi/Pico_SDK_v1.5.1/pico-sdk/src/rp2_common/pico_stdio/stdio.c.obj
 .text.stdout_serialize_begin
                0x1000470c       0x5c hw13/mouse/CMakeFiles/mouse.dir/C_/Program_Files/Raspberry_Pi/Pico_SDK_v1.5.1/pico-sdk/src/rp2_common/pico_stdio/stdio.c.obj
                0x1000470c                stdout_serialize_begin
 .text.stdout_serialize_end
                0x10004768       0x10 hw13/mouse/CMakeFiles/mouse.dir/C_/Program_Files/Raspberry_Pi/Pico_SDK_v1.5.1/pico-sdk/src/rp2_common/pico_stdio/stdio.c.obj
                0x10004768                stdout_serialize_end
 .text.stdio_put_string
                0x10004778       0x98 hw13/mouse/CMakeFiles/mouse.dir/C_/Program_Files/Raspberry_Pi/Pico_SDK_v1.5.1/pico-sdk/src/rp2_common/pico_stdio/stdio.c.obj
 .text.stdio_set_driver_enabled
                0x10004810       0x2c hw13/mouse/CMakeFiles/mouse.dir/C_/Program_Files/Raspberry_Pi/Pico_SDK_v1.5.1/pico-sdk/src/rp2_common/pico_stdio/stdio.c.obj
                0x10004810                stdio_set_driver_enabled
 .text.stdio_flush
                0x1000483c       0x20 hw13/mouse/CMakeFiles/mouse.dir/C_/Program_Files/Raspberry_Pi/Pico_SDK_v1.5.1/pico-sdk/src/rp2_common/pico_stdio/stdio.c.obj
                0x1000483c                stdio_flush
 .text.__wrap_puts
                0x1000485c       0x1e hw13/mouse/CMakeFiles/mouse.dir/C_/Program_Files/Raspberry_Pi/Pico_SDK_v1.5.1/pico-sdk/src/rp2_common/pico_stdio/stdio.c.obj
                0x1000485c                __wrap_puts
 *fill*         0x1000487a        0x2 
 .text.__wrap_vprintf
                0x1000487c       0x40 hw13/mouse/CMakeFiles/mouse.dir/C_/Program_Files/Raspberry_Pi/Pico_SDK_v1.5.1/pico-sdk/src/rp2_common/pico_stdio/stdio.c.obj
                0x1000487c                __wrap_vprintf
 .text.__wrap_printf
                0x100048bc       0x18 hw13/mouse/CMakeFiles/mouse.dir/C_/Program_Files/Raspberry_Pi/Pico_SDK_v1.5.1/pico-sdk/src/rp2_common/pico_stdio/stdio.c.obj
                0x100048bc                __wrap_printf
 .text.stdio_init_all
                0x100048d4        0x8 hw13/mouse/CMakeFiles/mouse.dir/C_/Program_Files/Raspberry_Pi/Pico_SDK_v1.5.1/pico-sdk/src/rp2_common/pico_stdio/stdio.c.obj
                0x100048d4                stdio_init_all
 .text.resetd_init
                0x100048dc        0x2 hw13/mouse/CMakeFiles/mouse.dir/C_/Program_Files/Raspberry_Pi/Pico_SDK_v1.5.1/pico-sdk/src/rp2_common/pico_stdio_usb/reset_interface.c.obj
 *fill*         0x100048de        0x2 
 .text.resetd_reset
                0x100048e0        0xc hw13/mouse/CMakeFiles/mouse.dir/C_/Program_Files/Raspberry_Pi/Pico_SDK_v1.5.1/pico-sdk/src/rp2_common/pico_stdio_usb/reset_interface.c.obj
 .text.resetd_open
                0x100048ec       0x34 hw13/mouse/CMakeFiles/mouse.dir/C_/Program_Files/Raspberry_Pi/Pico_SDK_v1.5.1/pico-sdk/src/rp2_common/pico_stdio_usb/reset_interface.c.obj
 .text.resetd_xfer_cb
                0x10004920        0x4 hw13/mouse/CMakeFiles/mouse.dir/C_/Program_Files/Raspberry_Pi/Pico_SDK_v1.5.1/pico-sdk/src/rp2_common/pico_stdio_usb/reset_interface.c.obj
 .text.reset_usb_boot
                0x10004924       0x18 hw13/mouse/CMakeFiles/mouse.dir/C_/Program_Files/Raspberry_Pi/Pico_SDK_v1.5.1/pico-sdk/src/rp2_common/pico_stdio_usb/reset_interface.c.obj
 .text.resetd_control_xfer_cb
                0x1000493c       0x5c hw13/mouse/CMakeFiles/mouse.dir/C_/Program_Files/Raspberry_Pi/Pico_SDK_v1.5.1/pico-sdk/src/rp2_common/pico_stdio_usb/reset_interface.c.obj
 .text.usbd_app_driver_get_cb
                0x10004998        0xc hw13/mouse/CMakeFiles/mouse.dir/C_/Program_Files/Raspberry_Pi/Pico_SDK_v1.5.1/pico-sdk/src/rp2_common/pico_stdio_usb/reset_interface.c.obj
                0x10004998                usbd_app_driver_get_cb
 .text.tud_cdc_line_coding_cb
                0x100049a4       0x28 hw13/mouse/CMakeFiles/mouse.dir/C_/Program_Files/Raspberry_Pi/Pico_SDK_v1.5.1/pico-sdk/src/rp2_common/pico_stdio_usb/reset_interface.c.obj
                0x100049a4                tud_cdc_line_coding_cb
 .text.stdio_usb_set_chars_available_callback
                0x100049cc       0x14 hw13/mouse/CMakeFiles/mouse.dir/C_/Program_Files/Raspberry_Pi/Pico_SDK_v1.5.1/pico-sdk/src/rp2_common/pico_stdio_usb/stdio_usb.c.obj
                0x100049cc                stdio_usb_set_chars_available_callback
 .text.usb_irq  0x100049e0       0x10 hw13/mouse/CMakeFiles/mouse.dir/C_/Program_Files/Raspberry_Pi/Pico_SDK_v1.5.1/pico-sdk/src/rp2_common/pico_stdio_usb/stdio_usb.c.obj
 .text.timer_task
                0x100049f0       0x5c hw13/mouse/CMakeFiles/mouse.dir/C_/Program_Files/Raspberry_Pi/Pico_SDK_v1.5.1/pico-sdk/src/rp2_common/pico_stdio_usb/stdio_usb.c.obj
 .text.low_priority_worker_irq
                0x10004a4c       0xdc hw13/mouse/CMakeFiles/mouse.dir/C_/Program_Files/Raspberry_Pi/Pico_SDK_v1.5.1/pico-sdk/src/rp2_common/pico_stdio_usb/stdio_usb.c.obj
 .text.tud_cdc_rx_cb
                0x10004b28       0x20 hw13/mouse/CMakeFiles/mouse.dir/C_/Program_Files/Raspberry_Pi/Pico_SDK_v1.5.1/pico-sdk/src/rp2_common/pico_stdio_usb/stdio_usb.c.obj
                0x10004b28                tud_cdc_rx_cb
 .text.stdio_usb_init
                0x10004b48      0x11c hw13/mouse/CMakeFiles/mouse.dir/C_/Program_Files/Raspberry_Pi/Pico_SDK_v1.5.1/pico-sdk/src/rp2_common/pico_stdio_usb/stdio_usb.c.obj
                0x10004b48                stdio_usb_init
 .text.stdio_usb_connected
                0x10004c64        0xa hw13/mouse/CMakeFiles/mouse.dir/C_/Program_Files/Raspberry_Pi/Pico_SDK_v1.5.1/pico-sdk/src/rp2_common/pico_stdio_usb/stdio_usb.c.obj
                0x10004c64                stdio_usb_connected
 *fill*         0x10004c6e        0x2 
 .text.stdio_usb_in_chars
                0x10004c70       0xc4 hw13/mouse/CMakeFiles/mouse.dir/C_/Program_Files/Raspberry_Pi/Pico_SDK_v1.5.1/pico-sdk/src/rp2_common/pico_stdio_usb/stdio_usb.c.obj
                0x10004c70                stdio_usb_in_chars
 .text.stdio_usb_out_chars
                0x10004d34      0x114 hw13/mouse/CMakeFiles/mouse.dir/C_/Program_Files/Raspberry_Pi/Pico_SDK_v1.5.1/pico-sdk/src/rp2_common/pico_stdio_usb/stdio_usb.c.obj
 .text.tud_descriptor_device_cb
                0x10004e48        0x8 hw13/mouse/CMakeFiles/mouse.dir/C_/Program_Files/Raspberry_Pi/Pico_SDK_v1.5.1/pico-sdk/src/rp2_common/pico_stdio_usb/stdio_usb_descriptors.c.obj
                0x10004e48                tud_descriptor_device_cb
 .text.tud_descriptor_configuration_cb
                0x10004e50        0x8 hw13/mouse/CMakeFiles/mouse.dir/C_/Program_Files/Raspberry_Pi/Pico_SDK_v1.5.1/pico-sdk/src/rp2_common/pico_stdio_usb/stdio_usb_descriptors.c.obj
                0x10004e50                tud_descriptor_configuration_cb
 .text.tud_descriptor_string_cb
                0x10004e58       0x6c hw13/mouse/CMakeFiles/mouse.dir/C_/Program_Files/Raspberry_Pi/Pico_SDK_v1.5.1/pico-sdk/src/rp2_common/pico_stdio_usb/stdio_usb_descriptors.c.obj
                0x10004e58                tud_descriptor_string_cb
 .text._retrieve_unique_id_on_boot
                0x10004ec4       0x10 hw13/mouse/CMakeFiles/mouse.dir/C_/Program_Files/Raspberry_Pi/Pico_SDK_v1.5.1/pico-sdk/src/rp2_common/pico_unique_id/unique_id.c.obj
 .text.pico_get_unique_board_id_string
                0x10004ed4       0x60 hw13/mouse/CMakeFiles/mouse.dir/C_/Program_Files/Raspberry_Pi/Pico_SDK_v1.5.1/pico-sdk/src/rp2_common/pico_unique_id/unique_id.c.obj
                0x10004ed4                pico_get_unique_board_id_string
 .text.flash_get_unique_id
                0x10004f34       0x46 hw13/mouse/CMakeFiles/mouse.dir/C_/Program_Files/Raspberry_Pi/Pico_SDK_v1.5.1/pico-sdk/src/rp2_common/hardware_flash/flash.c.obj
                0x10004f34                flash_get_unique_id
 *fill*         0x10004f7a        0x2 
 .text.hw_endpoint_get_by_addr
                0x10004f7c       0x18 hw13/mouse/CMakeFiles/mouse.dir/C_/Program_Files/Raspberry_Pi/Pico_SDK_v1.5.1/pico-sdk/lib/tinyusb/src/portable/raspberrypi/rp2040/dcd_rp2040.c.obj
 .text._hw_endpoint_alloc
                0x10004f94       0x70 hw13/mouse/CMakeFiles/mouse.dir/C_/Program_Files/Raspberry_Pi/Pico_SDK_v1.5.1/pico-sdk/lib/tinyusb/src/portable/raspberrypi/rp2040/dcd_rp2040.c.obj
 .text.hw_endpoint_init
                0x10005004       0x88 hw13/mouse/CMakeFiles/mouse.dir/C_/Program_Files/Raspberry_Pi/Pico_SDK_v1.5.1/pico-sdk/lib/tinyusb/src/portable/raspberrypi/rp2040/dcd_rp2040.c.obj
 .text.hw_endpoint_xfer
                0x1000508c       0x14 hw13/mouse/CMakeFiles/mouse.dir/C_/Program_Files/Raspberry_Pi/Pico_SDK_v1.5.1/pico-sdk/lib/tinyusb/src/portable/raspberrypi/rp2040/dcd_rp2040.c.obj
 .text.dcd_int_enable
                0x100050a0       0x2c hw13/mouse/CMakeFiles/mouse.dir/C_/Program_Files/Raspberry_Pi/Pico_SDK_v1.5.1/pico-sdk/lib/tinyusb/src/portable/raspberrypi/rp2040/dcd_rp2040.c.obj
                0x100050a0                dcd_int_enable
 .text.dcd_set_address
                0x100050cc       0x2c hw13/mouse/CMakeFiles/mouse.dir/C_/Program_Files/Raspberry_Pi/Pico_SDK_v1.5.1/pico-sdk/lib/tinyusb/src/portable/raspberrypi/rp2040/dcd_rp2040.c.obj
                0x100050cc                dcd_set_address
 .text.dcd_connect
                0x100050f8       0x10 hw13/mouse/CMakeFiles/mouse.dir/C_/Program_Files/Raspberry_Pi/Pico_SDK_v1.5.1/pico-sdk/lib/tinyusb/src/portable/raspberrypi/rp2040/dcd_rp2040.c.obj
                0x100050f8                dcd_connect
 .text.dcd_init
                0x10005108       0x80 hw13/mouse/CMakeFiles/mouse.dir/C_/Program_Files/Raspberry_Pi/Pico_SDK_v1.5.1/pico-sdk/lib/tinyusb/src/portable/raspberrypi/rp2040/dcd_rp2040.c.obj
                0x10005108                dcd_init
 .text.dcd_edpt0_status_complete
                0x10005188       0x1c hw13/mouse/CMakeFiles/mouse.dir/C_/Program_Files/Raspberry_Pi/Pico_SDK_v1.5.1/pico-sdk/lib/tinyusb/src/portable/raspberrypi/rp2040/dcd_rp2040.c.obj
                0x10005188                dcd_edpt0_status_complete
 .text.dcd_edpt_open
                0x100051a4       0x40 hw13/mouse/CMakeFiles/mouse.dir/C_/Program_Files/Raspberry_Pi/Pico_SDK_v1.5.1/pico-sdk/lib/tinyusb/src/portable/raspberrypi/rp2040/dcd_rp2040.c.obj
                0x100051a4                dcd_edpt_open
 .text.dcd_edpt_close_all
                0x100051e4        0x8 hw13/mouse/CMakeFiles/mouse.dir/C_/Program_Files/Raspberry_Pi/Pico_SDK_v1.5.1/pico-sdk/lib/tinyusb/src/portable/raspberrypi/rp2040/dcd_rp2040.c.obj
                0x100051e4                dcd_edpt_close_all
 .text.dcd_edpt_xfer
                0x100051ec       0x34 hw13/mouse/CMakeFiles/mouse.dir/C_/Program_Files/Raspberry_Pi/Pico_SDK_v1.5.1/pico-sdk/lib/tinyusb/src/portable/raspberrypi/rp2040/dcd_rp2040.c.obj
                0x100051ec                dcd_edpt_xfer
 .text.dcd_edpt_stall
                0x10005220       0x2c hw13/mouse/CMakeFiles/mouse.dir/C_/Program_Files/Raspberry_Pi/Pico_SDK_v1.5.1/pico-sdk/lib/tinyusb/src/portable/raspberrypi/rp2040/dcd_rp2040.c.obj
                0x10005220                dcd_edpt_stall
 .text.dcd_edpt_clear_stall
                0x1000524c       0x20 hw13/mouse/CMakeFiles/mouse.dir/C_/Program_Files/Raspberry_Pi/Pico_SDK_v1.5.1/pico-sdk/lib/tinyusb/src/portable/raspberrypi/rp2040/dcd_rp2040.c.obj
                0x1000524c                dcd_edpt_clear_stall
 .text.rp2040_usb_init
                0x1000526c       0x4c hw13/mouse/CMakeFiles/mouse.dir/C_/Program_Files/Raspberry_Pi/Pico_SDK_v1.5.1/pico-sdk/lib/tinyusb/src/portable/raspberrypi/rp2040/rp2040_usb.c.obj
                0x1000526c                rp2040_usb_init
 .text.hw_endpoint_xfer_start
                0x100052b8       0x50 hw13/mouse/CMakeFiles/mouse.dir/C_/Program_Files/Raspberry_Pi/Pico_SDK_v1.5.1/pico-sdk/lib/tinyusb/src/portable/raspberrypi/rp2040/rp2040_usb.c.obj
                0x100052b8                hw_endpoint_xfer_start
 .text.configuration_reset
                0x10005308       0x84 hw13/mouse/CMakeFiles/mouse.dir/C_/Program_Files/Raspberry_Pi/Pico_SDK_v1.5.1/pico-sdk/lib/tinyusb/src/device/usbd.c.obj
 .text.usbd_reset
                0x1000538c        0xc hw13/mouse/CMakeFiles/mouse.dir/C_/Program_Files/Raspberry_Pi/Pico_SDK_v1.5.1/pico-sdk/lib/tinyusb/src/device/usbd.c.obj
 .text.invoke_class_control
                0x10005398       0x1a hw13/mouse/CMakeFiles/mouse.dir/C_/Program_Files/Raspberry_Pi/Pico_SDK_v1.5.1/pico-sdk/lib/tinyusb/src/device/usbd.c.obj
 *fill*         0x100053b2        0x2 
 .text.process_set_config
                0x100053b4      0x178 hw13/mouse/CMakeFiles/mouse.dir/C_/Program_Files/Raspberry_Pi/Pico_SDK_v1.5.1/pico-sdk/lib/tinyusb/src/device/usbd.c.obj
 .text.process_get_descriptor
                0x1000552c       0xdc hw13/mouse/CMakeFiles/mouse.dir/C_/Program_Files/Raspberry_Pi/Pico_SDK_v1.5.1/pico-sdk/lib/tinyusb/src/device/usbd.c.obj
 .text.tud_mounted
                0x10005608       0x10 hw13/mouse/CMakeFiles/mouse.dir/C_/Program_Files/Raspberry_Pi/Pico_SDK_v1.5.1/pico-sdk/lib/tinyusb/src/device/usbd.c.obj
                0x10005608                tud_mounted
 .text.tud_suspended
                0x10005618       0x10 hw13/mouse/CMakeFiles/mouse.dir/C_/Program_Files/Raspberry_Pi/Pico_SDK_v1.5.1/pico-sdk/lib/tinyusb/src/device/usbd.c.obj
                0x10005618                tud_suspended
 .text.tud_inited
                0x10005628       0x14 hw13/mouse/CMakeFiles/mouse.dir/C_/Program_Files/Raspberry_Pi/Pico_SDK_v1.5.1/pico-sdk/lib/tinyusb/src/device/usbd.c.obj
                0x10005628                tud_inited
 .text.tud_init
                0x1000563c       0xcc hw13/mouse/CMakeFiles/mouse.dir/C_/Program_Files/Raspberry_Pi/Pico_SDK_v1.5.1/pico-sdk/lib/tinyusb/src/device/usbd.c.obj
                0x1000563c                tud_init
 .text.usbd_defer_func
                0x10005708       0x2a hw13/mouse/CMakeFiles/mouse.dir/C_/Program_Files/Raspberry_Pi/Pico_SDK_v1.5.1/pico-sdk/lib/tinyusb/src/device/usbd.c.obj
                0x10005708                usbd_defer_func
 *fill*         0x10005732        0x2 
 .text.usbd_edpt_open
                0x10005734       0x34 hw13/mouse/CMakeFiles/mouse.dir/C_/Program_Files/Raspberry_Pi/Pico_SDK_v1.5.1/pico-sdk/lib/tinyusb/src/device/usbd.c.obj
                0x10005734                usbd_edpt_open
 .text.usbd_open_edpt_pair
                0x10005768       0x62 hw13/mouse/CMakeFiles/mouse.dir/C_/Program_Files/Raspberry_Pi/Pico_SDK_v1.5.1/pico-sdk/lib/tinyusb/src/device/usbd.c.obj
                0x10005768                usbd_open_edpt_pair
 *fill*         0x100057ca        0x2 
 .text.usbd_edpt_claim
                0x100057cc       0x28 hw13/mouse/CMakeFiles/mouse.dir/C_/Program_Files/Raspberry_Pi/Pico_SDK_v1.5.1/pico-sdk/lib/tinyusb/src/device/usbd.c.obj
                0x100057cc                usbd_edpt_claim
 .text.usbd_edpt_release
                0x100057f4       0x28 hw13/mouse/CMakeFiles/mouse.dir/C_/Program_Files/Raspberry_Pi/Pico_SDK_v1.5.1/pico-sdk/lib/tinyusb/src/device/usbd.c.obj
                0x100057f4                usbd_edpt_release
 .text.usbd_edpt_xfer
                0x1000581c       0x78 hw13/mouse/CMakeFiles/mouse.dir/C_/Program_Files/Raspberry_Pi/Pico_SDK_v1.5.1/pico-sdk/lib/tinyusb/src/device/usbd.c.obj
                0x1000581c                usbd_edpt_xfer
 .text.usbd_edpt_stall
                0x10005894       0x48 hw13/mouse/CMakeFiles/mouse.dir/C_/Program_Files/Raspberry_Pi/Pico_SDK_v1.5.1/pico-sdk/lib/tinyusb/src/device/usbd.c.obj
                0x10005894                usbd_edpt_stall
 .text.usbd_edpt_clear_stall
                0x100058dc       0x48 hw13/mouse/CMakeFiles/mouse.dir/C_/Program_Files/Raspberry_Pi/Pico_SDK_v1.5.1/pico-sdk/lib/tinyusb/src/device/usbd.c.obj
                0x100058dc                usbd_edpt_clear_stall
 .text.usbd_edpt_stalled
                0x10005924       0x1c hw13/mouse/CMakeFiles/mouse.dir/C_/Program_Files/Raspberry_Pi/Pico_SDK_v1.5.1/pico-sdk/lib/tinyusb/src/device/usbd.c.obj
                0x10005924                usbd_edpt_stalled
 .text.process_control_request
                0x10005940      0x37c hw13/mouse/CMakeFiles/mouse.dir/C_/Program_Files/Raspberry_Pi/Pico_SDK_v1.5.1/pico-sdk/lib/tinyusb/src/device/usbd.c.obj
 .text.tud_task_ext
                0x10005cbc      0x1b8 hw13/mouse/CMakeFiles/mouse.dir/C_/Program_Files/Raspberry_Pi/Pico_SDK_v1.5.1/pico-sdk/lib/tinyusb/src/device/usbd.c.obj
                0x10005cbc                tud_task_ext
 .text._data_stage_xact
                0x10005e74       0x58 hw13/mouse/CMakeFiles/mouse.dir/C_/Program_Files/Raspberry_Pi/Pico_SDK_v1.5.1/pico-sdk/lib/tinyusb/src/device/usbd_control.c.obj
 .text.tud_control_status
                0x10005ecc       0x38 hw13/mouse/CMakeFiles/mouse.dir/C_/Program_Files/Raspberry_Pi/Pico_SDK_v1.5.1/pico-sdk/lib/tinyusb/src/device/usbd_control.c.obj
                0x10005ecc                tud_control_status
 .text.tud_control_xfer
                0x10005f04       0x74 hw13/mouse/CMakeFiles/mouse.dir/C_/Program_Files/Raspberry_Pi/Pico_SDK_v1.5.1/pico-sdk/lib/tinyusb/src/device/usbd_control.c.obj
                0x10005f04                tud_control_xfer
 .text.usbd_control_reset
                0x10005f78       0x14 hw13/mouse/CMakeFiles/mouse.dir/C_/Program_Files/Raspberry_Pi/Pico_SDK_v1.5.1/pico-sdk/lib/tinyusb/src/device/usbd_control.c.obj
                0x10005f78                usbd_control_reset
 .text.usbd_control_set_complete_callback
                0x10005f8c        0xc hw13/mouse/CMakeFiles/mouse.dir/C_/Program_Files/Raspberry_Pi/Pico_SDK_v1.5.1/pico-sdk/lib/tinyusb/src/device/usbd_control.c.obj
                0x10005f8c                usbd_control_set_complete_callback
 .text.usbd_control_set_request
                0x10005f98       0x1c hw13/mouse/CMakeFiles/mouse.dir/C_/Program_Files/Raspberry_Pi/Pico_SDK_v1.5.1/pico-sdk/lib/tinyusb/src/device/usbd_control.c.obj
                0x10005f98                usbd_control_set_request
 .text.usbd_control_xfer_cb
                0x10005fb4       0xcc hw13/mouse/CMakeFiles/mouse.dir/C_/Program_Files/Raspberry_Pi/Pico_SDK_v1.5.1/pico-sdk/lib/tinyusb/src/device/usbd_control.c.obj
                0x10005fb4                usbd_control_xfer_cb
 .text._prep_out_transaction
                0x10006080       0x4a hw13/mouse/CMakeFiles/mouse.dir/C_/Program_Files/Raspberry_Pi/Pico_SDK_v1.5.1/pico-sdk/lib/tinyusb/src/class/cdc/cdc_device.c.obj
 *fill*         0x100060ca        0x2 
 .text.tud_cdc_n_connected
                0x100060cc       0x44 hw13/mouse/CMakeFiles/mouse.dir/C_/Program_Files/Raspberry_Pi/Pico_SDK_v1.5.1/pico-sdk/lib/tinyusb/src/class/cdc/cdc_device.c.obj
                0x100060cc                tud_cdc_n_connected
 .text.tud_cdc_n_available
                0x10006110       0x18 hw13/mouse/CMakeFiles/mouse.dir/C_/Program_Files/Raspberry_Pi/Pico_SDK_v1.5.1/pico-sdk/lib/tinyusb/src/class/cdc/cdc_device.c.obj
                0x10006110                tud_cdc_n_available
 .text.tud_cdc_n_read
                0x10006128       0x28 hw13/mouse/CMakeFiles/mouse.dir/C_/Program_Files/Raspberry_Pi/Pico_SDK_v1.5.1/pico-sdk/lib/tinyusb/src/class/cdc/cdc_device.c.obj
                0x10006128                tud_cdc_n_read
 .text.tud_cdc_n_write_flush
                0x10006150       0xb8 hw13/mouse/CMakeFiles/mouse.dir/C_/Program_Files/Raspberry_Pi/Pico_SDK_v1.5.1/pico-sdk/lib/tinyusb/src/class/cdc/cdc_device.c.obj
                0x10006150                tud_cdc_n_write_flush
 .text.tud_cdc_n_write
                0x10006208       0x38 hw13/mouse/CMakeFiles/mouse.dir/C_/Program_Files/Raspberry_Pi/Pico_SDK_v1.5.1/pico-sdk/lib/tinyusb/src/class/cdc/cdc_device.c.obj
                0x10006208                tud_cdc_n_write
 .text.tud_cdc_n_write_available
                0x10006240       0x1c hw13/mouse/CMakeFiles/mouse.dir/C_/Program_Files/Raspberry_Pi/Pico_SDK_v1.5.1/pico-sdk/lib/tinyusb/src/class/cdc/cdc_device.c.obj
                0x10006240                tud_cdc_n_write_available
 .text.cdcd_init
                0x1000625c       0xbc hw13/mouse/CMakeFiles/mouse.dir/C_/Program_Files/Raspberry_Pi/Pico_SDK_v1.5.1/pico-sdk/lib/tinyusb/src/class/cdc/cdc_device.c.obj
                0x1000625c                cdcd_init
 .text.cdcd_reset
                0x10006318       0x44 hw13/mouse/CMakeFiles/mouse.dir/C_/Program_Files/Raspberry_Pi/Pico_SDK_v1.5.1/pico-sdk/lib/tinyusb/src/class/cdc/cdc_device.c.obj
                0x10006318                cdcd_reset
 .text.cdcd_open
                0x1000635c       0xcc hw13/mouse/CMakeFiles/mouse.dir/C_/Program_Files/Raspberry_Pi/Pico_SDK_v1.5.1/pico-sdk/lib/tinyusb/src/class/cdc/cdc_device.c.obj
                0x1000635c                cdcd_open
 .text.cdcd_control_xfer_cb
                0x10006428      0x134 hw13/mouse/CMakeFiles/mouse.dir/C_/Program_Files/Raspberry_Pi/Pico_SDK_v1.5.1/pico-sdk/lib/tinyusb/src/class/cdc/cdc_device.c.obj
                0x10006428                cdcd_control_xfer_cb
 .text.cdcd_xfer_cb
                0x1000655c      0x130 hw13/mouse/CMakeFiles/mouse.dir/C_/Program_Files/Raspberry_Pi/Pico_SDK_v1.5.1/pico-sdk/lib/tinyusb/src/class/cdc/cdc_device.c.obj
                0x1000655c                cdcd_xfer_cb
 .text.tusb_init
                0x1000668c        0xa hw13/mouse/CMakeFiles/mouse.dir/C_/Program_Files/Raspberry_Pi/Pico_SDK_v1.5.1/pico-sdk/lib/tinyusb/src/tusb.c.obj
                0x1000668c                tusb_init
 .text.tusb_inited
                0x10006696        0xe hw13/mouse/CMakeFiles/mouse.dir/C_/Program_Files/Raspberry_Pi/Pico_SDK_v1.5.1/pico-sdk/lib/tinyusb/src/tusb.c.obj
                0x10006696                tusb_inited
 .text.tu_edpt_claim
                0x100066a4       0x50 hw13/mouse/CMakeFiles/mouse.dir/C_/Program_Files/Raspberry_Pi/Pico_SDK_v1.5.1/pico-sdk/lib/tinyusb/src/tusb.c.obj
                0x100066a4                tu_edpt_claim
 .text.tu_edpt_release
                0x100066f4       0x3c hw13/mouse/CMakeFiles/mouse.dir/C_/Program_Files/Raspberry_Pi/Pico_SDK_v1.5.1/pico-sdk/lib/tinyusb/src/tusb.c.obj
                0x100066f4                tu_edpt_release
 .text.tu_edpt_validate
                0x10006730       0x78 hw13/mouse/CMakeFiles/mouse.dir/C_/Program_Files/Raspberry_Pi/Pico_SDK_v1.5.1/pico-sdk/lib/tinyusb/src/tusb.c.obj
                0x10006730                tu_edpt_validate
 .text.tu_edpt_bind_driver
                0x100067a8       0x26 hw13/mouse/CMakeFiles/mouse.dir/C_/Program_Files/Raspberry_Pi/Pico_SDK_v1.5.1/pico-sdk/lib/tinyusb/src/tusb.c.obj
                0x100067a8                tu_edpt_bind_driver
 .text.advance_index
                0x100067ce       0x1a hw13/mouse/CMakeFiles/mouse.dir/C_/Program_Files/Raspberry_Pi/Pico_SDK_v1.5.1/pico-sdk/lib/tinyusb/src/common/tusb_fifo.c.obj
 .text._tu_fifo_peek
                0x100067e8       0x56 hw13/mouse/CMakeFiles/mouse.dir/C_/Program_Files/Raspberry_Pi/Pico_SDK_v1.5.1/pico-sdk/lib/tinyusb/src/common/tusb_fifo.c.obj
 .text._ff_pull_const_addr
                0x1000683e       0x4c hw13/mouse/CMakeFiles/mouse.dir/C_/Program_Files/Raspberry_Pi/Pico_SDK_v1.5.1/pico-sdk/lib/tinyusb/src/common/tusb_fifo.c.obj
 .text._ff_pull_n
                0x1000688a      0x110 hw13/mouse/CMakeFiles/mouse.dir/C_/Program_Files/Raspberry_Pi/Pico_SDK_v1.5.1/pico-sdk/lib/tinyusb/src/common/tusb_fifo.c.obj
 .text._tu_fifo_peek_n
                0x1000699a       0x6a hw13/mouse/CMakeFiles/mouse.dir/C_/Program_Files/Raspberry_Pi/Pico_SDK_v1.5.1/pico-sdk/lib/tinyusb/src/common/tusb_fifo.c.obj
 .text._tu_fifo_read_n
                0x10006a04       0x4e hw13/mouse/CMakeFiles/mouse.dir/C_/Program_Files/Raspberry_Pi/Pico_SDK_v1.5.1/pico-sdk/lib/tinyusb/src/common/tusb_fifo.c.obj
 .text._ff_push_const_addr
                0x10006a52       0x40 hw13/mouse/CMakeFiles/mouse.dir/C_/Program_Files/Raspberry_Pi/Pico_SDK_v1.5.1/pico-sdk/lib/tinyusb/src/common/tusb_fifo.c.obj
 .text._ff_push_n
                0x10006a92      0x10c hw13/mouse/CMakeFiles/mouse.dir/C_/Program_Files/Raspberry_Pi/Pico_SDK_v1.5.1/pico-sdk/lib/tinyusb/src/common/tusb_fifo.c.obj
 .text._tu_fifo_write_n
                0x10006b9e       0xf0 hw13/mouse/CMakeFiles/mouse.dir/C_/Program_Files/Raspberry_Pi/Pico_SDK_v1.5.1/pico-sdk/lib/tinyusb/src/common/tusb_fifo.c.obj
 .text.tu_fifo_config
                0x10006c8e       0x7c hw13/mouse/CMakeFiles/mouse.dir/C_/Program_Files/Raspberry_Pi/Pico_SDK_v1.5.1/pico-sdk/lib/tinyusb/src/common/tusb_fifo.c.obj
                0x10006c8e                tu_fifo_config
 .text.tu_fifo_count
                0x10006d0a       0x2a hw13/mouse/CMakeFiles/mouse.dir/C_/Program_Files/Raspberry_Pi/Pico_SDK_v1.5.1/pico-sdk/lib/tinyusb/src/common/tusb_fifo.c.obj
                0x10006d0a                tu_fifo_count
 .text.tu_fifo_empty
                0x10006d34       0x10 hw13/mouse/CMakeFiles/mouse.dir/C_/Program_Files/Raspberry_Pi/Pico_SDK_v1.5.1/pico-sdk/lib/tinyusb/src/common/tusb_fifo.c.obj
                0x10006d34                tu_fifo_empty
 .text.tu_fifo_full
                0x10006d44       0x28 hw13/mouse/CMakeFiles/mouse.dir/C_/Program_Files/Raspberry_Pi/Pico_SDK_v1.5.1/pico-sdk/lib/tinyusb/src/common/tusb_fifo.c.obj
                0x10006d44                tu_fifo_full
 .text.tu_fifo_remaining
                0x10006d6c       0x2c hw13/mouse/CMakeFiles/mouse.dir/C_/Program_Files/Raspberry_Pi/Pico_SDK_v1.5.1/pico-sdk/lib/tinyusb/src/common/tusb_fifo.c.obj
                0x10006d6c                tu_fifo_remaining
 .text.tu_fifo_read
                0x10006d98       0x42 hw13/mouse/CMakeFiles/mouse.dir/C_/Program_Files/Raspberry_Pi/Pico_SDK_v1.5.1/pico-sdk/lib/tinyusb/src/common/tusb_fifo.c.obj
                0x10006d98                tu_fifo_read
 .text.tu_fifo_read_n
                0x10006dda        0xa hw13/mouse/CMakeFiles/mouse.dir/C_/Program_Files/Raspberry_Pi/Pico_SDK_v1.5.1/pico-sdk/lib/tinyusb/src/common/tusb_fifo.c.obj
                0x10006dda                tu_fifo_read_n
 .text.tu_fifo_write
                0x10006de4       0x64 hw13/mouse/CMakeFiles/mouse.dir/C_/Program_Files/Raspberry_Pi/Pico_SDK_v1.5.1/pico-sdk/lib/tinyusb/src/common/tusb_fifo.c.obj
                0x10006de4                tu_fifo_write
 .text.tu_fifo_write_n
                0x10006e48        0xa hw13/mouse/CMakeFiles/mouse.dir/C_/Program_Files/Raspberry_Pi/Pico_SDK_v1.5.1/pico-sdk/lib/tinyusb/src/common/tusb_fifo.c.obj
                0x10006e48                tu_fifo_write_n
 .text.tu_fifo_clear
                0x10006e52       0x3e hw13/mouse/CMakeFiles/mouse.dir/C_/Program_Files/Raspberry_Pi/Pico_SDK_v1.5.1/pico-sdk/lib/tinyusb/src/common/tusb_fifo.c.obj
                0x10006e52                tu_fifo_clear
 .text.tu_fifo_set_overwritable
                0x10006e90       0x46 hw13/mouse/CMakeFiles/mouse.dir/C_/Program_Files/Raspberry_Pi/Pico_SDK_v1.5.1/pico-sdk/lib/tinyusb/src/common/tusb_fifo.c.obj
                0x10006e90                tu_fifo_set_overwritable
 .text.i2c_write_blocking_internal
                0x10006ed6      0x140 hw13/mouse/CMakeFiles/mouse.dir/C_/Program_Files/Raspberry_Pi/Pico_SDK_v1.5.1/pico-sdk/src/rp2_common/hardware_i2c/i2c.c.obj
 .text.i2c_read_blocking_internal
                0x10007016       0xe6 hw13/mouse/CMakeFiles/mouse.dir/C_/Program_Files/Raspberry_Pi/Pico_SDK_v1.5.1/pico-sdk/src/rp2_common/hardware_i2c/i2c.c.obj
 .text.i2c_set_baudrate
                0x100070fc       0xf0 hw13/mouse/CMakeFiles/mouse.dir/C_/Program_Files/Raspberry_Pi/Pico_SDK_v1.5.1/pico-sdk/src/rp2_common/hardware_i2c/i2c.c.obj
                0x100070fc                i2c_set_baudrate
 .text.i2c_init
                0x100071ec       0x58 hw13/mouse/CMakeFiles/mouse.dir/C_/Program_Files/Raspberry_Pi/Pico_SDK_v1.5.1/pico-sdk/src/rp2_common/hardware_i2c/i2c.c.obj
                0x100071ec                i2c_init
 .text.i2c_write_blocking
                0x10007244       0x18 hw13/mouse/CMakeFiles/mouse.dir/C_/Program_Files/Raspberry_Pi/Pico_SDK_v1.5.1/pico-sdk/src/rp2_common/hardware_i2c/i2c.c.obj
                0x10007244                i2c_write_blocking
 .text.i2c_read_blocking
                0x1000725c       0x18 hw13/mouse/CMakeFiles/mouse.dir/C_/Program_Files/Raspberry_Pi/Pico_SDK_v1.5.1/pico-sdk/src/rp2_common/hardware_i2c/i2c.c.obj
                0x1000725c                i2c_read_blocking
 .text.strlen   0x10007274       0x5c c:/progra~1/raspbe~1/picosd~1.1/gcc-ar~1/bin/../lib/gcc/arm-none-eabi/10.3.1/../../../../arm-none-eabi/lib/thumb/v6-m/nofp\libg.a(lib_a-strlen-stub.o)
                0x10007274                strlen
 *(.fini)
 .fini          0x100072d0        0x4 c:/progra~1/raspbe~1/picosd~1.1/gcc-ar~1/bin/../lib/gcc/arm-none-eabi/10.3.1/thumb/v6-m/nofp/crti.o
                0x100072d0                _fini
 *fill*         0x100072d4        0x4 
 .fini.__stub   0x100072d8       0xe0 linker stubs
 *crtbegin.o(.ctors)
 *crtbegin?.o(.ctors)
 *(EXCLUDE_FILE(*crtend.o *crtend?.o) .ctors)
 *(SORT_BY_NAME(.ctors.*))
 *(.ctors)
 *crtbegin.o(.dtors)
 *crtbegin?.o(.dtors)
 *(EXCLUDE_FILE(*crtend.o *crtend?.o) .dtors)
 *(SORT_BY_NAME(.dtors.*))
 *(.dtors)
 *(.eh_frame*)
 .eh_frame      0x100073b8        0x0 c:/progra~1/raspbe~1/picosd~1.1/gcc-ar~1/bin/../lib/gcc/arm-none-eabi/10.3.1/thumb/v6-m/nofp/crtbegin.o
                0x100073b8                . = ALIGN (0x4)

.glue_7         0x100073b8        0x0
 .glue_7        0x100073b8        0x0 linker stubs

.glue_7t        0x100073b8        0x0
 .glue_7t       0x100073b8        0x0 linker stubs

.vfp11_veneer   0x100073b8        0x0
 .vfp11_veneer  0x100073b8        0x0 linker stubs

.v4_bx          0x100073b8        0x0
 .v4_bx         0x100073b8        0x0 linker stubs

.iplt           0x100073b8        0x0
 .iplt          0x100073b8        0x0 c:/progra~1/raspbe~1/picosd~1.1/gcc-ar~1/bin/../lib/gcc/arm-none-eabi/10.3.1/thumb/v6-m/nofp/crtbegin.o

.rodata         0x100073b8     0x182c
 *(EXCLUDE_FILE(*libm.a: *libc.a:*lib_a-mem*.o *libgcc.a:) .rodata*)
 .rodata.whoAmI_check.str1.4
                0x100073b8        0xc hw13/mouse/CMakeFiles/mouse.dir/mouse.c.obj
 .rodata.main.str1.4
                0x100073c4       0x64 hw13/mouse/CMakeFiles/mouse.dir/mouse.c.obj
 .rodata.spin_lock_claim_unused.str1.4
                0x10007428       0x1b hw13/mouse/CMakeFiles/mouse.dir/C_/Program_Files/Raspberry_Pi/Pico_SDK_v1.5.1/pico-sdk/src/rp2_common/hardware_sync/sync.c.obj
 *fill*         0x10007443        0x1 
 .rodata.make_branch.str1.4
                0x10007444       0x89 hw13/mouse/CMakeFiles/mouse.dir/C_/Program_Files/Raspberry_Pi/Pico_SDK_v1.5.1/pico-sdk/src/rp2_common/hardware_irq/irq.c.obj
 *fill*         0x100074cd        0x3 
 .rodata.insert_branch_and_link.str1.4
                0x100074d0       0x10 hw13/mouse/CMakeFiles/mouse.dir/C_/Program_Files/Raspberry_Pi/Pico_SDK_v1.5.1/pico-sdk/src/rp2_common/hardware_irq/irq.c.obj
 .rodata.irq_set_exclusive_handler.str1.4
                0x100074e0       0x36 hw13/mouse/CMakeFiles/mouse.dir/C_/Program_Files/Raspberry_Pi/Pico_SDK_v1.5.1/pico-sdk/src/rp2_common/hardware_irq/irq.c.obj
 *fill*         0x10007516        0x2 
 .rodata.irq_add_shared_handler.str1.4
                0x10007518       0xd9 hw13/mouse/CMakeFiles/mouse.dir/C_/Program_Files/Raspberry_Pi/Pico_SDK_v1.5.1/pico-sdk/src/rp2_common/hardware_irq/irq.c.obj
 *fill*         0x100075f1        0x3 
 .rodata.irq_remove_handler.str1.4
                0x100075f4       0x3a hw13/mouse/CMakeFiles/mouse.dir/C_/Program_Files/Raspberry_Pi/Pico_SDK_v1.5.1/pico-sdk/src/rp2_common/hardware_irq/irq.c.obj
 *fill*         0x1000762e        0x2 
 .rodata.irq_add_tail_to_free_list.str1.4
                0x10007630       0x3a hw13/mouse/CMakeFiles/mouse.dir/C_/Program_Files/Raspberry_Pi/Pico_SDK_v1.5.1/pico-sdk/src/rp2_common/hardware_irq/irq.c.obj
 *fill*         0x1000766a        0x2 
 .rodata.user_irq_claim_unused.str1.4
                0x1000766c       0x1b hw13/mouse/CMakeFiles/mouse.dir/C_/Program_Files/Raspberry_Pi/Pico_SDK_v1.5.1/pico-sdk/src/rp2_common/hardware_irq/irq.c.obj
 *fill*         0x10007687        0x1 
 .rodata.__func__.0
                0x10007688       0x1a hw13/mouse/CMakeFiles/mouse.dir/C_/Program_Files/Raspberry_Pi/Pico_SDK_v1.5.1/pico-sdk/src/rp2_common/hardware_irq/irq.c.obj
 *fill*         0x100076a2        0x2 
 .rodata.__func__.1
                0x100076a4       0x17 hw13/mouse/CMakeFiles/mouse.dir/C_/Program_Files/Raspberry_Pi/Pico_SDK_v1.5.1/pico-sdk/src/rp2_common/hardware_irq/irq.c.obj
 *fill*         0x100076bb        0x1 
 .rodata.__func__.2
                0x100076bc       0x13 hw13/mouse/CMakeFiles/mouse.dir/C_/Program_Files/Raspberry_Pi/Pico_SDK_v1.5.1/pico-sdk/src/rp2_common/hardware_irq/irq.c.obj
 *fill*         0x100076cf        0x1 
 .rodata.__func__.3
                0x100076d0        0xc hw13/mouse/CMakeFiles/mouse.dir/C_/Program_Files/Raspberry_Pi/Pico_SDK_v1.5.1/pico-sdk/src/rp2_common/hardware_irq/irq.c.obj
 .rodata.__func__.4
                0x100076dc        0xf hw13/mouse/CMakeFiles/mouse.dir/C_/Program_Files/Raspberry_Pi/Pico_SDK_v1.5.1/pico-sdk/src/rp2_common/hardware_irq/irq.c.obj
 *fill*         0x100076eb        0x1 
 .rodata.__func__.5
                0x100076ec       0x17 hw13/mouse/CMakeFiles/mouse.dir/C_/Program_Files/Raspberry_Pi/Pico_SDK_v1.5.1/pico-sdk/src/rp2_common/hardware_irq/irq.c.obj
 *fill*         0x10007703        0x1 
 .rodata.__func__.6
                0x10007704       0x1a hw13/mouse/CMakeFiles/mouse.dir/C_/Program_Files/Raspberry_Pi/Pico_SDK_v1.5.1/pico-sdk/src/rp2_common/hardware_irq/irq.c.obj
 *fill*         0x1000771e        0x2 
 .rodata.str1.4
                0x10007720      0x125 hw13/mouse/CMakeFiles/mouse.dir/C_/Program_Files/Raspberry_Pi/Pico_SDK_v1.5.1/pico-sdk/src/common/pico_sync/mutex.c.obj
 *fill*         0x10007845        0x3 
 .rodata.__func__.1
                0x10007848        0xb hw13/mouse/CMakeFiles/mouse.dir/C_/Program_Files/Raspberry_Pi/Pico_SDK_v1.5.1/pico-sdk/src/common/pico_sync/mutex.c.obj
 *fill*         0x10007853        0x1 
 .rodata.__func__.3
                0x10007854       0x18 hw13/mouse/CMakeFiles/mouse.dir/C_/Program_Files/Raspberry_Pi/Pico_SDK_v1.5.1/pico-sdk/src/common/pico_sync/mutex.c.obj
 .rodata.__func__.4
                0x1000786c       0x15 hw13/mouse/CMakeFiles/mouse.dir/C_/Program_Files/Raspberry_Pi/Pico_SDK_v1.5.1/pico-sdk/src/common/pico_sync/mutex.c.obj
 *fill*         0x10007881        0x3 
 .rodata.repeating_timer_callback.str1.4
                0x10007884       0x67 hw13/mouse/CMakeFiles/mouse.dir/C_/Program_Files/Raspberry_Pi/Pico_SDK_v1.5.1/pico-sdk/src/common/pico_time/time.c.obj
 *fill*         0x100078eb        0x1 
 .rodata.timer_pool_entry_comparator.str1.4
                0x100078ec       0x22 hw13/mouse/CMakeFiles/mouse.dir/C_/Program_Files/Raspberry_Pi/Pico_SDK_v1.5.1/pico-sdk/src/common/pico_time/time.c.obj
 *fill*         0x1000790e        0x2 
 .rodata.ph_add_child_node.str1.4
                0x10007910       0xb2 hw13/mouse/CMakeFiles/mouse.dir/C_/Program_Files/Raspberry_Pi/Pico_SDK_v1.5.1/pico-sdk/src/common/pico_time/time.c.obj
 *fill*         0x100079c2        0x2 
 .rodata.add_alarm_under_lock.str1.4
                0x100079c4       0x28 hw13/mouse/CMakeFiles/mouse.dir/C_/Program_Files/Raspberry_Pi/Pico_SDK_v1.5.1/pico-sdk/src/common/pico_time/time.c.obj
                                 0x2b (size before relaxing)
 .rodata.alarm_pool_alarm_callback.str1.4
                0x100079ec       0x98 hw13/mouse/CMakeFiles/mouse.dir/C_/Program_Files/Raspberry_Pi/Pico_SDK_v1.5.1/pico-sdk/src/common/pico_time/time.c.obj
                                0x118 (size before relaxing)
 .rodata.alarm_pool_get_default.str1.4
                0x10007a84       0x21 hw13/mouse/CMakeFiles/mouse.dir/C_/Program_Files/Raspberry_Pi/Pico_SDK_v1.5.1/pico-sdk/src/common/pico_time/time.c.obj
 *fill*         0x10007aa5        0x3 
 .rodata.alarm_pool_cancel_alarm.str1.4
                0x10007aa8       0x27 hw13/mouse/CMakeFiles/mouse.dir/C_/Program_Files/Raspberry_Pi/Pico_SDK_v1.5.1/pico-sdk/src/common/pico_time/time.c.obj
 *fill*         0x10007acf        0x1 
 .rodata.sleep_until.str1.4
                0x10007ad0       0x4d hw13/mouse/CMakeFiles/mouse.dir/C_/Program_Files/Raspberry_Pi/Pico_SDK_v1.5.1/pico-sdk/src/common/pico_time/time.c.obj
 *fill*         0x10007b1d        0x3 
 .rodata.__func__.1
                0x10007b20       0x18 hw13/mouse/CMakeFiles/mouse.dir/C_/Program_Files/Raspberry_Pi/Pico_SDK_v1.5.1/pico-sdk/src/common/pico_time/time.c.obj
 .rodata.__func__.10
                0x10007b38       0x15 hw13/mouse/CMakeFiles/mouse.dir/C_/Program_Files/Raspberry_Pi/Pico_SDK_v1.5.1/pico-sdk/src/common/pico_time/time.c.obj
 *fill*         0x10007b4d        0x3 
 .rodata.__func__.11
                0x10007b50       0x1a hw13/mouse/CMakeFiles/mouse.dir/C_/Program_Files/Raspberry_Pi/Pico_SDK_v1.5.1/pico-sdk/src/common/pico_time/time.c.obj
 *fill*         0x10007b6a        0x2 
 .rodata.__func__.12
                0x10007b6c        0xa hw13/mouse/CMakeFiles/mouse.dir/C_/Program_Files/Raspberry_Pi/Pico_SDK_v1.5.1/pico-sdk/src/common/pico_time/time.c.obj
 *fill*         0x10007b76        0x2 
 .rodata.__func__.3
                0x10007b78       0x17 hw13/mouse/CMakeFiles/mouse.dir/C_/Program_Files/Raspberry_Pi/Pico_SDK_v1.5.1/pico-sdk/src/common/pico_time/time.c.obj
 *fill*         0x10007b8f        0x1 
 .rodata.__func__.4
                0x10007b90       0x12 hw13/mouse/CMakeFiles/mouse.dir/C_/Program_Files/Raspberry_Pi/Pico_SDK_v1.5.1/pico-sdk/src/common/pico_time/time.c.obj
 *fill*         0x10007ba2        0x2 
 .rodata.__func__.5
                0x10007ba4        0xd hw13/mouse/CMakeFiles/mouse.dir/C_/Program_Files/Raspberry_Pi/Pico_SDK_v1.5.1/pico-sdk/src/common/pico_time/time.c.obj
 *fill*         0x10007bb1        0x3 
 .rodata.__func__.6
                0x10007bb4       0x12 hw13/mouse/CMakeFiles/mouse.dir/C_/Program_Files/Raspberry_Pi/Pico_SDK_v1.5.1/pico-sdk/src/common/pico_time/time.c.obj
 *fill*         0x10007bc6        0x2 
 .rodata.__func__.7
                0x10007bc8        0xf hw13/mouse/CMakeFiles/mouse.dir/C_/Program_Files/Raspberry_Pi/Pico_SDK_v1.5.1/pico-sdk/src/common/pico_time/time.c.obj
 *fill*         0x10007bd7        0x1 
 .rodata.__func__.8
                0x10007bd8        0xc hw13/mouse/CMakeFiles/mouse.dir/C_/Program_Files/Raspberry_Pi/Pico_SDK_v1.5.1/pico-sdk/src/common/pico_time/time.c.obj
 .rodata.__func__.9
                0x10007be4       0x15 hw13/mouse/CMakeFiles/mouse.dir/C_/Program_Files/Raspberry_Pi/Pico_SDK_v1.5.1/pico-sdk/src/common/pico_time/time.c.obj
 *fill*         0x10007bf9        0x3 
 .rodata.hardware_alarm_claim.str1.4
                0x10007bfc       0x22 hw13/mouse/CMakeFiles/mouse.dir/C_/Program_Files/Raspberry_Pi/Pico_SDK_v1.5.1/pico-sdk/src/rp2_common/hardware_timer/timer.c.obj
 *fill*         0x10007c1e        0x2 
 .rodata.hardware_alarm_set_target.str1.4
                0x10007c20       0x81 hw13/mouse/CMakeFiles/mouse.dir/C_/Program_Files/Raspberry_Pi/Pico_SDK_v1.5.1/pico-sdk/src/rp2_common/hardware_timer/timer.c.obj
 *fill*         0x10007ca1        0x3 
 .rodata.__func__.0
                0x10007ca4       0x1a hw13/mouse/CMakeFiles/mouse.dir/C_/Program_Files/Raspberry_Pi/Pico_SDK_v1.5.1/pico-sdk/src/rp2_common/hardware_timer/timer.c.obj
 .rodata.ph_add_child_node.str1.4
                0x10007cbe       0xb2 hw13/mouse/CMakeFiles/mouse.dir/C_/Program_Files/Raspberry_Pi/Pico_SDK_v1.5.1/pico-sdk/src/common/pico_util/pheap.c.obj
 *fill*         0x10007cbe        0x2 
 .rodata.ph_remove_any_head.str1.4
                0x10007cc0       0xa8 hw13/mouse/CMakeFiles/mouse.dir/C_/Program_Files/Raspberry_Pi/Pico_SDK_v1.5.1/pico-sdk/src/common/pico_util/pheap.c.obj
                                 0xbc (size before relaxing)
 .rodata.ph_remove_and_free_node.str1.4
                0x10007d68       0x1e hw13/mouse/CMakeFiles/mouse.dir/C_/Program_Files/Raspberry_Pi/Pico_SDK_v1.5.1/pico-sdk/src/common/pico_util/pheap.c.obj
                                 0x26 (size before relaxing)
 *fill*         0x10007d86        0x2 
 .rodata.__func__.0
                0x10007d88       0x18 hw13/mouse/CMakeFiles/mouse.dir/C_/Program_Files/Raspberry_Pi/Pico_SDK_v1.5.1/pico-sdk/src/common/pico_util/pheap.c.obj
 .rodata.__func__.1
                0x10007da0       0x13 hw13/mouse/CMakeFiles/mouse.dir/C_/Program_Files/Raspberry_Pi/Pico_SDK_v1.5.1/pico-sdk/src/common/pico_util/pheap.c.obj
 *fill*         0x10007db3        0x1 
 .rodata.__func__.2
                0x10007db4       0x12 hw13/mouse/CMakeFiles/mouse.dir/C_/Program_Files/Raspberry_Pi/Pico_SDK_v1.5.1/pico-sdk/src/common/pico_util/pheap.c.obj
 *fill*         0x10007dc6        0x2 
 .rodata.__func__.3
                0x10007dc8        0xc hw13/mouse/CMakeFiles/mouse.dir/C_/Program_Files/Raspberry_Pi/Pico_SDK_v1.5.1/pico-sdk/src/common/pico_util/pheap.c.obj
 .rodata.clock_configure.str1.4
                0x10007dd4       0x73 hw13/mouse/CMakeFiles/mouse.dir/C_/Program_Files/Raspberry_Pi/Pico_SDK_v1.5.1/pico-sdk/src/rp2_common/hardware_clocks/clocks.c.obj
 *fill*         0x10007e47        0x1 
 .rodata.__func__.1
                0x10007e48       0x10 hw13/mouse/CMakeFiles/mouse.dir/C_/Program_Files/Raspberry_Pi/Pico_SDK_v1.5.1/pico-sdk/src/rp2_common/hardware_clocks/clocks.c.obj
 .rodata.pll_init.str1.4
                0x10007e58      0x140 hw13/mouse/CMakeFiles/mouse.dir/C_/Program_Files/Raspberry_Pi/Pico_SDK_v1.5.1/pico-sdk/src/rp2_common/hardware_pll/pll.c.obj
 .rodata.__func__.0
                0x10007f98        0x9 hw13/mouse/CMakeFiles/mouse.dir/C_/Program_Files/Raspberry_Pi/Pico_SDK_v1.5.1/pico-sdk/src/rp2_common/hardware_pll/pll.c.obj
 *fill*         0x10007fa1        0x3 
 .rodata.__assert_func.str1.4
                0x10007fa4       0x3f hw13/mouse/CMakeFiles/mouse.dir/C_/Program_Files/Raspberry_Pi/Pico_SDK_v1.5.1/pico-sdk/src/rp2_common/pico_runtime/runtime.c.obj
                                 0x43 (size before relaxing)
 *fill*         0x10007fe3        0x1 
 .rodata.runtime_init.str1.4
                0x10007fe4       0x7d hw13/mouse/CMakeFiles/mouse.dir/C_/Program_Files/Raspberry_Pi/Pico_SDK_v1.5.1/pico-sdk/src/rp2_common/pico_runtime/runtime.c.obj
 *fill*         0x10008061        0x3 
 .rodata.panic.str1.4
                0x10008064       0x12 hw13/mouse/CMakeFiles/mouse.dir/C_/Program_Files/Raspberry_Pi/Pico_SDK_v1.5.1/pico-sdk/src/rp2_common/pico_runtime/runtime.c.obj
 *fill*         0x10008076        0x2 
 .rodata.__func__.2
                0x10008078        0xd hw13/mouse/CMakeFiles/mouse.dir/C_/Program_Files/Raspberry_Pi/Pico_SDK_v1.5.1/pico-sdk/src/rp2_common/pico_runtime/runtime.c.obj
 *fill*         0x10008085        0x3 
 .rodata._ftoa.str1.4
                0x10008088       0x15 hw13/mouse/CMakeFiles/mouse.dir/C_/Program_Files/Raspberry_Pi/Pico_SDK_v1.5.1/pico-sdk/src/rp2_common/pico_printf/printf.c.obj
 *fill*         0x1000809d        0x3 
 .rodata._vsnprintf
                0x100080a0      0x1e0 hw13/mouse/CMakeFiles/mouse.dir/C_/Program_Files/Raspberry_Pi/Pico_SDK_v1.5.1/pico-sdk/src/rp2_common/pico_printf/printf.c.obj
 .rodata.pow10.0
                0x10008280       0x50 hw13/mouse/CMakeFiles/mouse.dir/C_/Program_Files/Raspberry_Pi/Pico_SDK_v1.5.1/pico-sdk/src/rp2_common/pico_printf/printf.c.obj
 .rodata.__aeabi_double_init.str1.4
                0x100082d0       0xb8 hw13/mouse/CMakeFiles/mouse.dir/C_/Program_Files/Raspberry_Pi/Pico_SDK_v1.5.1/pico-sdk/src/rp2_common/pico_double/double_init_rom.c.obj
 .rodata.__func__.0
                0x10008388       0x14 hw13/mouse/CMakeFiles/mouse.dir/C_/Program_Files/Raspberry_Pi/Pico_SDK_v1.5.1/pico-sdk/src/rp2_common/pico_double/double_init_rom.c.obj
 .rodata.__aeabi_float_init.str1.4
                0x1000839c       0x96 hw13/mouse/CMakeFiles/mouse.dir/C_/Program_Files/Raspberry_Pi/Pico_SDK_v1.5.1/pico-sdk/src/rp2_common/pico_float/float_init_rom.c.obj
                                 0x9a (size before relaxing)
 *fill*         0x10008432        0x2 
 .rodata.__func__.0
                0x10008434       0x13 hw13/mouse/CMakeFiles/mouse.dir/C_/Program_Files/Raspberry_Pi/Pico_SDK_v1.5.1/pico-sdk/src/rp2_common/pico_float/float_init_rom.c.obj
 *fill*         0x10008447        0x1 
 .rodata.str1.4
                0x10008448       0x3c hw13/mouse/CMakeFiles/mouse.dir/C_/Program_Files/Raspberry_Pi/Pico_SDK_v1.5.1/pico-sdk/src/rp2_common/pico_standard_link/binary_info.c.obj
 .rodata.__bi_44
                0x10008484        0xc hw13/mouse/CMakeFiles/mouse.dir/C_/Program_Files/Raspberry_Pi/Pico_SDK_v1.5.1/pico-sdk/src/rp2_common/pico_standard_link/binary_info.c.obj
 .rodata.__bi_75
                0x10008490        0xc hw13/mouse/CMakeFiles/mouse.dir/C_/Program_Files/Raspberry_Pi/Pico_SDK_v1.5.1/pico-sdk/src/rp2_common/pico_standard_link/binary_info.c.obj
 .rodata.__bi_81
                0x1000849c        0xc hw13/mouse/CMakeFiles/mouse.dir/C_/Program_Files/Raspberry_Pi/Pico_SDK_v1.5.1/pico-sdk/src/rp2_common/pico_standard_link/binary_info.c.obj
 .rodata.stdout_serialize_begin.str1.4
                0x100084a8       0x7d hw13/mouse/CMakeFiles/mouse.dir/C_/Program_Files/Raspberry_Pi/Pico_SDK_v1.5.1/pico-sdk/src/rp2_common/pico_stdio/stdio.c.obj
 .rodata.__func__.3
                0x100084a8       0x15 hw13/mouse/CMakeFiles/mouse.dir/C_/Program_Files/Raspberry_Pi/Pico_SDK_v1.5.1/pico-sdk/src/rp2_common/pico_stdio/stdio.c.obj
 *fill*         0x100084bd        0x3 
 .rodata.crlf_str.2
                0x100084c0        0x2 hw13/mouse/CMakeFiles/mouse.dir/C_/Program_Files/Raspberry_Pi/Pico_SDK_v1.5.1/pico-sdk/src/rp2_common/pico_stdio/stdio.c.obj
 *fill*         0x100084c2        0x2 
 .rodata._resetd_driver
                0x100084c4       0x18 hw13/mouse/CMakeFiles/mouse.dir/C_/Program_Files/Raspberry_Pi/Pico_SDK_v1.5.1/pico-sdk/src/rp2_common/pico_stdio_usb/reset_interface.c.obj
 .rodata.low_priority_worker_irq.str1.4
                0x100084dc       0x7d hw13/mouse/CMakeFiles/mouse.dir/C_/Program_Files/Raspberry_Pi/Pico_SDK_v1.5.1/pico-sdk/src/rp2_common/pico_stdio_usb/stdio_usb.c.obj
 .rodata.stdio_usb_init.str1.4
                0x100084dc       0x61 hw13/mouse/CMakeFiles/mouse.dir/C_/Program_Files/Raspberry_Pi/Pico_SDK_v1.5.1/pico-sdk/src/rp2_common/pico_stdio_usb/stdio_usb.c.obj
                                 0x69 (size before relaxing)
 *fill*         0x1000853d        0x3 
 .rodata.str1.4
                0x10008540       0x13 hw13/mouse/CMakeFiles/mouse.dir/C_/Program_Files/Raspberry_Pi/Pico_SDK_v1.5.1/pico-sdk/src/rp2_common/pico_stdio_usb/stdio_usb.c.obj
 *fill*         0x10008553        0x1 
 .rodata.__bi_182.0
                0x10008554        0xc hw13/mouse/CMakeFiles/mouse.dir/C_/Program_Files/Raspberry_Pi/Pico_SDK_v1.5.1/pico-sdk/src/rp2_common/pico_stdio_usb/stdio_usb.c.obj
 .rodata.__func__.1
                0x10008560        0xf hw13/mouse/CMakeFiles/mouse.dir/C_/Program_Files/Raspberry_Pi/Pico_SDK_v1.5.1/pico-sdk/src/rp2_common/pico_stdio_usb/stdio_usb.c.obj
 *fill*         0x1000856f        0x1 
 .rodata.__func__.3
                0x10008570       0x15 hw13/mouse/CMakeFiles/mouse.dir/C_/Program_Files/Raspberry_Pi/Pico_SDK_v1.5.1/pico-sdk/src/rp2_common/pico_stdio_usb/stdio_usb.c.obj
 *fill*         0x10008585        0x3 
 .rodata.str1.4
                0x10008588       0x2a hw13/mouse/CMakeFiles/mouse.dir/C_/Program_Files/Raspberry_Pi/Pico_SDK_v1.5.1/pico-sdk/src/rp2_common/pico_stdio_usb/stdio_usb_descriptors.c.obj
 *fill*         0x100085b2        0x2 
 .rodata.usbd_desc_cfg
                0x100085b4       0x54 hw13/mouse/CMakeFiles/mouse.dir/C_/Program_Files/Raspberry_Pi/Pico_SDK_v1.5.1/pico-sdk/src/rp2_common/pico_stdio_usb/stdio_usb_descriptors.c.obj
 .rodata.usbd_desc_device
                0x10008608       0x12 hw13/mouse/CMakeFiles/mouse.dir/C_/Program_Files/Raspberry_Pi/Pico_SDK_v1.5.1/pico-sdk/src/rp2_common/pico_stdio_usb/stdio_usb_descriptors.c.obj
 *fill*         0x1000861a        0x2 
 .rodata.usbd_desc_str
                0x1000861c       0x18 hw13/mouse/CMakeFiles/mouse.dir/C_/Program_Files/Raspberry_Pi/Pico_SDK_v1.5.1/pico-sdk/src/rp2_common/pico_stdio_usb/stdio_usb_descriptors.c.obj
 .rodata.pico_get_unique_board_id_string.str1.4
                0x10008634       0x69 hw13/mouse/CMakeFiles/mouse.dir/C_/Program_Files/Raspberry_Pi/Pico_SDK_v1.5.1/pico-sdk/src/rp2_common/pico_unique_id/unique_id.c.obj
 *fill*         0x1000869d        0x3 
 .rodata.__func__.0
                0x100086a0       0x20 hw13/mouse/CMakeFiles/mouse.dir/C_/Program_Files/Raspberry_Pi/Pico_SDK_v1.5.1/pico-sdk/src/rp2_common/pico_unique_id/unique_id.c.obj
 .rodata.str1.4
                0x100086c0      0x176 hw13/mouse/CMakeFiles/mouse.dir/C_/Program_Files/Raspberry_Pi/Pico_SDK_v1.5.1/pico-sdk/src/rp2_common/hardware_flash/flash.c.obj
 *fill*         0x10008836        0x2 
 .rodata.__func__.0
                0x10008838        0xd hw13/mouse/CMakeFiles/mouse.dir/C_/Program_Files/Raspberry_Pi/Pico_SDK_v1.5.1/pico-sdk/src/rp2_common/hardware_flash/flash.c.obj
 *fill*         0x10008845        0x3 
 .rodata._hw_endpoint_alloc.str1.4
                0x10008848       0xd1 hw13/mouse/CMakeFiles/mouse.dir/C_/Program_Files/Raspberry_Pi/Pico_SDK_v1.5.1/pico-sdk/lib/tinyusb/src/portable/raspberrypi/rp2040/dcd_rp2040.c.obj
 *fill*         0x10008919        0x3 
 .rodata.str1.4
                0x1000891c       0x14 hw13/mouse/CMakeFiles/mouse.dir/C_/Program_Files/Raspberry_Pi/Pico_SDK_v1.5.1/pico-sdk/lib/tinyusb/src/portable/raspberrypi/rp2040/dcd_rp2040.c.obj
 .rodata.dcd_int_enable.str1.4
                0x10008930        0xc hw13/mouse/CMakeFiles/mouse.dir/C_/Program_Files/Raspberry_Pi/Pico_SDK_v1.5.1/pico-sdk/lib/tinyusb/src/portable/raspberrypi/rp2040/dcd_rp2040.c.obj
 .rodata.__func__.0
                0x1000893c        0xe hw13/mouse/CMakeFiles/mouse.dir/C_/Program_Files/Raspberry_Pi/Pico_SDK_v1.5.1/pico-sdk/lib/tinyusb/src/portable/raspberrypi/rp2040/dcd_rp2040.c.obj
 *fill*         0x1000894a        0x2 
 .rodata.__func__.1
                0x1000894c        0xe hw13/mouse/CMakeFiles/mouse.dir/C_/Program_Files/Raspberry_Pi/Pico_SDK_v1.5.1/pico-sdk/lib/tinyusb/src/portable/raspberrypi/rp2040/dcd_rp2040.c.obj
 *fill*         0x1000895a        0x2 
 .rodata.__func__.3
                0x1000895c       0x10 hw13/mouse/CMakeFiles/mouse.dir/C_/Program_Files/Raspberry_Pi/Pico_SDK_v1.5.1/pico-sdk/lib/tinyusb/src/portable/raspberrypi/rp2040/dcd_rp2040.c.obj
 .rodata.__func__.5
                0x1000896c        0xf hw13/mouse/CMakeFiles/mouse.dir/C_/Program_Files/Raspberry_Pi/Pico_SDK_v1.5.1/pico-sdk/lib/tinyusb/src/portable/raspberrypi/rp2040/dcd_rp2040.c.obj
 *fill*         0x1000897b        0x1 
 .rodata.__func__.6
                0x1000897c       0x13 hw13/mouse/CMakeFiles/mouse.dir/C_/Program_Files/Raspberry_Pi/Pico_SDK_v1.5.1/pico-sdk/lib/tinyusb/src/portable/raspberrypi/rp2040/dcd_rp2040.c.obj
 *fill*         0x1000898f        0x1 
 .rodata.__func__.7
                0x10008990        0x9 hw13/mouse/CMakeFiles/mouse.dir/C_/Program_Files/Raspberry_Pi/Pico_SDK_v1.5.1/pico-sdk/lib/tinyusb/src/portable/raspberrypi/rp2040/dcd_rp2040.c.obj
 *fill*         0x10008999        0x3 
 .rodata.str1.4
                0x1000899c      0x103 hw13/mouse/CMakeFiles/mouse.dir/C_/Program_Files/Raspberry_Pi/Pico_SDK_v1.5.1/pico-sdk/lib/tinyusb/src/portable/raspberrypi/rp2040/rp2040_usb.c.obj
 *fill*         0x10008a9f        0x1 
 .rodata.__func__.0
                0x10008aa0        0xf hw13/mouse/CMakeFiles/mouse.dir/C_/Program_Files/Raspberry_Pi/Pico_SDK_v1.5.1/pico-sdk/lib/tinyusb/src/portable/raspberrypi/rp2040/rp2040_usb.c.obj
 *fill*         0x10008aaf        0x1 
 .rodata.process_get_descriptor
                0x10008ab0       0x40 hw13/mouse/CMakeFiles/mouse.dir/C_/Program_Files/Raspberry_Pi/Pico_SDK_v1.5.1/pico-sdk/lib/tinyusb/src/device/usbd.c.obj
 .rodata.process_control_request
                0x10008af0       0x28 hw13/mouse/CMakeFiles/mouse.dir/C_/Program_Files/Raspberry_Pi/Pico_SDK_v1.5.1/pico-sdk/lib/tinyusb/src/device/usbd.c.obj
 .rodata.tud_task_ext
                0x10008b18       0x24 hw13/mouse/CMakeFiles/mouse.dir/C_/Program_Files/Raspberry_Pi/Pico_SDK_v1.5.1/pico-sdk/lib/tinyusb/src/device/usbd.c.obj
 .rodata._usbd_driver
                0x10008b3c       0x18 hw13/mouse/CMakeFiles/mouse.dir/C_/Program_Files/Raspberry_Pi/Pico_SDK_v1.5.1/pico-sdk/lib/tinyusb/src/device/usbd.c.obj
 .rodata.i2c_set_baudrate.str1.4
                0x10008b54       0x79 hw13/mouse/CMakeFiles/mouse.dir/C_/Program_Files/Raspberry_Pi/Pico_SDK_v1.5.1/pico-sdk/src/rp2_common/hardware_i2c/i2c.c.obj
 *fill*         0x10008bcd        0x3 
 .rodata.__func__.0
                0x10008bd0       0x11 hw13/mouse/CMakeFiles/mouse.dir/C_/Program_Files/Raspberry_Pi/Pico_SDK_v1.5.1/pico-sdk/src/rp2_common/hardware_i2c/i2c.c.obj
                0x10008be4                . = ALIGN (0x4)
 *fill*         0x10008be1        0x3 
 *(SORT_BY_ALIGNMENT(SORT_BY_NAME(.flashdata*)))
                0x10008be4                . = ALIGN (0x4)

.ARM.extab
 *(.ARM.extab* .gnu.linkonce.armextab.*)
                0x10008be4                __exidx_start = .

.ARM.exidx
 *(.ARM.exidx* .gnu.linkonce.armexidx.*)
                0x10008be4                __exidx_end = .
                0x10008be4                . = ALIGN (0x4)
                0x10008be4                __binary_info_start = .

.binary_info    0x10008be4       0x20
 *(.binary_info.keep.*)
 .binary_info.keep.__bi_ptr22
                0x10008be4        0x4 hw13/mouse/CMakeFiles/mouse.dir/C_/Program_Files/Raspberry_Pi/Pico_SDK_v1.5.1/pico-sdk/src/rp2_common/pico_standard_link/binary_info.c.obj
 .binary_info.keep.__bi_ptr30
                0x10008be8        0x4 hw13/mouse/CMakeFiles/mouse.dir/C_/Program_Files/Raspberry_Pi/Pico_SDK_v1.5.1/pico-sdk/src/rp2_common/pico_standard_link/binary_info.c.obj
 .binary_info.keep.__bi_ptr38
                0x10008bec        0x4 hw13/mouse/CMakeFiles/mouse.dir/C_/Program_Files/Raspberry_Pi/Pico_SDK_v1.5.1/pico-sdk/src/rp2_common/pico_standard_link/binary_info.c.obj
 .binary_info.keep.__bi_ptr44
                0x10008bf0        0x4 hw13/mouse/CMakeFiles/mouse.dir/C_/Program_Files/Raspberry_Pi/Pico_SDK_v1.5.1/pico-sdk/src/rp2_common/pico_standard_link/binary_info.c.obj
 .binary_info.keep.__bi_ptr50
                0x10008bf4        0x4 hw13/mouse/CMakeFiles/mouse.dir/C_/Program_Files/Raspberry_Pi/Pico_SDK_v1.5.1/pico-sdk/src/rp2_common/pico_standard_link/binary_info.c.obj
 .binary_info.keep.__bi_ptr75
                0x10008bf8        0x4 hw13/mouse/CMakeFiles/mouse.dir/C_/Program_Files/Raspberry_Pi/Pico_SDK_v1.5.1/pico-sdk/src/rp2_common/pico_standard_link/binary_info.c.obj
 .binary_info.keep.__bi_ptr81
                0x10008bfc        0x4 hw13/mouse/CMakeFiles/mouse.dir/C_/Program_Files/Raspberry_Pi/Pico_SDK_v1.5.1/pico-sdk/src/rp2_common/pico_standard_link/binary_info.c.obj
 *(.binary_info.*)
 .binary_info.__bi_ptr182
                0x10008c00        0x4 hw13/mouse/CMakeFiles/mouse.dir/C_/Program_Files/Raspberry_Pi/Pico_SDK_v1.5.1/pico-sdk/src/rp2_common/pico_stdio_usb/stdio_usb.c.obj
                0x10008c04                __binary_info_end = .

.rel.dyn        0x10008c04        0x0
 .rel.iplt      0x10008c04        0x0 c:/progra~1/raspbe~1/picosd~1.1/gcc-ar~1/bin/../lib/gcc/arm-none-eabi/10.3.1/thumb/v6-m/nofp/crtbegin.o
                0x10008c04                . = ALIGN (0x4)

.ram_vector_table
                0x20000000       0xc0
 *(.ram_vector_table)
 .ram_vector_table
                0x20000000       0xc0 hw13/mouse/CMakeFiles/mouse.dir/C_/Program_Files/Raspberry_Pi/Pico_SDK_v1.5.1/pico-sdk/src/rp2_common/pico_runtime/runtime.c.obj
                0x20000000                ram_vector_table

.data           0x200000c0      0xbf8 load address 0x10008c04
                0x200000c0                __data_start__ = .
 *(vtable)
 *(.time_critical*)
 .time_critical.mutex_try_enter
                0x200000c0       0x46 hw13/mouse/CMakeFiles/mouse.dir/C_/Program_Files/Raspberry_Pi/Pico_SDK_v1.5.1/pico-sdk/src/common/pico_sync/mutex.c.obj
                0x200000c0                mutex_try_enter
 *fill*         0x20000106        0x2 
 .time_critical.mutex_enter_block_until
                0x20000108       0x8c hw13/mouse/CMakeFiles/mouse.dir/C_/Program_Files/Raspberry_Pi/Pico_SDK_v1.5.1/pico-sdk/src/common/pico_sync/mutex.c.obj
                0x20000108                mutex_enter_block_until
 .time_critical.mutex_try_enter_block_until
                0x20000194       0x34 hw13/mouse/CMakeFiles/mouse.dir/C_/Program_Files/Raspberry_Pi/Pico_SDK_v1.5.1/pico-sdk/src/common/pico_sync/mutex.c.obj
                0x20000194                mutex_try_enter_block_until
 .time_critical.mutex_enter_timeout_ms
                0x200001c8       0x68 hw13/mouse/CMakeFiles/mouse.dir/C_/Program_Files/Raspberry_Pi/Pico_SDK_v1.5.1/pico-sdk/src/common/pico_sync/mutex.c.obj
                0x200001c8                mutex_enter_timeout_ms
 .time_critical.mutex_exit
                0x20000230       0x4c hw13/mouse/CMakeFiles/mouse.dir/C_/Program_Files/Raspberry_Pi/Pico_SDK_v1.5.1/pico-sdk/src/common/pico_sync/mutex.c.obj
                0x20000230                mutex_exit
 .time_critical.flash_init_boot2_copyout
                0x2000027c       0x30 hw13/mouse/CMakeFiles/mouse.dir/C_/Program_Files/Raspberry_Pi/Pico_SDK_v1.5.1/pico-sdk/src/rp2_common/hardware_flash/flash.c.obj
 .time_critical.flash_enable_xip_via_boot2
                0x200002ac       0x10 hw13/mouse/CMakeFiles/mouse.dir/C_/Program_Files/Raspberry_Pi/Pico_SDK_v1.5.1/pico-sdk/src/rp2_common/hardware_flash/flash.c.obj
 .time_critical.flash_cs_force
                0x200002bc       0x28 hw13/mouse/CMakeFiles/mouse.dir/C_/Program_Files/Raspberry_Pi/Pico_SDK_v1.5.1/pico-sdk/src/rp2_common/hardware_flash/flash.c.obj
 .time_critical.flash_do_cmd
                0x200002e4       0xd8 hw13/mouse/CMakeFiles/mouse.dir/C_/Program_Files/Raspberry_Pi/Pico_SDK_v1.5.1/pico-sdk/src/rp2_common/hardware_flash/flash.c.obj
                0x200002e4                flash_do_cmd
 .time_critical.reset_non_control_endpoints
                0x200003bc       0x40 hw13/mouse/CMakeFiles/mouse.dir/C_/Program_Files/Raspberry_Pi/Pico_SDK_v1.5.1/pico-sdk/lib/tinyusb/src/portable/raspberrypi/rp2040/dcd_rp2040.c.obj
 .time_critical.hw_handle_buff_status