Archive member included to satisfy reference by file (symbol)

c:/progra~1/raspbe~1/picosd~1.1/gcc-ar~1/bin/../lib/gcc/arm-none-eabi/10.3.1/thumb/v6-m/nofp\libgcc.a(_dvmd_tls.o)
                              hw13/usb/CMakeFiles/usb.dir/C_/Program_Files/Raspberry_Pi/Pico_SDK_v1.5.1/pico-sdk/src/rp2_common/pico_divider/divider.S.obj (__aeabi_idiv0)
c:/progra~1/raspbe~1/picosd~1.1/gcc-ar~1/bin/../lib/gcc/arm-none-eabi/10.3.1/../../../../arm-none-eabi/lib/thumb/v6-m/nofp\libg.a(lib_a-calloc.o)
                              hw13/usb/CMakeFiles/usb.dir/C_/Program_Files/Raspberry_Pi/Pico_SDK_v1.5.1/pico-sdk/src/rp2_common/pico_malloc/pico_malloc.c.obj (calloc)
c:/progra~1/raspbe~1/picosd~1.1/gcc-ar~1/bin/../lib/gcc/arm-none-eabi/10.3.1/../../../../arm-none-eabi/lib/thumb/v6-m/nofp\libg.a(lib_a-callocr.o)
                              c:/progra~1/raspbe~1/picosd~1.1/gcc-ar~1/bin/../lib/gcc/arm-none-eabi/10.3.1/../../../../arm-none-eabi/lib/thumb/v6-m/nofp\libg.a(lib_a-calloc.o) (_calloc_r)
c:/progra~1/raspbe~1/picosd~1.1/gcc-ar~1/bin/../lib/gcc/arm-none-eabi/10.3.1/../../../../arm-none-eabi/lib/thumb/v6-m/nofp\libg.a(lib_a-errno.o)
                              c:/progra~1/raspbe~1/picosd~1.1/gcc-ar~1/bin/../lib/gcc/arm-none-eabi/10.3.1/../../../../arm-none-eabi/lib/thumb/v6-m/nofp\libg.a(lib_a-callocr.o) (__errno)
c:/progra~1/raspbe~1/picosd~1.1/gcc-ar~1/bin/../lib/gcc/arm-none-eabi/10.3.1/../../../../arm-none-eabi/lib/thumb/v6-m/nofp\libg.a(lib_a-impure.o)
                              c:/progra~1/raspbe~1/picosd~1.1/gcc-ar~1/bin/../lib/gcc/arm-none-eabi/10.3.1/../../../../arm-none-eabi/lib/thumb/v6-m/nofp\libg.a(lib_a-calloc.o) (_impure_ptr)
c:/progra~1/raspbe~1/picosd~1.1/gcc-ar~1/bin/../lib/gcc/arm-none-eabi/10.3.1/../../../../arm-none-eabi/lib/thumb/v6-m/nofp\libg.a(lib_a-init.o)
                              c:/progra~1/raspbe~1/picosd~1.1/gcc-ar~1/bin/../lib/gcc/arm-none-eabi/10.3.1/../../../../arm-none-eabi/lib/thumb/v6-m/nofp/crt0.o (__libc_init_array)
c:/progra~1/raspbe~1/picosd~1.1/gcc-ar~1/bin/../lib/gcc/arm-none-eabi/10.3.1/../../../../arm-none-eabi/lib/thumb/v6-m/nofp\libg.a(lib_a-malloc.o)
                              hw13/usb/CMakeFiles/usb.dir/C_/Program_Files/Raspberry_Pi/Pico_SDK_v1.5.1/pico-sdk/src/rp2_common/pico_malloc/pico_malloc.c.obj (malloc)
c:/progra~1/raspbe~1/picosd~1.1/gcc-ar~1/bin/../lib/gcc/arm-none-eabi/10.3.1/../../../../arm-none-eabi/lib/thumb/v6-m/nofp\libg.a(lib_a-mallocr.o)
                              c:/progra~1/raspbe~1/picosd~1.1/gcc-ar~1/bin/../lib/gcc/arm-none-eabi/10.3.1/../../../../arm-none-eabi/lib/thumb/v6-m/nofp\libg.a(lib_a-callocr.o) (_malloc_r)
c:/progra~1/raspbe~1/picosd~1.1/gcc-ar~1/bin/../lib/gcc/arm-none-eabi/10.3.1/../../../../arm-none-eabi/lib/thumb/v6-m/nofp\libg.a(lib_a-mlock.o)
                              c:/progra~1/raspbe~1/picosd~1.1/gcc-ar~1/bin/../lib/gcc/arm-none-eabi/10.3.1/../../../../arm-none-eabi/lib/thumb/v6-m/nofp\libg.a(lib_a-mallocr.o) (__malloc_lock)
c:/progra~1/raspbe~1/picosd~1.1/gcc-ar~1/bin/../lib/gcc/arm-none-eabi/10.3.1/../../../../arm-none-eabi/lib/thumb/v6-m/nofp\libg.a(lib_a-realloc.o)
                              hw13/usb/CMakeFiles/usb.dir/C_/Program_Files/Raspberry_Pi/Pico_SDK_v1.5.1/pico-sdk/src/rp2_common/pico_malloc/pico_malloc.c.obj (realloc)
c:/progra~1/raspbe~1/picosd~1.1/gcc-ar~1/bin/../lib/gcc/arm-none-eabi/10.3.1/../../../../arm-none-eabi/lib/thumb/v6-m/nofp\libg.a(lib_a-reallocr.o)
                              c:/progra~1/raspbe~1/picosd~1.1/gcc-ar~1/bin/../lib/gcc/arm-none-eabi/10.3.1/../../../../arm-none-eabi/lib/thumb/v6-m/nofp\libg.a(lib_a-realloc.o) (_realloc_r)
c:/progra~1/raspbe~1/picosd~1.1/gcc-ar~1/bin/../lib/gcc/arm-none-eabi/10.3.1/../../../../arm-none-eabi/lib/thumb/v6-m/nofp\libg.a(lib_a-sbrkr.o)
                              c:/progra~1/raspbe~1/picosd~1.1/gcc-ar~1/bin/../lib/gcc/arm-none-eabi/10.3.1/../../../../arm-none-eabi/lib/thumb/v6-m/nofp\libg.a(lib_a-mallocr.o) (_sbrk_r)
c:/progra~1/raspbe~1/picosd~1.1/gcc-ar~1/bin/../lib/gcc/arm-none-eabi/10.3.1/../../../../arm-none-eabi/lib/thumb/v6-m/nofp\libg.a(lib_a-strlen-stub.o)
                              hw13/usb/CMakeFiles/usb.dir/usb_descriptors.c.obj (strlen)
c:/progra~1/raspbe~1/picosd~1.1/gcc-ar~1/bin/../lib/gcc/arm-none-eabi/10.3.1/../../../../arm-none-eabi/lib/thumb/v6-m/nofp\libg.a(lib_a-freer.o)
                              c:/progra~1/raspbe~1/picosd~1.1/gcc-ar~1/bin/../lib/gcc/arm-none-eabi/10.3.1/../../../../arm-none-eabi/lib/thumb/v6-m/nofp\libg.a(lib_a-malloc.o) (_free_r)
c:/progra~1/raspbe~1/picosd~1.1/gcc-ar~1/bin/../lib/gcc/arm-none-eabi/10.3.1/../../../../arm-none-eabi/lib/thumb/v6-m/nofp\libg.a(lib_a-lock.o)
                              c:/progra~1/raspbe~1/picosd~1.1/gcc-ar~1/bin/../lib/gcc/arm-none-eabi/10.3.1/../../../../arm-none-eabi/lib/thumb/v6-m/nofp\libg.a(lib_a-mlock.o) (__retarget_lock_acquire_recursive)
[...]
Memory Configuration

Name             Origin             Length             Attributes
FLASH            0x10000000         0x00200000         xr
RAM              0x20000000         0x00040000         xrw
SCRATCH_X        0x20040000         0x00001000         xrw
SCRATCH_Y        0x20041000         0x00001000         xrw
*default*        0x00000000         0xffffffff

Linker script and memory map

LOAD c:/progra~1/raspbe~1/picosd~1.1/gcc-ar~1/bin/../lib/gcc/arm-none-eabi/10.3.1/thumb/v6-m/nofp/crti.o
LOAD c:/progra~1/raspbe~1/picosd~1.1/gcc-ar~1/bin/../lib/gcc/arm-none-eabi/10.3.1/thumb/v6-m/nofp/crtbegin.o
LOAD c:/progra~1/raspbe~1/picosd~1.1/gcc-ar~1/bin/../lib/gcc/arm-none-eabi/10.3.1/../../../../arm-none-eabi/lib/thumb/v6-m/nofp/crt0.o

.flash_begin    0x10000000        0x0
                0x10000000                __flash_binary_start = .

.boot2          0x10000000      0x100
                0x10000000                __boot2_start__ = .
 *(.boot2)
 .boot2         0x10000000      0x100 C:\Users\SRyu0\AppData\Local\Temp\ccm3pTku.o
                0x10000100                __boot2_end__ = .
                0x00000001                ASSERT (((__boot2_end__ - __boot2_start__) == 0x100), ERROR: Pico second stage bootloader must be 256 bytes in size)

.text           0x10000100     0x69c8
                0x10000100                __logical_binary_start = .
 *(.vectors)
 .vectors       0x10000100       0xd4 hw13/usb/CMakeFiles/usb.dir/C_/Program_Files/Raspberry_Pi/Pico_SDK_v1.5.1/pico-sdk/src/rp2_common/pico_standard_link/crt0.S.obj
                0x10000100                __VECTOR_TABLE
                0x10000100                __vectors
                0x100001c0                isr_invalid
                0x100001c0                __default_isrs_start
                0x100001c2                isr_nmi
                0x100001c4                isr_hardfault
                0x100001c6                isr_svcall
                0x100001c8                isr_pendsv
                0x100001ca                isr_systick
                0x100001cc                isr_irq23
                0x100001cc                isr_irq18
                0x100001cc                isr_irq11
                0x100001cc                isr_irq28
                0x100001cc                isr_irq19
                0x100001cc                isr_irq0
                0x100001cc                isr_irq6
                0x100001cc                isr_irq5
                0x100001cc                isr_irq12
                0x100001cc                isr_irq22
                0x100001cc                isr_irq31
                0x100001cc                isr_irq17
                0x100001cc                isr_irq27
                0x100001cc                isr_irq30
                0x100001cc                isr_irq2
                0x100001cc                isr_irq10
                0x100001cc                isr_irq8
                0x100001cc                isr_irq24
                0x100001cc                isr_irq1
                0x100001cc                isr_irq7
                0x100001cc                isr_irq21
                0x100001cc                isr_irq20
                0x100001cc                isr_irq15
                0x100001cc                isr_irq25
                0x100001cc                isr_irq13
                0x100001cc                __unhandled_user_irq
                0x100001cc                isr_irq4
                0x100001cc                isr_irq16
                0x100001cc                isr_irq29
                0x100001cc                isr_irq26
                0x100001cc                __default_isrs_end
                0x100001cc                isr_irq3
                0x100001cc                isr_irq14
                0x100001cc                isr_irq9
                0x100001d2                unhandled_user_irq_num_in_r0
 *(.binary_info_header)
 .binary_info_header
                0x100001d4       0x14 hw13/usb/CMakeFiles/usb.dir/C_/Program_Files/Raspberry_Pi/Pico_SDK_v1.5.1/pico-sdk/src/rp2_common/pico_standard_link/crt0.S.obj
                0x100001e8                __binary_info_header_end = .
 *(.reset)
 .reset         0x100001e8       0xa0 hw13/usb/CMakeFiles/usb.dir/C_/Program_Files/Raspberry_Pi/Pico_SDK_v1.5.1/pico-sdk/src/rp2_common/pico_standard_link/crt0.S.obj
                0x100001e8                _entry_point
 .reset         0x10000288       0x30 hw13/usb/CMakeFiles/usb.dir/C_/Program_Files/Raspberry_Pi/Pico_SDK_v1.5.1/pico-sdk/src/rp2_common/pico_standard_link/binary_info.c.obj
 *(.init)
 .init          0x100002b8        0x4 c:/progra~1/raspbe~1/picosd~1.1/gcc-ar~1/bin/../lib/gcc/arm-none-eabi/10.3.1/thumb/v6-m/nofp/crti.o
                0x100002b8                _init
 *(EXCLUDE_FILE(*libm.a: *libc.a:*lib_a-mem*.o *libgcc.a:) .text*)
 .text          0x100002bc       0x48 c:/progra~1/raspbe~1/picosd~1.1/gcc-ar~1/bin/../lib/gcc/arm-none-eabi/10.3.1/thumb/v6-m/nofp/crtbegin.o
 .text.mpu6050_read_raw
                0x10000304       0x88 hw13/usb/CMakeFiles/usb.dir/usb.c.obj
 .text.send_hid_report
                0x1000038c      0x2d8 hw13/usb/CMakeFiles/usb.dir/usb.c.obj
 .text.mpu6050_init
                0x10000664       0x50 hw13/usb/CMakeFiles/usb.dir/usb.c.obj
                0x10000664                mpu6050_init
 .text.whoAmI_check
                0x100006b4       0x60 hw13/usb/CMakeFiles/usb.dir/usb.c.obj
                0x100006b4                whoAmI_check
 .text.tud_mount_cb
                0x10000714       0x10 hw13/usb/CMakeFiles/usb.dir/usb.c.obj
                0x10000714                tud_mount_cb
 .text.tud_umount_cb
                0x10000724        0xc hw13/usb/CMakeFiles/usb.dir/usb.c.obj
                0x10000724                tud_umount_cb
 .text.tud_suspend_cb
                0x10000730       0x10 hw13/usb/CMakeFiles/usb.dir/usb.c.obj
                0x10000730                tud_suspend_cb
 .text.tud_resume_cb
                0x10000740       0x10 hw13/usb/CMakeFiles/usb.dir/usb.c.obj
                0x10000740                tud_resume_cb
 .text.hid_task
                0x10000750       0x70 hw13/usb/CMakeFiles/usb.dir/usb.c.obj
                0x10000750                hid_task
 .text.tud_hid_report_complete_cb
                0x100007c0       0x1c hw13/usb/CMakeFiles/usb.dir/usb.c.obj
                0x100007c0                tud_hid_report_complete_cb
 .text.tud_hid_get_report_cb
                0x100007dc        0x4 hw13/usb/CMakeFiles/usb.dir/usb.c.obj
                0x100007dc                tud_hid_get_report_cb
 .text.tud_hid_set_report_cb
                0x100007e0       0x3c hw13/usb/CMakeFiles/usb.dir/usb.c.obj
                0x100007e0                tud_hid_set_report_cb
 .text.led_blinking_task
                0x1000081c       0x74 hw13/usb/CMakeFiles/usb.dir/usb.c.obj
                0x1000081c                led_blinking_task
 .text.main     0x10000890       0x78 hw13/usb/CMakeFiles/usb.dir/usb.c.obj
                0x10000890                main
 .text.tud_descriptor_device_cb
                0x10000908        0x8 hw13/usb/CMakeFiles/usb.dir/usb_descriptors.c.obj
                0x10000908                tud_descriptor_device_cb
 .text.tud_hid_descriptor_report_cb
                0x10000910        0x8 hw13/usb/CMakeFiles/usb.dir/usb_descriptors.c.obj
                0x10000910                tud_hid_descriptor_report_cb
 .text.tud_descriptor_configuration_cb
                0x10000918        0x8 hw13/usb/CMakeFiles/usb.dir/usb_descriptors.c.obj
                0x10000918                tud_descriptor_configuration_cb
 .text.tud_descriptor_string_cb
                0x10000920       0x74 hw13/usb/CMakeFiles/usb.dir/usb_descriptors.c.obj
                0x10000920                tud_descriptor_string_cb
 .text.gpio_set_function
                0x10000994       0x30 hw13/usb/CMakeFiles/usb.dir/C_/Program_Files/Raspberry_Pi/Pico_SDK_v1.5.1/pico-sdk/src/rp2_common/hardware_gpio/gpio.c.obj
                0x10000994                gpio_set_function
 .text.gpio_init
                0x100009c4       0x16 hw13/usb/CMakeFiles/usb.dir/C_/Program_Files/Raspberry_Pi/Pico_SDK_v1.5.1/pico-sdk/src/rp2_common/hardware_gpio/gpio.c.obj
                0x100009c4                gpio_init
 *fill*         0x100009da        0x2 
 .text.running_on_fpga
                0x100009dc       0x14 hw13/usb/CMakeFiles/usb.dir/C_/Program_Files/Raspberry_Pi/Pico_SDK_v1.5.1/pico-sdk/src/rp2_common/pico_platform/platform.c.obj
                0x100009dc                running_on_fpga
 .text.hw_claim_lock
                0x100009f0       0x18 hw13/usb/CMakeFiles/usb.dir/C_/Program_Files/Raspberry_Pi/Pico_SDK_v1.5.1/pico-sdk/src/rp2_common/hardware_claim/claim.c.obj
                0x100009f0                hw_claim_lock
 .text.hw_claim_unlock
                0x10000a08       0x14 hw13/usb/CMakeFiles/usb.dir/C_/Program_Files/Raspberry_Pi/Pico_SDK_v1.5.1/pico-sdk/src/rp2_common/hardware_claim/claim.c.obj
                0x10000a08                hw_claim_unlock
 .text.hw_claim_or_assert
                0x10000a1c       0x32 hw13/usb/CMakeFiles/usb.dir/C_/Program_Files/Raspberry_Pi/Pico_SDK_v1.5.1/pico-sdk/src/rp2_common/hardware_claim/claim.c.obj
                0x10000a1c                hw_claim_or_assert
 .text.hw_claim_unused_from_range
                0x10000a4e       0x50 hw13/usb/CMakeFiles/usb.dir/C_/Program_Files/Raspberry_Pi/Pico_SDK_v1.5.1/pico-sdk/src/rp2_common/hardware_claim/claim.c.obj
                0x10000a4e                hw_claim_unused_from_range
 *fill*         0x10000a9e        0x2 
 .text.spin_locks_reset
                0x10000aa0       0x20 hw13/usb/CMakeFiles/usb.dir/C_/Program_Files/Raspberry_Pi/Pico_SDK_v1.5.1/pico-sdk/src/rp2_common/hardware_sync/sync.c.obj
                0x10000aa0                spin_locks_reset
 .text.next_striped_spin_lock_num
                0x10000ac0       0x1c hw13/usb/CMakeFiles/usb.dir/C_/Program_Files/Raspberry_Pi/Pico_SDK_v1.5.1/pico-sdk/src/rp2_common/hardware_sync/sync.c.obj
                0x10000ac0                next_striped_spin_lock_num
 .text.spin_lock_claim_unused
                0x10000adc       0x20 hw13/usb/CMakeFiles/usb.dir/C_/Program_Files/Raspberry_Pi/Pico_SDK_v1.5.1/pico-sdk/src/rp2_common/hardware_sync/sync.c.obj
                0x10000adc                spin_lock_claim_unused
 .text.set_raw_irq_handler_and_unlock
                0x10000afc       0x28 hw13/usb/CMakeFiles/usb.dir/C_/Program_Files/Raspberry_Pi/Pico_SDK_v1.5.1/pico-sdk/src/rp2_common/hardware_irq/irq.c.obj
 .text.make_branch
                0x10000b24       0x48 hw13/usb/CMakeFiles/usb.dir/C_/Program_Files/Raspberry_Pi/Pico_SDK_v1.5.1/pico-sdk/src/rp2_common/hardware_irq/irq.c.obj
 .text.insert_branch_and_link
                0x10000b6c       0x40 hw13/usb/CMakeFiles/usb.dir/C_/Program_Files/Raspberry_Pi/Pico_SDK_v1.5.1/pico-sdk/src/rp2_common/hardware_irq/irq.c.obj
 .text.irq_is_enabled
                0x10000bac       0x18 hw13/usb/CMakeFiles/usb.dir/C_/Program_Files/Raspberry_Pi/Pico_SDK_v1.5.1/pico-sdk/src/rp2_common/hardware_irq/irq.c.obj
                0x10000bac                irq_is_enabled
 .text.irq_set_mask_enabled
                0x10000bc4       0x20 hw13/usb/CMakeFiles/usb.dir/C_/Program_Files/Raspberry_Pi/Pico_SDK_v1.5.1/pico-sdk/src/rp2_common/hardware_irq/irq.c.obj
                0x10000bc4                irq_set_mask_enabled
 .text.irq_set_enabled
                0x10000be4        0xe hw13/usb/CMakeFiles/usb.dir/C_/Program_Files/Raspberry_Pi/Pico_SDK_v1.5.1/pico-sdk/src/rp2_common/hardware_irq/irq.c.obj
                0x10000be4                irq_set_enabled
 *fill*         0x10000bf2        0x2 
 .text.irq_get_vtable_handler
                0x10000bf4       0x10 hw13/usb/CMakeFiles/usb.dir/C_/Program_Files/Raspberry_Pi/Pico_SDK_v1.5.1/pico-sdk/src/rp2_common/hardware_irq/irq.c.obj
                0x10000bf4                irq_get_vtable_handler
 .text.irq_set_exclusive_handler
                0x10000c04       0x54 hw13/usb/CMakeFiles/usb.dir/C_/Program_Files/Raspberry_Pi/Pico_SDK_v1.5.1/pico-sdk/src/rp2_common/hardware_irq/irq.c.obj
                0x10000c04                irq_set_exclusive_handler
 .text.irq_add_shared_handler
                0x10000c58      0x234 hw13/usb/CMakeFiles/usb.dir/C_/Program_Files/Raspberry_Pi/Pico_SDK_v1.5.1/pico-sdk/src/rp2_common/hardware_irq/irq.c.obj
                0x10000c58                irq_add_shared_handler
 .text.irq_remove_handler
                0x10000e8c      0x1ac hw13/usb/CMakeFiles/usb.dir/C_/Program_Files/Raspberry_Pi/Pico_SDK_v1.5.1/pico-sdk/src/rp2_common/hardware_irq/irq.c.obj
                0x10000e8c                irq_remove_handler
 .text.irq_add_tail_to_free_list
                0x10001038       0xf0 hw13/usb/CMakeFiles/usb.dir/C_/Program_Files/Raspberry_Pi/Pico_SDK_v1.5.1/pico-sdk/src/rp2_common/hardware_irq/irq.c.obj
                0x10001038                irq_add_tail_to_free_list
 .text.irq_init_priorities
                0x10001128       0x1c hw13/usb/CMakeFiles/usb.dir/C_/Program_Files/Raspberry_Pi/Pico_SDK_v1.5.1/pico-sdk/src/rp2_common/hardware_irq/irq.c.obj
                0x10001128                irq_init_priorities
 .text.lock_init
                0x10001144       0x10 hw13/usb/CMakeFiles/usb.dir/C_/Program_Files/Raspberry_Pi/Pico_SDK_v1.5.1/pico-sdk/src/common/pico_sync/lock_core.c.obj
                0x10001144                lock_init
 .text.mutex_init
                0x10001154       0x1a hw13/usb/CMakeFiles/usb.dir/C_/Program_Files/Raspberry_Pi/Pico_SDK_v1.5.1/pico-sdk/src/common/pico_sync/mutex.c.obj
                0x10001154                mutex_init
 .text.recursive_mutex_init
                0x1000116e       0x1e hw13/usb/CMakeFiles/usb.dir/C_/Program_Files/Raspberry_Pi/Pico_SDK_v1.5.1/pico-sdk/src/common/pico_sync/mutex.c.obj
                0x1000116e                recursive_mutex_init
 .text.critical_section_init_with_lock_num
                0x1000118c       0x14 hw13/usb/CMakeFiles/usb.dir/C_/Program_Files/Raspberry_Pi/Pico_SDK_v1.5.1/pico-sdk/src/common/pico_sync/critical_section.c.obj
                0x1000118c                critical_section_init_with_lock_num
 .text.critical_section_init
                0x100011a0       0x14 hw13/usb/CMakeFiles/usb.dir/C_/Program_Files/Raspberry_Pi/Pico_SDK_v1.5.1/pico-sdk/src/common/pico_sync/critical_section.c.obj
                0x100011a0                critical_section_init
 .text.alarm_pool_post_alloc_init
                0x100011b4       0x40 hw13/usb/CMakeFiles/usb.dir/C_/Program_Files/Raspberry_Pi/Pico_SDK_v1.5.1/pico-sdk/src/common/pico_time/time.c.obj
 .text.sleep_until_callback
                0x100011f4       0x30 hw13/usb/CMakeFiles/usb.dir/C_/Program_Files/Raspberry_Pi/Pico_SDK_v1.5.1/pico-sdk/src/common/pico_time/time.c.obj
 .text.timer_pool_entry_comparator
                0x10001224       0x7c hw13/usb/CMakeFiles/usb.dir/C_/Program_Files/Raspberry_Pi/Pico_SDK_v1.5.1/pico-sdk/src/common/pico_time/time.c.obj
                0x10001224                timer_pool_entry_comparator
 .text.ph_add_child_node
                0x100012a0       0xa4 hw13/usb/CMakeFiles/usb.dir/C_/Program_Files/Raspberry_Pi/Pico_SDK_v1.5.1/pico-sdk/src/common/pico_time/time.c.obj
 .text.ph_merge_nodes
                0x10001344       0x3e hw13/usb/CMakeFiles/usb.dir/C_/Program_Files/Raspberry_Pi/Pico_SDK_v1.5.1/pico-sdk/src/common/pico_time/time.c.obj
 *fill*         0x10001382        0x2 
 .text.add_alarm_under_lock
                0x10001384      0x174 hw13/usb/CMakeFiles/usb.dir/C_/Program_Files/Raspberry_Pi/Pico_SDK_v1.5.1/pico-sdk/src/common/pico_time/time.c.obj
 .text.alarm_pool_alarm_callback
                0x100014f8      0x33c hw13/usb/CMakeFiles/usb.dir/C_/Program_Files/Raspberry_Pi/Pico_SDK_v1.5.1/pico-sdk/src/common/pico_time/time.c.obj
 .text.alarm_pool_init_default
                0x10001834       0x40 hw13/usb/CMakeFiles/usb.dir/C_/Program_Files/Raspberry_Pi/Pico_SDK_v1.5.1/pico-sdk/src/common/pico_time/time.c.obj
                0x10001834                alarm_pool_init_default
 .text.alarm_pool_get_default
                0x10001874       0x2c hw13/usb/CMakeFiles/usb.dir/C_/Program_Files/Raspberry_Pi/Pico_SDK_v1.5.1/pico-sdk/src/common/pico_time/time.c.obj
                0x10001874                alarm_pool_get_default
 .text.alarm_pool_add_alarm_at
                0x100018a0      0x168 hw13/usb/CMakeFiles/usb.dir/C_/Program_Files/Raspberry_Pi/Pico_SDK_v1.5.1/pico-sdk/src/common/pico_time/time.c.obj
                0x100018a0                alarm_pool_add_alarm_at
 .text.alarm_pool_cancel_alarm
                0x10001a08       0xf8 hw13/usb/CMakeFiles/usb.dir/C_/Program_Files/Raspberry_Pi/Pico_SDK_v1.5.1/pico-sdk/src/common/pico_time/time.c.obj
                0x10001a08                alarm_pool_cancel_alarm
 .text.sleep_until
                0x10001b00       0xfc hw13/usb/CMakeFiles/usb.dir/C_/Program_Files/Raspberry_Pi/Pico_SDK_v1.5.1/pico-sdk/src/common/pico_time/time.c.obj
                0x10001b00                sleep_until
 .text.sleep_us
                0x10001bfc       0x58 hw13/usb/CMakeFiles/usb.dir/C_/Program_Files/Raspberry_Pi/Pico_SDK_v1.5.1/pico-sdk/src/common/pico_time/time.c.obj
                0x10001bfc                sleep_us
 .text.sleep_ms
                0x10001c54       0x14 hw13/usb/CMakeFiles/usb.dir/C_/Program_Files/Raspberry_Pi/Pico_SDK_v1.5.1/pico-sdk/src/common/pico_time/time.c.obj
                0x10001c54                sleep_ms
 .text.best_effort_wfe_or_timeout
                0x10001c68       0xac hw13/usb/CMakeFiles/usb.dir/C_/Program_Files/Raspberry_Pi/Pico_SDK_v1.5.1/pico-sdk/src/common/pico_time/time.c.obj
                0x10001c68                best_effort_wfe_or_timeout
 .text.hardware_alarm_irq_handler
                0x10001d14       0x90 hw13/usb/CMakeFiles/usb.dir/C_/Program_Files/Raspberry_Pi/Pico_SDK_v1.5.1/pico-sdk/src/rp2_common/hardware_timer/timer.c.obj
 .text.hardware_alarm_claim
                0x10001da4       0x18 hw13/usb/CMakeFiles/usb.dir/C_/Program_Files/Raspberry_Pi/Pico_SDK_v1.5.1/pico-sdk/src/rp2_common/hardware_timer/timer.c.obj
                0x10001da4                hardware_alarm_claim
 .text.time_us_64
                0x10001dbc       0x18 hw13/usb/CMakeFiles/usb.dir/C_/Program_Files/Raspberry_Pi/Pico_SDK_v1.5.1/pico-sdk/src/rp2_common/hardware_timer/timer.c.obj
                0x10001dbc                time_us_64
 .text.busy_wait_until
                0x10001dd4       0x28 hw13/usb/CMakeFiles/usb.dir/C_/Program_Files/Raspberry_Pi/Pico_SDK_v1.5.1/pico-sdk/src/rp2_common/hardware_timer/timer.c.obj
                0x10001dd4                busy_wait_until
 .text.hardware_alarm_set_callback
                0x10001dfc       0x90 hw13/usb/CMakeFiles/usb.dir/C_/Program_Files/Raspberry_Pi/Pico_SDK_v1.5.1/pico-sdk/src/rp2_common/hardware_timer/timer.c.obj
                0x10001dfc                hardware_alarm_set_callback
 .text.hardware_alarm_set_target
                0x10001e8c       0xe8 hw13/usb/CMakeFiles/usb.dir/C_/Program_Files/Raspberry_Pi/Pico_SDK_v1.5.1/pico-sdk/src/rp2_common/hardware_timer/timer.c.obj
                0x10001e8c                hardware_alarm_set_target
 .text.hardware_alarm_cancel
                0x10001f74       0x40 hw13/usb/CMakeFiles/usb.dir/C_/Program_Files/Raspberry_Pi/Pico_SDK_v1.5.1/pico-sdk/src/rp2_common/hardware_timer/timer.c.obj
                0x10001f74                hardware_alarm_cancel
 .text.ph_add_child_node
                0x10001fb4       0xa4 hw13/usb/CMakeFiles/usb.dir/C_/Program_Files/Raspberry_Pi/Pico_SDK_v1.5.1/pico-sdk/src/common/pico_util/pheap.c.obj
 .text.ph_merge_nodes
                0x10002058       0x3e hw13/usb/CMakeFiles/usb.dir/C_/Program_Files/Raspberry_Pi/Pico_SDK_v1.5.1/pico-sdk/src/common/pico_util/pheap.c.obj
 *fill*         0x10002096        0x2 
 .text.ph_clear
                0x10002098       0x70 hw13/usb/CMakeFiles/usb.dir/C_/Program_Files/Raspberry_Pi/Pico_SDK_v1.5.1/pico-sdk/src/common/pico_util/pheap.c.obj
                0x10002098                ph_clear
 .text.ph_post_alloc_init
                0x10002108        0xe hw13/usb/CMakeFiles/usb.dir/C_/Program_Files/Raspberry_Pi/Pico_SDK_v1.5.1/pico-sdk/src/common/pico_util/pheap.c.obj
                0x10002108                ph_post_alloc_init
 *fill*         0x10002116        0x2 
 .text.ph_merge_two_pass
                0x10002118       0xa8 hw13/usb/CMakeFiles/usb.dir/C_/Program_Files/Raspberry_Pi/Pico_SDK_v1.5.1/pico-sdk/src/common/pico_util/pheap.c.obj
                0x10002118                ph_merge_two_pass
 .text.ph_remove_any_head
                0x100021c0      0x128 hw13/usb/CMakeFiles/usb.dir/C_/Program_Files/Raspberry_Pi/Pico_SDK_v1.5.1/pico-sdk/src/common/pico_util/pheap.c.obj
 .text.ph_remove_head
                0x100022e8       0x14 hw13/usb/CMakeFiles/usb.dir/C_/Program_Files/Raspberry_Pi/Pico_SDK_v1.5.1/pico-sdk/src/common/pico_util/pheap.c.obj
                0x100022e8                ph_remove_head
 .text.ph_remove_and_free_node
                0x100022fc       0xf8 hw13/usb/CMakeFiles/usb.dir/C_/Program_Files/Raspberry_Pi/Pico_SDK_v1.5.1/pico-sdk/src/common/pico_util/pheap.c.obj
                0x100022fc                ph_remove_and_free_node
 .text.clock_configure
                0x100023f4      0x108 hw13/usb/CMakeFiles/usb.dir/C_/Program_Files/Raspberry_Pi/Pico_SDK_v1.5.1/pico-sdk/src/rp2_common/hardware_clocks/clocks.c.obj
                0x100023f4                clock_configure
 .text.clocks_init
                0x100024fc      0x100 hw13/usb/CMakeFiles/usb.dir/C_/Program_Files/Raspberry_Pi/Pico_SDK_v1.5.1/pico-sdk/src/rp2_common/hardware_clocks/clocks.c.obj
                0x100024fc                clocks_init
 .text.clock_get_hz
                0x100025fc        0xc hw13/usb/CMakeFiles/usb.dir/C_/Program_Files/Raspberry_Pi/Pico_SDK_v1.5.1/pico-sdk/src/rp2_common/hardware_clocks/clocks.c.obj
                0x100025fc                clock_get_hz
 .text.pll_init
                0x10002608      0x120 hw13/usb/CMakeFiles/usb.dir/C_/Program_Files/Raspberry_Pi/Pico_SDK_v1.5.1/pico-sdk/src/rp2_common/hardware_pll/pll.c.obj
                0x10002608                pll_init
 .text.watchdog_start_tick
                0x10002728       0x10 hw13/usb/CMakeFiles/usb.dir/C_/Program_Files/Raspberry_Pi/Pico_SDK_v1.5.1/pico-sdk/src/rp2_common/hardware_watchdog/watchdog.c.obj
                0x10002728                watchdog_start_tick
 .text.xosc_init
                0x10002738       0x28 hw13/usb/CMakeFiles/usb.dir/C_/Program_Files/Raspberry_Pi/Pico_SDK_v1.5.1/pico-sdk/src/rp2_common/hardware_xosc/xosc.c.obj
                0x10002738                xosc_init
 .text._exit    0x10002760        0x4 hw13/usb/CMakeFiles/usb.dir/C_/Program_Files/Raspberry_Pi/Pico_SDK_v1.5.1/pico-sdk/src/rp2_common/pico_runtime/runtime.c.obj
                0x10002760                _exit
 .text.exit     0x10002764        0x6 hw13/usb/CMakeFiles/usb.dir/C_/Program_Files/Raspberry_Pi/Pico_SDK_v1.5.1/pico-sdk/src/rp2_common/pico_runtime/runtime.c.obj
                0x10002764                exit
 *fill*         0x1000276a        0x2 
 .text.__assert_func
                0x1000276c       0x3c hw13/usb/CMakeFiles/usb.dir/C_/Program_Files/Raspberry_Pi/Pico_SDK_v1.5.1/pico-sdk/src/rp2_common/pico_runtime/runtime.c.obj
                0x1000276c                __assert_func
 .text.runtime_init
                0x100027a8       0xf8 hw13/usb/CMakeFiles/usb.dir/C_/Program_Files/Raspberry_Pi/Pico_SDK_v1.5.1/pico-sdk/src/rp2_common/pico_runtime/runtime.c.obj
                0x100027a8                runtime_init
 .text.panic    0x100028a0       0x30 hw13/usb/CMakeFiles/usb.dir/C_/Program_Files/Raspberry_Pi/Pico_SDK_v1.5.1/pico-sdk/src/rp2_common/pico_runtime/runtime.c.obj
                0x100028a0                panic
 .text._out_null
                0x100028d0        0x2 hw13/usb/CMakeFiles/usb.dir/C_/Program_Files/Raspberry_Pi/Pico_SDK_v1.5.1/pico-sdk/src/rp2_common/pico_printf/printf.c.obj
 .text._out_fct
                0x100028d2        0xe hw13/usb/CMakeFiles/usb.dir/C_/Program_Files/Raspberry_Pi/Pico_SDK_v1.5.1/pico-sdk/src/rp2_common/pico_printf/printf.c.obj
 .text._atoi    0x100028e0       0x24 hw13/usb/CMakeFiles/usb.dir/C_/Program_Files/Raspberry_Pi/Pico_SDK_v1.5.1/pico-sdk/src/rp2_common/pico_printf/printf.c.obj
 .text._out_rev
                0x10002904       0xae hw13/usb/CMakeFiles/usb.dir/C_/Program_Files/Raspberry_Pi/Pico_SDK_v1.5.1/pico-sdk/src/rp2_common/pico_printf/printf.c.obj
 .text._ntoa_format
                0x100029b2      0x112 hw13/usb/CMakeFiles/usb.dir/C_/Program_Files/Raspberry_Pi/Pico_SDK_v1.5.1/pico-sdk/src/rp2_common/pico_printf/printf.c.obj
 .text._ntoa_long
                0x10002ac4       0xbc hw13/usb/CMakeFiles/usb.dir/C_/Program_Files/Raspberry_Pi/Pico_SDK_v1.5.1/pico-sdk/src/rp2_common/pico_printf/printf.c.obj
 .text._ntoa_long_long
                0x10002b80       0xe2 hw13/usb/CMakeFiles/usb.dir/C_/Program_Files/Raspberry_Pi/Pico_SDK_v1.5.1/pico-sdk/src/rp2_common/pico_printf/printf.c.obj
 *fill*         0x10002c62        0x2 
 .text._etoa    0x10002c64      0x414 hw13/usb/CMakeFiles/usb.dir/C_/Program_Files/Raspberry_Pi/Pico_SDK_v1.5.1/pico-sdk/src/rp2_common/pico_printf/printf.c.obj
 .text._ftoa    0x10003078      0x354 hw13/usb/CMakeFiles/usb.dir/C_/Program_Files/Raspberry_Pi/Pico_SDK_v1.5.1/pico-sdk/src/rp2_common/pico_printf/printf.c.obj
 .text._vsnprintf
                0x100033cc      0x624 hw13/usb/CMakeFiles/usb.dir/C_/Program_Files/Raspberry_Pi/Pico_SDK_v1.5.1/pico-sdk/src/rp2_common/pico_printf/printf.c.obj
 .text.vfctprintf
                0x100039f0       0x20 hw13/usb/CMakeFiles/usb.dir/C_/Program_Files/Raspberry_Pi/Pico_SDK_v1.5.1/pico-sdk/src/rp2_common/pico_printf/printf.c.obj
                0x100039f0                vfctprintf
 .text          0x10003a10       0x10 hw13/usb/CMakeFiles/usb.dir/C_/Program_Files/Raspberry_Pi/Pico_SDK_v1.5.1/pico-sdk/src/rp2_common/pico_bit_ops/bit_ops_aeabi.S.obj
 .text.rom_func_lookup
                0x10003a20       0x10 hw13/usb/CMakeFiles/usb.dir/C_/Program_Files/Raspberry_Pi/Pico_SDK_v1.5.1/pico-sdk/src/rp2_common/pico_bootrom/bootrom.c.obj
                0x10003a20                rom_func_lookup
 .text.rom_data_lookup
                0x10003a30       0x10 hw13/usb/CMakeFiles/usb.dir/C_/Program_Files/Raspberry_Pi/Pico_SDK_v1.5.1/pico-sdk/src/rp2_common/pico_bootrom/bootrom.c.obj
                0x10003a30                rom_data_lookup
 .text.rom_funcs_lookup
                0x10003a40       0x36 hw13/usb/CMakeFiles/usb.dir/C_/Program_Files/Raspberry_Pi/Pico_SDK_v1.5.1/pico-sdk/src/rp2_common/pico_bootrom/bootrom.c.obj
                0x10003a40                rom_funcs_lookup
 *fill*         0x10003a76        0x2 
 .text.__wrap___aeabi_idiv
                0x10003a78       0x50 hw13/usb/CMakeFiles/usb.dir/C_/Program_Files/Raspberry_Pi/Pico_SDK_v1.5.1/pico-sdk/src/rp2_common/pico_divider/divider.S.obj
                0x10003a78                __wrap___aeabi_idivmod
                0x10003a78                divmod_s32s32
                0x10003a78                div_s32s32
                0x10003a78                __wrap___aeabi_idiv
                0x10003a80                divmod_s32s32_unsafe
                0x10003aac                divmod_s32s32_savestate
 .text.__wrap___aeabi_uidiv
                0x10003ac8       0x4c hw13/usb/CMakeFiles/usb.dir/C_/Program_Files/Raspberry_Pi/Pico_SDK_v1.5.1/pico-sdk/src/rp2_common/pico_divider/divider.S.obj
                0x10003ac8                __wrap___aeabi_uidiv
                0x10003ac8                __wrap___aeabi_uidivmod
                0x10003ac8                div_u32u32
                0x10003ac8                divmod_u32u32
                0x10003ad0                divmod_u32u32_unsafe
                0x10003af8                divmod_u32u32_savestate
 .text.__wrap___aeabi_ldiv
                0x10003b14      0x424 hw13/usb/CMakeFiles/usb.dir/C_/Program_Files/Raspberry_Pi/Pico_SDK_v1.5.1/pico-sdk/src/rp2_common/pico_divider/divider.S.obj
                0x10003b14                div_s64s64
                0x10003b14                divmod_s64s64
                0x10003b14                __wrap___aeabi_ldivmod
                0x10003b44                divmod_u64u64
                0x10003b44                div_u64u64
                0x10003b44                __wrap___aeabi_uldivmod
                0x10003b54                divmod_u64u64_savestate
                0x10003b74                divmod_s64s64_unsafe
                0x10003bfc                divmod_u64u64_unsafe
 .text.__wrap___aeabi_darithmetic
                0x10003f38       0x80 hw13/usb/CMakeFiles/usb.dir/C_/Program_Files/Raspberry_Pi/Pico_SDK_v1.5.1/pico-sdk/src/rp2_common/pico_double/double_aeabi.S.obj
                0x10003f38                __wrap___aeabi_drsub
                0x10003f3e                __wrap___aeabi_dsub
                0x10003f50                __wrap___aeabi_dadd
                0x10003f62                __wrap___aeabi_ddiv
                0x10003f9e                __wrap___aeabi_dmul
 .text.__wrap___aeabi_cdcmple
                0x10003fb8       0x6c hw13/usb/CMakeFiles/usb.dir/C_/Program_Files/Raspberry_Pi/Pico_SDK_v1.5.1/pico-sdk/src/rp2_common/pico_double/double_aeabi.S.obj
                0x10003fb8                __wrap___aeabi_cdrcmple
                0x10003fc8                __wrap___aeabi_cdcmpeq
                0x10003fc8                __wrap___aeabi_cdcmple
 .text.__wrap___aeabi_dcmplt
                0x10004024        0xc hw13/usb/CMakeFiles/usb.dir/C_/Program_Files/Raspberry_Pi/Pico_SDK_v1.5.1/pico-sdk/src/rp2_common/pico_double/double_aeabi.S.obj
                0x10004024                __wrap___aeabi_dcmplt
 .text.__wrap___aeabi_dcmple
                0x10004030       0x10 hw13/usb/CMakeFiles/usb.dir/C_/Program_Files/Raspberry_Pi/Pico_SDK_v1.5.1/pico-sdk/src/rp2_common/pico_double/double_aeabi.S.obj
                0x10004030                __wrap___aeabi_dcmple
 .text.__wrap___aeabi_dcmpge
                0x10004040       0x10 hw13/usb/CMakeFiles/usb.dir/C_/Program_Files/Raspberry_Pi/Pico_SDK_v1.5.1/pico-sdk/src/rp2_common/pico_double/double_aeabi.S.obj
                0x10004040                __wrap___aeabi_dcmpge
 .text.__wrap___aeabi_dcmpgt
                0x10004050        0xa hw13/usb/CMakeFiles/usb.dir/C_/Program_Files/Raspberry_Pi/Pico_SDK_v1.5.1/pico-sdk/src/rp2_common/pico_double/double_aeabi.S.obj
                0x10004050                __wrap___aeabi_dcmpgt
 .text.__wrap___aeabi_dcmpun
                0x1000405a       0x1c hw13/usb/CMakeFiles/usb.dir/C_/Program_Files/Raspberry_Pi/Pico_SDK_v1.5.1/pico-sdk/src/rp2_common/pico_double/double_aeabi.S.obj
                0x1000405a                __wrap___aeabi_dcmpun
 *fill*         0x10004076        0x2 
 .text.__wrap___aeabi_i2d
                0x10004078       0x38 hw13/usb/CMakeFiles/usb.dir/C_/Program_Files/Raspberry_Pi/Pico_SDK_v1.5.1/pico-sdk/src/rp2_common/pico_double/double_aeabi.S.obj
                0x10004078                __wrap___aeabi_ui2d
                0x10004080                __wrap___aeabi_i2d
 .text.__wrap___aeabi_d2iz
                0x100040b0       0x48 hw13/usb/CMakeFiles/usb.dir/C_/Program_Files/Raspberry_Pi/Pico_SDK_v1.5.1/pico-sdk/src/rp2_common/pico_double/double_aeabi.S.obj
                0x100040b0                double2int_z
                0x100040b0                __wrap___aeabi_d2iz
 .text.__wrap___aeabi_d2uiz
                0x100040f8       0x18 hw13/usb/CMakeFiles/usb.dir/C_/Program_Files/Raspberry_Pi/Pico_SDK_v1.5.1/pico-sdk/src/rp2_common/pico_double/double_aeabi.S.obj
                0x100040f8                __wrap___aeabi_d2uiz
                0x100040f8                double2uint
 .text.__wrap___aeabi_d2f
                0x10004110       0x18 hw13/usb/CMakeFiles/usb.dir/C_/Program_Files/Raspberry_Pi/Pico_SDK_v1.5.1/pico-sdk/src/rp2_common/pico_double/double_aeabi.S.obj
                0x10004110                __wrap___aeabi_d2f
 .text.__aeabi_double_init
                0x10004128       0xc8 hw13/usb/CMakeFiles/usb.dir/C_/Program_Files/Raspberry_Pi/Pico_SDK_v1.5.1/pico-sdk/src/rp2_common/pico_double/double_init_rom.c.obj
                0x10004128                __aeabi_double_init
 .text.double_table_shim_on_use_helper
                0x100041f0       0x34 hw13/usb/CMakeFiles/usb.dir/C_/Program_Files/Raspberry_Pi/Pico_SDK_v1.5.1/pico-sdk/src/rp2_common/pico_double/double_v1_rom_shim.S.obj
                0x100041f0                double_table_shim_on_use_helper
 .text.__wrap___aeabi_dsub
                0x10004224       0x10 hw13/usb/CMakeFiles/usb.dir/C_/Program_Files/Raspberry_Pi/Pico_SDK_v1.5.1/pico-sdk/src/rp2_common/pico_double/double_v1_rom_shim.S.obj
                0x10004224                drsub_shim
                0x1000422a                dsub_shim
 .text.dadd_shim
                0x10004234      0x15c hw13/usb/CMakeFiles/usb.dir/C_/Program_Files/Raspberry_Pi/Pico_SDK_v1.5.1/pico-sdk/src/rp2_common/pico_double/double_v1_rom_shim.S.obj
                0x10004234                dadd_shim
 .text.dmul_shim
                0x10004390      0x15c hw13/usb/CMakeFiles/usb.dir/C_/Program_Files/Raspberry_Pi/Pico_SDK_v1.5.1/pico-sdk/src/rp2_common/pico_double/double_v1_rom_shim.S.obj
                0x10004390                dmul_shim
 .text.ddiv_shim
                0x100044ec      0x1b0 hw13/usb/CMakeFiles/usb.dir/C_/Program_Files/Raspberry_Pi/Pico_SDK_v1.5.1/pico-sdk/src/rp2_common/pico_double/double_v1_rom_shim.S.obj
                0x100044ec                ddiv_shim
 .text.double2uint_shim
                0x1000469c        0xe hw13/usb/CMakeFiles/usb.dir/C_/Program_Files/Raspberry_Pi/Pico_SDK_v1.5.1/pico-sdk/src/rp2_common/pico_double/double_v1_rom_shim.S.obj
                0x1000469c                double2uint_shim
                0x1000469e                double2ufix_shim
 *fill*         0x100046aa        0x2 
 .text.double2uint64_shim
                0x100046ac       0x70 hw13/usb/CMakeFiles/usb.dir/C_/Program_Files/Raspberry_Pi/Pico_SDK_v1.5.1/pico-sdk/src/rp2_common/pico_double/double_v1_rom_shim.S.obj
                0x100046ac                double2uint64_shim
                0x100046ae                double2ufix64_shim
                0x100046ce                d2fix_a
 .text.double2float_shim
                0x1000471c       0x5c hw13/usb/CMakeFiles/usb.dir/C_/Program_Files/Raspberry_Pi/Pico_SDK_v1.5.1/pico-sdk/src/rp2_common/pico_double/double_v1_rom_shim.S.obj
                0x1000471c                double2float_shim
 .text.dunpacks
                0x10004778       0x3c hw13/usb/CMakeFiles/usb.dir/C_/Program_Files/Raspberry_Pi/Pico_SDK_v1.5.1/pico-sdk/src/rp2_common/pico_double/double_v1_rom_shim.S.obj
                0x10004778                dunpacks
 .text.__aeabi_lmul
                0x100047b4       0x32 hw13/usb/CMakeFiles/usb.dir/C_/Program_Files/Raspberry_Pi/Pico_SDK_v1.5.1/pico-sdk/src/rp2_common/pico_int64_ops/pico_int64_ops_aeabi.S.obj
                0x100047b4                __wrap___aeabi_lmul
 *fill*         0x100047e6        0x2 
 .text.__wrap___aeabi_cfcmple
                0x100047e8       0x50 hw13/usb/CMakeFiles/usb.dir/C_/Program_Files/Raspberry_Pi/Pico_SDK_v1.5.1/pico-sdk/src/rp2_common/pico_float/float_aeabi.S.obj
                0x100047e8                __wrap___aeabi_cfrcmple
                0x100047f4                __wrap___aeabi_cfcmple
                0x100047f4                __wrap___aeabi_cfcmpeq
 .text.__wrap___aeabi_fcmplt
                0x10004838        0xc hw13/usb/CMakeFiles/usb.dir/C_/Program_Files/Raspberry_Pi/Pico_SDK_v1.5.1/pico-sdk/src/rp2_common/pico_float/float_aeabi.S.obj
                0x10004838                __wrap___aeabi_fcmplt
 .text.__wrap___aeabi_fcmpgt
                0x10004844        0xa hw13/usb/CMakeFiles/usb.dir/C_/Program_Files/Raspberry_Pi/Pico_SDK_v1.5.1/pico-sdk/src/rp2_common/pico_float/float_aeabi.S.obj
                0x10004844                __wrap___aeabi_fcmpgt
 *fill*         0x1000484e        0x2 
 .text.__aeabi_float_init
                0x10004850       0xfc hw13/usb/CMakeFiles/usb.dir/C_/Program_Files/Raspberry_Pi/Pico_SDK_v1.5.1/pico-sdk/src/rp2_common/pico_float/float_init_rom.c.obj
                0x10004850                __aeabi_float_init
 .text.float_table_shim_on_use_helper
                0x1000494c       0x34 hw13/usb/CMakeFiles/usb.dir/C_/Program_Files/Raspberry_Pi/Pico_SDK_v1.5.1/pico-sdk/src/rp2_common/pico_float/float_v1_rom_shim.S.obj
                0x1000494c                float_table_shim_on_use_helper
 .text          0x10004980       0x10 hw13/usb/CMakeFiles/usb.dir/C_/Program_Files/Raspberry_Pi/Pico_SDK_v1.5.1/pico-sdk/src/rp2_common/pico_mem_ops/mem_ops_aeabi.S.obj
                0x10004980                __aeabi_mem_init
 .text.memset   0x10004990        0xc hw13/usb/CMakeFiles/usb.dir/C_/Program_Files/Raspberry_Pi/Pico_SDK_v1.5.1/pico-sdk/src/rp2_common/pico_mem_ops/mem_ops_aeabi.S.obj
                0x10004990                __wrap_memset
 .text.memcpy   0x1000499c        0xc hw13/usb/CMakeFiles/usb.dir/C_/Program_Files/Raspberry_Pi/Pico_SDK_v1.5.1/pico-sdk/src/rp2_common/pico_mem_ops/mem_ops_aeabi.S.obj
                0x1000499c                __wrap_memcpy
                0x1000499c                __wrap___aeabi_memcpy
 .text.stdio_out_chars_no_crlf
                0x100049a8        0xe hw13/usb/CMakeFiles/usb.dir/C_/Program_Files/Raspberry_Pi/Pico_SDK_v1.5.1/pico-sdk/src/rp2_common/pico_stdio/stdio.c.obj
 *fill*         0x100049b6        0x2 
 .text.stdio_out_chars_crlf
                0x100049b8       0x80 hw13/usb/CMakeFiles/usb.dir/C_/Program_Files/Raspberry_Pi/Pico_SDK_v1.5.1/pico-sdk/src/rp2_common/pico_stdio/stdio.c.obj
 .text.stdio_stack_buffer_flush
                0x10004a38       0x44 hw13/usb/CMakeFiles/usb.dir/C_/Program_Files/Raspberry_Pi/Pico_SDK_v1.5.1/pico-sdk/src/rp2_common/pico_stdio/stdio.c.obj
 .text.stdio_buffered_printer
                0x10004a7c       0x20 hw13/usb/CMakeFiles/usb.dir/C_/Program_Files/Raspberry_Pi/Pico_SDK_v1.5.1/pico-sdk/src/rp2_common/pico_stdio/stdio.c.obj
 .text.stdout_serialize_begin
                0x10004a9c       0x5c hw13/usb/CMakeFiles/usb.dir/C_/Program_Files/Raspberry_Pi/Pico_SDK_v1.5.1/pico-sdk/src/rp2_common/pico_stdio/stdio.c.obj
                0x10004a9c                stdout_serialize_begin
 .text.stdout_serialize_end
                0x10004af8       0x10 hw13/usb/CMakeFiles/usb.dir/C_/Program_Files/Raspberry_Pi/Pico_SDK_v1.5.1/pico-sdk/src/rp2_common/pico_stdio/stdio.c.obj
                0x10004af8                stdout_serialize_end
 .text.stdio_put_string
                0x10004b08       0x98 hw13/usb/CMakeFiles/usb.dir/C_/Program_Files/Raspberry_Pi/Pico_SDK_v1.5.1/pico-sdk/src/rp2_common/pico_stdio/stdio.c.obj
 .text.stdio_flush
                0x10004ba0       0x20 hw13/usb/CMakeFiles/usb.dir/C_/Program_Files/Raspberry_Pi/Pico_SDK_v1.5.1/pico-sdk/src/rp2_common/pico_stdio/stdio.c.obj
                0x10004ba0                stdio_flush
 .text.__wrap_puts
                0x10004bc0       0x1e hw13/usb/CMakeFiles/usb.dir/C_/Program_Files/Raspberry_Pi/Pico_SDK_v1.5.1/pico-sdk/src/rp2_common/pico_stdio/stdio.c.obj
                0x10004bc0                __wrap_puts
 *fill*         0x10004bde        0x2 
 .text.__wrap_vprintf
                0x10004be0       0x40 hw13/usb/CMakeFiles/usb.dir/C_/Program_Files/Raspberry_Pi/Pico_SDK_v1.5.1/pico-sdk/src/rp2_common/pico_stdio/stdio.c.obj
                0x10004be0                __wrap_vprintf
 .text.__wrap_printf
                0x10004c20       0x18 hw13/usb/CMakeFiles/usb.dir/C_/Program_Files/Raspberry_Pi/Pico_SDK_v1.5.1/pico-sdk/src/rp2_common/pico_stdio/stdio.c.obj
                0x10004c20                __wrap_printf
 .text.stdio_init_all
                0x10004c38        0x8 hw13/usb/CMakeFiles/usb.dir/C_/Program_Files/Raspberry_Pi/Pico_SDK_v1.5.1/pico-sdk/src/rp2_common/pico_stdio/stdio.c.obj
                0x10004c38                stdio_init_all
 .text.stdio_usb_init
                0x10004c40        0x4 hw13/usb/CMakeFiles/usb.dir/C_/Program_Files/Raspberry_Pi/Pico_SDK_v1.5.1/pico-sdk/src/rp2_common/pico_stdio_usb/stdio_usb.c.obj
                0x10004c40                stdio_usb_init
 .text._retrieve_unique_id_on_boot
                0x10004c44       0x10 hw13/usb/CMakeFiles/usb.dir/C_/Program_Files/Raspberry_Pi/Pico_SDK_v1.5.1/pico-sdk/src/rp2_common/pico_unique_id/unique_id.c.obj
 .text.pico_get_unique_board_id_string
                0x10004c54       0x60 hw13/usb/CMakeFiles/usb.dir/C_/Program_Files/Raspberry_Pi/Pico_SDK_v1.5.1/pico-sdk/src/rp2_common/pico_unique_id/unique_id.c.obj
                0x10004c54                pico_get_unique_board_id_string
 .text.flash_get_unique_id
                0x10004cb4       0x46 hw13/usb/CMakeFiles/usb.dir/C_/Program_Files/Raspberry_Pi/Pico_SDK_v1.5.1/pico-sdk/src/rp2_common/hardware_flash/flash.c.obj
                0x10004cb4                flash_get_unique_id
 *fill*         0x10004cfa        0x2 
 .text.hw_endpoint_get_by_addr
                0x10004cfc       0x18 hw13/usb/CMakeFiles/usb.dir/C_/Program_Files/Raspberry_Pi/Pico_SDK_v1.5.1/pico-sdk/lib/tinyusb/src/portable/raspberrypi/rp2040/dcd_rp2040.c.obj
 .text._hw_endpoint_alloc
                0x10004d14       0x70 hw13/usb/CMakeFiles/usb.dir/C_/Program_Files/Raspberry_Pi/Pico_SDK_v1.5.1/pico-sdk/lib/tinyusb/src/portable/raspberrypi/rp2040/dcd_rp2040.c.obj
 .text.hw_endpoint_init
                0x10004d84       0x88 hw13/usb/CMakeFiles/usb.dir/C_/Program_Files/Raspberry_Pi/Pico_SDK_v1.5.1/pico-sdk/lib/tinyusb/src/portable/raspberrypi/rp2040/dcd_rp2040.c.obj
 .text.hw_endpoint_xfer
                0x10004e0c       0x14 hw13/usb/CMakeFiles/usb.dir/C_/Program_Files/Raspberry_Pi/Pico_SDK_v1.5.1/pico-sdk/lib/tinyusb/src/portable/raspberrypi/rp2040/dcd_rp2040.c.obj
 .text.dcd_int_enable
                0x10004e20       0x2c hw13/usb/CMakeFiles/usb.dir/C_/Program_Files/Raspberry_Pi/Pico_SDK_v1.5.1/pico-sdk/lib/tinyusb/src/portable/raspberrypi/rp2040/dcd_rp2040.c.obj
                0x10004e20                dcd_int_enable
 .text.dcd_set_address
                0x10004e4c       0x2c hw13/usb/CMakeFiles/usb.dir/C_/Program_Files/Raspberry_Pi/Pico_SDK_v1.5.1/pico-sdk/lib/tinyusb/src/portable/raspberrypi/rp2040/dcd_rp2040.c.obj
                0x10004e4c                dcd_set_address
 .text.dcd_remote_wakeup
                0x10004e78       0x38 hw13/usb/CMakeFiles/usb.dir/C_/Program_Files/Raspberry_Pi/Pico_SDK_v1.5.1/pico-sdk/lib/tinyusb/src/portable/raspberrypi/rp2040/dcd_rp2040.c.obj
                0x10004e78                dcd_remote_wakeup
 .text.dcd_connect
                0x10004eb0       0x10 hw13/usb/CMakeFiles/usb.dir/C_/Program_Files/Raspberry_Pi/Pico_SDK_v1.5.1/pico-sdk/lib/tinyusb/src/portable/raspberrypi/rp2040/dcd_rp2040.c.obj
                0x10004eb0                dcd_connect
 .text.dcd_init
                0x10004ec0       0x80 hw13/usb/CMakeFiles/usb.dir/C_/Program_Files/Raspberry_Pi/Pico_SDK_v1.5.1/pico-sdk/lib/tinyusb/src/portable/raspberrypi/rp2040/dcd_rp2040.c.obj
                0x10004ec0                dcd_init
 .text.dcd_edpt0_status_complete
                0x10004f40       0x1c hw13/usb/CMakeFiles/usb.dir/C_/Program_Files/Raspberry_Pi/Pico_SDK_v1.5.1/pico-sdk/lib/tinyusb/src/portable/raspberrypi/rp2040/dcd_rp2040.c.obj
                0x10004f40                dcd_edpt0_status_complete
 .text.dcd_edpt_open
                0x10004f5c       0x40 hw13/usb/CMakeFiles/usb.dir/C_/Program_Files/Raspberry_Pi/Pico_SDK_v1.5.1/pico-sdk/lib/tinyusb/src/portable/raspberrypi/rp2040/dcd_rp2040.c.obj
                0x10004f5c                dcd_edpt_open
 .text.dcd_edpt_close_all
                0x10004f9c        0x8 hw13/usb/CMakeFiles/usb.dir/C_/Program_Files/Raspberry_Pi/Pico_SDK_v1.5.1/pico-sdk/lib/tinyusb/src/portable/raspberrypi/rp2040/dcd_rp2040.c.obj
                0x10004f9c                dcd_edpt_close_all
 .text.dcd_edpt_xfer
                0x10004fa4       0x34 hw13/usb/CMakeFiles/usb.dir/C_/Program_Files/Raspberry_Pi/Pico_SDK_v1.5.1/pico-sdk/lib/tinyusb/src/portable/raspberrypi/rp2040/dcd_rp2040.c.obj
                0x10004fa4                dcd_edpt_xfer
 .text.dcd_edpt_stall
                0x10004fd8       0x2c hw13/usb/CMakeFiles/usb.dir/C_/Program_Files/Raspberry_Pi/Pico_SDK_v1.5.1/pico-sdk/lib/tinyusb/src/portable/raspberrypi/rp2040/dcd_rp2040.c.obj
                0x10004fd8                dcd_edpt_stall
 .text.dcd_edpt_clear_stall
                0x10005004       0x20 hw13/usb/CMakeFiles/usb.dir/C_/Program_Files/Raspberry_Pi/Pico_SDK_v1.5.1/pico-sdk/lib/tinyusb/src/portable/raspberrypi/rp2040/dcd_rp2040.c.obj
                0x10005004                dcd_edpt_clear_stall
 .text.rp2040_usb_init
                0x10005024       0x4c hw13/usb/CMakeFiles/usb.dir/C_/Program_Files/Raspberry_Pi/Pico_SDK_v1.5.1/pico-sdk/lib/tinyusb/src/portable/raspberrypi/rp2040/rp2040_usb.c.obj
                0x10005024                rp2040_usb_init
 .text.hw_endpoint_xfer_start
                0x10005070       0x50 hw13/usb/CMakeFiles/usb.dir/C_/Program_Files/Raspberry_Pi/Pico_SDK_v1.5.1/pico-sdk/lib/tinyusb/src/portable/raspberrypi/rp2040/rp2040_usb.c.obj
                0x10005070                hw_endpoint_xfer_start
 .text.configuration_reset
                0x100050c0       0x84 hw13/usb/CMakeFiles/usb.dir/C_/Program_Files/Raspberry_Pi/Pico_SDK_v1.5.1/pico-sdk/lib/tinyusb/src/device/usbd.c.obj
 .text.usbd_reset
                0x10005144        0xc hw13/usb/CMakeFiles/usb.dir/C_/Program_Files/Raspberry_Pi/Pico_SDK_v1.5.1/pico-sdk/lib/tinyusb/src/device/usbd.c.obj
 .text.invoke_class_control
                0x10005150       0x1a hw13/usb/CMakeFiles/usb.dir/C_/Program_Files/Raspberry_Pi/Pico_SDK_v1.5.1/pico-sdk/lib/tinyusb/src/device/usbd.c.obj
 *fill*         0x1000516a        0x2 
 .text.process_set_config
                0x1000516c      0x15c hw13/usb/CMakeFiles/usb.dir/C_/Program_Files/Raspberry_Pi/Pico_SDK_v1.5.1/pico-sdk/lib/tinyusb/src/device/usbd.c.obj
 .text.process_get_descriptor
                0x100052c8       0xdc hw13/usb/CMakeFiles/usb.dir/C_/Program_Files/Raspberry_Pi/Pico_SDK_v1.5.1/pico-sdk/lib/tinyusb/src/device/usbd.c.obj
 .text.tud_mounted
                0x100053a4       0x10 hw13/usb/CMakeFiles/usb.dir/C_/Program_Files/Raspberry_Pi/Pico_SDK_v1.5.1/pico-sdk/lib/tinyusb/src/device/usbd.c.obj
                0x100053a4                tud_mounted
 .text.tud_suspended
                0x100053b4       0x10 hw13/usb/CMakeFiles/usb.dir/C_/Program_Files/Raspberry_Pi/Pico_SDK_v1.5.1/pico-sdk/lib/tinyusb/src/device/usbd.c.obj
                0x100053b4                tud_suspended
 .text.tud_remote_wakeup
                0x100053c4       0x34 hw13/usb/CMakeFiles/usb.dir/C_/Program_Files/Raspberry_Pi/Pico_SDK_v1.5.1/pico-sdk/lib/tinyusb/src/device/usbd.c.obj
                0x100053c4                tud_remote_wakeup
 .text.tud_inited
                0x100053f8       0x14 hw13/usb/CMakeFiles/usb.dir/C_/Program_Files/Raspberry_Pi/Pico_SDK_v1.5.1/pico-sdk/lib/tinyusb/src/device/usbd.c.obj
                0x100053f8                tud_inited
 .text.tud_init
                0x1000540c       0xcc hw13/usb/CMakeFiles/usb.dir/C_/Program_Files/Raspberry_Pi/Pico_SDK_v1.5.1/pico-sdk/lib/tinyusb/src/device/usbd.c.obj
                0x1000540c                tud_init
 .text.usbd_edpt_open
                0x100054d8       0x34 hw13/usb/CMakeFiles/usb.dir/C_/Program_Files/Raspberry_Pi/Pico_SDK_v1.5.1/pico-sdk/lib/tinyusb/src/device/usbd.c.obj
                0x100054d8                usbd_edpt_open
 .text.usbd_open_edpt_pair
                0x1000550c       0x62 hw13/usb/CMakeFiles/usb.dir/C_/Program_Files/Raspberry_Pi/Pico_SDK_v1.5.1/pico-sdk/lib/tinyusb/src/device/usbd.c.obj
                0x1000550c                usbd_open_edpt_pair
 *fill*         0x1000556e        0x2 
 .text.usbd_edpt_claim
                0x10005570       0x28 hw13/usb/CMakeFiles/usb.dir/C_/Program_Files/Raspberry_Pi/Pico_SDK_v1.5.1/pico-sdk/lib/tinyusb/src/device/usbd.c.obj
                0x10005570                usbd_edpt_claim
 .text.usbd_edpt_xfer
                0x10005598       0x78 hw13/usb/CMakeFiles/usb.dir/C_/Program_Files/Raspberry_Pi/Pico_SDK_v1.5.1/pico-sdk/lib/tinyusb/src/device/usbd.c.obj
                0x10005598                usbd_edpt_xfer
 .text.usbd_edpt_busy
                0x10005610       0x1c hw13/usb/CMakeFiles/usb.dir/C_/Program_Files/Raspberry_Pi/Pico_SDK_v1.5.1/pico-sdk/lib/tinyusb/src/device/usbd.c.obj
                0x10005610                usbd_edpt_busy
 .text.usbd_edpt_stall
                0x1000562c       0x48 hw13/usb/CMakeFiles/usb.dir/C_/Program_Files/Raspberry_Pi/Pico_SDK_v1.5.1/pico-sdk/lib/tinyusb/src/device/usbd.c.obj
                0x1000562c                usbd_edpt_stall
 .text.usbd_edpt_clear_stall
                0x10005674       0x48 hw13/usb/CMakeFiles/usb.dir/C_/Program_Files/Raspberry_Pi/Pico_SDK_v1.5.1/pico-sdk/lib/tinyusb/src/device/usbd.c.obj
                0x10005674                usbd_edpt_clear_stall
 .text.usbd_edpt_stalled
                0x100056bc       0x1c hw13/usb/CMakeFiles/usb.dir/C_/Program_Files/Raspberry_Pi/Pico_SDK_v1.5.1/pico-sdk/lib/tinyusb/src/device/usbd.c.obj
                0x100056bc                usbd_edpt_stalled
 .text.process_control_request
                0x100056d8      0x37c hw13/usb/CMakeFiles/usb.dir/C_/Program_Files/Raspberry_Pi/Pico_SDK_v1.5.1/pico-sdk/lib/tinyusb/src/device/usbd.c.obj
 .text.tud_task_ext
                0x10005a54      0x1b8 hw13/usb/CMakeFiles/usb.dir/C_/Program_Files/Raspberry_Pi/Pico_SDK_v1.5.1/pico-sdk/lib/tinyusb/src/device/usbd.c.obj
                0x10005a54                tud_task_ext
 .text._data_stage_xact
                0x10005c0c       0x58 hw13/usb/CMakeFiles/usb.dir/C_/Program_Files/Raspberry_Pi/Pico_SDK_v1.5.1/pico-sdk/lib/tinyusb/src/device/usbd_control.c.obj
 .text.tud_control_status
                0x10005c64       0x38 hw13/usb/CMakeFiles/usb.dir/C_/Program_Files/Raspberry_Pi/Pico_SDK_v1.5.1/pico-sdk/lib/tinyusb/src/device/usbd_control.c.obj
                0x10005c64                tud_control_status
 .text.tud_control_xfer
                0x10005c9c       0x74 hw13/usb/CMakeFiles/usb.dir/C_/Program_Files/Raspberry_Pi/Pico_SDK_v1.5.1/pico-sdk/lib/tinyusb/src/device/usbd_control.c.obj
                0x10005c9c                tud_control_xfer
 .text.usbd_control_reset
                0x10005d10       0x14 hw13/usb/CMakeFiles/usb.dir/C_/Program_Files/Raspberry_Pi/Pico_SDK_v1.5.1/pico-sdk/lib/tinyusb/src/device/usbd_control.c.obj
                0x10005d10                usbd_control_reset
 .text.usbd_control_set_complete_callback
                0x10005d24        0xc hw13/usb/CMakeFiles/usb.dir/C_/Program_Files/Raspberry_Pi/Pico_SDK_v1.5.1/pico-sdk/lib/tinyusb/src/device/usbd_control.c.obj
                0x10005d24                usbd_control_set_complete_callback
 .text.usbd_control_set_request
                0x10005d30       0x1c hw13/usb/CMakeFiles/usb.dir/C_/Program_Files/Raspberry_Pi/Pico_SDK_v1.5.1/pico-sdk/lib/tinyusb/src/device/usbd_control.c.obj
                0x10005d30                usbd_control_set_request
 .text.usbd_control_xfer_cb
                0x10005d4c       0xcc hw13/usb/CMakeFiles/usb.dir/C_/Program_Files/Raspberry_Pi/Pico_SDK_v1.5.1/pico-sdk/lib/tinyusb/src/device/usbd_control.c.obj
                0x10005d4c                usbd_control_xfer_cb
 .text.tud_hid_n_ready
                0x10005e18       0x50 hw13/usb/CMakeFiles/usb.dir/C_/Program_Files/Raspberry_Pi/Pico_SDK_v1.5.1/pico-sdk/lib/tinyusb/src/class/hid/hid_device.c.obj
                0x10005e18                tud_hid_n_ready
 .text.tud_hid_n_report
                0x10005e68       0x84 hw13/usb/CMakeFiles/usb.dir/C_/Program_Files/Raspberry_Pi/Pico_SDK_v1.5.1/pico-sdk/lib/tinyusb/src/class/hid/hid_device.c.obj
                0x10005e68                tud_hid_n_report
 .text.tud_hid_n_keyboard_report
                0x10005eec       0x40 hw13/usb/CMakeFiles/usb.dir/C_/Program_Files/Raspberry_Pi/Pico_SDK_v1.5.1/pico-sdk/lib/tinyusb/src/class/hid/hid_device.c.obj
                0x10005eec                tud_hid_n_keyboard_report
 .text.tud_hid_n_mouse_report
                0x10005f2c       0x2e hw13/usb/CMakeFiles/usb.dir/C_/Program_Files/Raspberry_Pi/Pico_SDK_v1.5.1/pico-sdk/lib/tinyusb/src/class/hid/hid_device.c.obj
                0x10005f2c                tud_hid_n_mouse_report
 *fill*         0x10005f5a        0x2 
 .text.hidd_reset
                0x10005f5c       0x14 hw13/usb/CMakeFiles/usb.dir/C_/Program_Files/Raspberry_Pi/Pico_SDK_v1.5.1/pico-sdk/lib/tinyusb/src/class/hid/hid_device.c.obj
                0x10005f5c                hidd_reset
 .text.hidd_init
                0x10005f70        0xa hw13/usb/CMakeFiles/usb.dir/C_/Program_Files/Raspberry_Pi/Pico_SDK_v1.5.1/pico-sdk/lib/tinyusb/src/class/hid/hid_device.c.obj
                0x10005f70                hidd_init
 *fill*         0x10005f7a        0x2 
 .text.hidd_open
                0x10005f7c       0xbc hw13/usb/CMakeFiles/usb.dir/C_/Program_Files/Raspberry_Pi/Pico_SDK_v1.5.1/pico-sdk/lib/tinyusb/src/class/hid/hid_device.c.obj
                0x10005f7c                hidd_open
 .text.hidd_control_xfer_cb
                0x10006038      0x278 hw13/usb/CMakeFiles/usb.dir/C_/Program_Files/Raspberry_Pi/Pico_SDK_v1.5.1/pico-sdk/lib/tinyusb/src/class/hid/hid_device.c.obj
                0x10006038                hidd_control_xfer_cb
 .text.hidd_xfer_cb
                0x100062b0       0x84 hw13/usb/CMakeFiles/usb.dir/C_/Program_Files/Raspberry_Pi/Pico_SDK_v1.5.1/pico-sdk/lib/tinyusb/src/class/hid/hid_device.c.obj
                0x100062b0                hidd_xfer_cb
 .text.tusb_init
                0x10006334        0xa hw13/usb/CMakeFiles/usb.dir/C_/Program_Files/Raspberry_Pi/Pico_SDK_v1.5.1/pico-sdk/lib/tinyusb/src/tusb.c.obj
                0x10006334                tusb_init
 .text.tusb_inited
                0x1000633e        0xe hw13/usb/CMakeFiles/usb.dir/C_/Program_Files/Raspberry_Pi/Pico_SDK_v1.5.1/pico-sdk/lib/tinyusb/src/tusb.c.obj
                0x1000633e                tusb_inited
 .text.tu_edpt_claim
                0x1000634c       0x50 hw13/usb/CMakeFiles/usb.dir/C_/Program_Files/Raspberry_Pi/Pico_SDK_v1.5.1/pico-sdk/lib/tinyusb/src/tusb.c.obj
                0x1000634c                tu_edpt_claim
 .text.tu_edpt_validate
                0x1000639c       0x78 hw13/usb/CMakeFiles/usb.dir/C_/Program_Files/Raspberry_Pi/Pico_SDK_v1.5.1/pico-sdk/lib/tinyusb/src/tusb.c.obj
                0x1000639c                tu_edpt_validate
 .text.tu_edpt_bind_driver
                0x10006414       0x26 hw13/usb/CMakeFiles/usb.dir/C_/Program_Files/Raspberry_Pi/Pico_SDK_v1.5.1/pico-sdk/lib/tinyusb/src/tusb.c.obj
                0x10006414                tu_edpt_bind_driver
 .text.advance_index
                0x1000643a       0x1a hw13/usb/CMakeFiles/usb.dir/C_/Program_Files/Raspberry_Pi/Pico_SDK_v1.5.1/pico-sdk/lib/tinyusb/src/common/tusb_fifo.c.obj
 .text._tu_fifo_peek
                0x10006454       0x56 hw13/usb/CMakeFiles/usb.dir/C_/Program_Files/Raspberry_Pi/Pico_SDK_v1.5.1/pico-sdk/lib/tinyusb/src/common/tusb_fifo.c.obj
 .text.tu_fifo_full
                0x100064aa       0x28 hw13/usb/CMakeFiles/usb.dir/C_/Program_Files/Raspberry_Pi/Pico_SDK_v1.5.1/pico-sdk/lib/tinyusb/src/common/tusb_fifo.c.obj
                0x100064aa                tu_fifo_full
 .text.tu_fifo_read
                0x100064d2       0x42 hw13/usb/CMakeFiles/usb.dir/C_/Program_Files/Raspberry_Pi/Pico_SDK_v1.5.1/pico-sdk/lib/tinyusb/src/common/tusb_fifo.c.obj
                0x100064d2                tu_fifo_read
 .text.tu_fifo_write
                0x10006514       0x64 hw13/usb/CMakeFiles/usb.dir/C_/Program_Files/Raspberry_Pi/Pico_SDK_v1.5.1/pico-sdk/lib/tinyusb/src/common/tusb_fifo.c.obj
                0x10006514                tu_fifo_write
 .text.tu_fifo_clear
                0x10006578       0x3e hw13/usb/CMakeFiles/usb.dir/C_/Program_Files/Raspberry_Pi/Pico_SDK_v1.5.1/pico-sdk/lib/tinyusb/src/common/tusb_fifo.c.obj
                0x10006578                tu_fifo_clear
 .text.board_init
                0x100065b6       0x14 hw13/usb/CMakeFiles/usb.dir/C_/Program_Files/Raspberry_Pi/Pico_SDK_v1.5.1/pico-sdk/lib/tinyusb/hw/bsp/rp2040/family.c.obj
                0x100065b6                board_init
 .text.board_led_write
                0x100065ca       0x1c hw13/usb/CMakeFiles/usb.dir/C_/Program_Files/Raspberry_Pi/Pico_SDK_v1.5.1/pico-sdk/lib/tinyusb/hw/bsp/rp2040/family.c.obj
                0x100065ca                board_led_write
 .text.board_button_read
                0x100065e6        0xe hw13/usb/CMakeFiles/usb.dir/C_/Program_Files/Raspberry_Pi/Pico_SDK_v1.5.1/pico-sdk/lib/tinyusb/hw/bsp/rp2040/family.c.obj
                0x100065e6                board_button_read
 .text.i2c_write_blocking_internal
                0x100065f4      0x140 hw13/usb/CMakeFiles/usb.dir/C_/Program_Files/Raspberry_Pi/Pico_SDK_v1.5.1/pico-sdk/src/rp2_common/hardware_i2c/i2c.c.obj
 .text.i2c_read_blocking_internal
                0x10006734       0xe6 hw13/usb/CMakeFiles/usb.dir/C_/Program_Files/Raspberry_Pi/Pico_SDK_v1.5.1/pico-sdk/src/rp2_common/hardware_i2c/i2c.c.obj
 *fill*         0x1000681a        0x2 
 .text.i2c_set_baudrate
                0x1000681c       0xf0 hw13/usb/CMakeFiles/usb.dir/C_/Program_Files/Raspberry_Pi/Pico_SDK_v1.5.1/pico-sdk/src/rp2_common/hardware_i2c/i2c.c.obj
                0x1000681c                i2c_set_baudrate
 .text.i2c_init
                0x1000690c       0x58 hw13/usb/CMakeFiles/usb.dir/C_/Program_Files/Raspberry_Pi/Pico_SDK_v1.5.1/pico-sdk/src/rp2_common/hardware_i2c/i2c.c.obj
                0x1000690c                i2c_init
 .text.i2c_write_blocking
                0x10006964       0x18 hw13/usb/CMakeFiles/usb.dir/C_/Program_Files/Raspberry_Pi/Pico_SDK_v1.5.1/pico-sdk/src/rp2_common/hardware_i2c/i2c.c.obj
                0x10006964                i2c_write_blocking
 .text.i2c_read_blocking
                0x1000697c       0x18 hw13/usb/CMakeFiles/usb.dir/C_/Program_Files/Raspberry_Pi/Pico_SDK_v1.5.1/pico-sdk/src/rp2_common/hardware_i2c/i2c.c.obj
                0x1000697c                i2c_read_blocking
 .text.strlen   0x10006994       0x5c c:/progra~1/raspbe~1/picosd~1.1/gcc-ar~1/bin/../lib/gcc/arm-none-eabi/10.3.1/../../../../arm-none-eabi/lib/thumb/v6-m/nofp\libg.a(lib_a-strlen-stub.o)
                0x10006994                strlen
 *(.fini)
 .fini          0x100069f0        0x4 c:/progra~1/raspbe~1/picosd~1.1/gcc-ar~1/bin/../lib/gcc/arm-none-eabi/10.3.1/thumb/v6-m/nofp/crti.o
                0x100069f0                _fini
 *fill*         0x100069f4        0x4 
 .fini.__stub   0x100069f8       0xd0 linker stubs
 *crtbegin.o(.ctors)
 *crtbegin?.o(.ctors)
 *(EXCLUDE_FILE(*crtend.o *crtend?.o) .ctors)
 *(SORT_BY_NAME(.ctors.*))
 *(.ctors)
 *crtbegin.o(.dtors)
 *crtbegin?.o(.dtors)
 *(EXCLUDE_FILE(*crtend.o *crtend?.o) .dtors)
 *(SORT_BY_NAME(.dtors.*))
 *(.dtors)
 *(.eh_frame*)
 .eh_frame      0x10006ac8        0x0 c:/progra~1/raspbe~1/picosd~1.1/gcc-ar~1/bin/../lib/gcc/arm-none-eabi/10.3.1/thumb/v6-m/nofp/crtbegin.o
                0x10006ac8                . = ALIGN (0x4)

.glue_7         0x10006ac8        0x0
 .glue_7        0x10006ac8        0x0 linker stubs

.glue_7t        0x10006ac8        0x0
 .glue_7t       0x10006ac8        0x0 linker stubs

.vfp11_veneer   0x10006ac8        0x0
 .vfp11_veneer  0x10006ac8        0x0 linker stubs

.v4_bx          0x10006ac8        0x0
 .v4_bx         0x10006ac8        0x0 linker stubs

.iplt           0x10006ac8        0x0
 .iplt          0x10006ac8        0x0 c:/progra~1/raspbe~1/picosd~1.1/gcc-ar~1/bin/../lib/gcc/arm-none-eabi/10.3.1/thumb/v6-m/nofp/crtbegin.o

.rodata         0x10006ac8     0x17f4
 *(EXCLUDE_FILE(*libm.a: *libc.a:*lib_a-mem*.o *libgcc.a:) .rodata*)
 .rodata.whoAmI_check.str1.4
                0x10006ac8        0xc hw13/usb/CMakeFiles/usb.dir/usb.c.obj
 .rodata.hid_task.str1.4
                0x10006ad4       0x7d hw13/usb/CMakeFiles/usb.dir/usb.c.obj
 *fill*         0x10006b51        0x3 
 .rodata.main.str1.4
                0x10006b54        0x7 hw13/usb/CMakeFiles/usb.dir/usb.c.obj
 *fill*         0x10006b5b        0x1 
 .rodata.__func__.5
                0x10006b5c       0x15 hw13/usb/CMakeFiles/usb.dir/usb.c.obj
 *fill*         0x10006b71        0x3 
 .rodata.str1.4
                0x10006b74       0x17 hw13/usb/CMakeFiles/usb.dir/usb_descriptors.c.obj
 *fill*         0x10006b8b        0x1 
 .rodata.__compound_literal.0
                0x10006b8c        0x2 hw13/usb/CMakeFiles/usb.dir/usb_descriptors.c.obj
 *fill*         0x10006b8e        0x2 
 .rodata.desc_configuration
                0x10006b90       0x22 hw13/usb/CMakeFiles/usb.dir/usb_descriptors.c.obj
                0x10006b90                desc_configuration
 *fill*         0x10006bb2        0x2 
 .rodata.desc_device
                0x10006bb4       0x12 hw13/usb/CMakeFiles/usb.dir/usb_descriptors.c.obj
                0x10006bb4                desc_device
 *fill*         0x10006bc6        0x2 
 .rodata.desc_hid_report
                0x10006bc8       0xef hw13/usb/CMakeFiles/usb.dir/usb_descriptors.c.obj
                0x10006bc8                desc_hid_report
 *fill*         0x10006cb7        0x1 
 .rodata.spin_lock_claim_unused.str1.4
                0x10006cb8       0x1b hw13/usb/CMakeFiles/usb.dir/C_/Program_Files/Raspberry_Pi/Pico_SDK_v1.5.1/pico-sdk/src/rp2_common/hardware_sync/sync.c.obj
 *fill*         0x10006cd3        0x1 
 .rodata.make_branch.str1.4
                0x10006cd4       0x89 hw13/usb/CMakeFiles/usb.dir/C_/Program_Files/Raspberry_Pi/Pico_SDK_v1.5.1/pico-sdk/src/rp2_common/hardware_irq/irq.c.obj
 *fill*         0x10006d5d        0x3 
 .rodata.insert_branch_and_link.str1.4
                0x10006d60       0x10 hw13/usb/CMakeFiles/usb.dir/C_/Program_Files/Raspberry_Pi/Pico_SDK_v1.5.1/pico-sdk/src/rp2_common/hardware_irq/irq.c.obj
 .rodata.irq_set_exclusive_handler.str1.4
                0x10006d70       0x36 hw13/usb/CMakeFiles/usb.dir/C_/Program_Files/Raspberry_Pi/Pico_SDK_v1.5.1/pico-sdk/src/rp2_common/hardware_irq/irq.c.obj
 *fill*         0x10006da6        0x2 
 .rodata.irq_add_shared_handler.str1.4
                0x10006da8       0xd9 hw13/usb/CMakeFiles/usb.dir/C_/Program_Files/Raspberry_Pi/Pico_SDK_v1.5.1/pico-sdk/src/rp2_common/hardware_irq/irq.c.obj
 *fill*         0x10006e81        0x3 
 .rodata.irq_remove_handler.str1.4
                0x10006e84       0x3a hw13/usb/CMakeFiles/usb.dir/C_/Program_Files/Raspberry_Pi/Pico_SDK_v1.5.1/pico-sdk/src/rp2_common/hardware_irq/irq.c.obj
 *fill*         0x10006ebe        0x2 
 .rodata.irq_add_tail_to_free_list.str1.4
                0x10006ec0       0x3a hw13/usb/CMakeFiles/usb.dir/C_/Program_Files/Raspberry_Pi/Pico_SDK_v1.5.1/pico-sdk/src/rp2_common/hardware_irq/irq.c.obj
 *fill*         0x10006efa        0x2 
 .rodata.__func__.0
                0x10006efc       0x1a hw13/usb/CMakeFiles/usb.dir/C_/Program_Files/Raspberry_Pi/Pico_SDK_v1.5.1/pico-sdk/src/rp2_common/hardware_irq/irq.c.obj
 *fill*         0x10006f16        0x2 
 .rodata.__func__.1
                0x10006f18       0x17 hw13/usb/CMakeFiles/usb.dir/C_/Program_Files/Raspberry_Pi/Pico_SDK_v1.5.1/pico-sdk/src/rp2_common/hardware_irq/irq.c.obj
 *fill*         0x10006f2f        0x1 
 .rodata.__func__.2
                0x10006f30       0x13 hw13/usb/CMakeFiles/usb.dir/C_/Program_Files/Raspberry_Pi/Pico_SDK_v1.5.1/pico-sdk/src/rp2_common/hardware_irq/irq.c.obj
 *fill*         0x10006f43        0x1 
 .rodata.__func__.3
                0x10006f44        0xc hw13/usb/CMakeFiles/usb.dir/C_/Program_Files/Raspberry_Pi/Pico_SDK_v1.5.1/pico-sdk/src/rp2_common/hardware_irq/irq.c.obj
 .rodata.__func__.4
                0x10006f50        0xf hw13/usb/CMakeFiles/usb.dir/C_/Program_Files/Raspberry_Pi/Pico_SDK_v1.5.1/pico-sdk/src/rp2_common/hardware_irq/irq.c.obj
 *fill*         0x10006f5f        0x1 
 .rodata.__func__.5
                0x10006f60       0x17 hw13/usb/CMakeFiles/usb.dir/C_/Program_Files/Raspberry_Pi/Pico_SDK_v1.5.1/pico-sdk/src/rp2_common/hardware_irq/irq.c.obj
 *fill*         0x10006f77        0x1 
 .rodata.__func__.6
                0x10006f78       0x1a hw13/usb/CMakeFiles/usb.dir/C_/Program_Files/Raspberry_Pi/Pico_SDK_v1.5.1/pico-sdk/src/rp2_common/hardware_irq/irq.c.obj
 *fill*         0x10006f92        0x2 
 .rodata.str1.4
                0x10006f94       0xa5 hw13/usb/CMakeFiles/usb.dir/C_/Program_Files/Raspberry_Pi/Pico_SDK_v1.5.1/pico-sdk/src/common/pico_sync/mutex.c.obj
                                0x125 (size before relaxing)
 *fill*         0x10007039        0x3 
 .rodata.__func__.1
                0x1000703c        0xb hw13/usb/CMakeFiles/usb.dir/C_/Program_Files/Raspberry_Pi/Pico_SDK_v1.5.1/pico-sdk/src/common/pico_sync/mutex.c.obj
 *fill*         0x10007047        0x1 
 .rodata.__func__.3
                0x10007048       0x18 hw13/usb/CMakeFiles/usb.dir/C_/Program_Files/Raspberry_Pi/Pico_SDK_v1.5.1/pico-sdk/src/common/pico_sync/mutex.c.obj
 .rodata.__func__.4
                0x10007060       0x15 hw13/usb/CMakeFiles/usb.dir/C_/Program_Files/Raspberry_Pi/Pico_SDK_v1.5.1/pico-sdk/src/common/pico_sync/mutex.c.obj
 *fill*         0x10007075        0x3 
 .rodata.repeating_timer_callback.str1.4
                0x10007078       0x67 hw13/usb/CMakeFiles/usb.dir/C_/Program_Files/Raspberry_Pi/Pico_SDK_v1.5.1/pico-sdk/src/common/pico_time/time.c.obj
 *fill*         0x100070df        0x1 
 .rodata.timer_pool_entry_comparator.str1.4
                0x100070e0       0x22 hw13/usb/CMakeFiles/usb.dir/C_/Program_Files/Raspberry_Pi/Pico_SDK_v1.5.1/pico-sdk/src/common/pico_time/time.c.obj
 *fill*         0x10007102        0x2 
 .rodata.ph_add_child_node.str1.4
                0x10007104       0xb2 hw13/usb/CMakeFiles/usb.dir/C_/Program_Files/Raspberry_Pi/Pico_SDK_v1.5.1/pico-sdk/src/common/pico_time/time.c.obj
 *fill*         0x100071b6        0x2 
 .rodata.add_alarm_under_lock.str1.4
                0x100071b8       0x28 hw13/usb/CMakeFiles/usb.dir/C_/Program_Files/Raspberry_Pi/Pico_SDK_v1.5.1/pico-sdk/src/common/pico_time/time.c.obj
                                 0x2b (size before relaxing)
 .rodata.alarm_pool_alarm_callback.str1.4
                0x100071e0       0x98 hw13/usb/CMakeFiles/usb.dir/C_/Program_Files/Raspberry_Pi/Pico_SDK_v1.5.1/pico-sdk/src/common/pico_time/time.c.obj
                                0x118 (size before relaxing)
 .rodata.alarm_pool_get_default.str1.4
                0x10007278       0x21 hw13/usb/CMakeFiles/usb.dir/C_/Program_Files/Raspberry_Pi/Pico_SDK_v1.5.1/pico-sdk/src/common/pico_time/time.c.obj
 *fill*         0x10007299        0x3 
 .rodata.alarm_pool_cancel_alarm.str1.4
                0x1000729c       0x27 hw13/usb/CMakeFiles/usb.dir/C_/Program_Files/Raspberry_Pi/Pico_SDK_v1.5.1/pico-sdk/src/common/pico_time/time.c.obj
 *fill*         0x100072c3        0x1 
 .rodata.sleep_until.str1.4
                0x100072c4       0x4d hw13/usb/CMakeFiles/usb.dir/C_/Program_Files/Raspberry_Pi/Pico_SDK_v1.5.1/pico-sdk/src/common/pico_time/time.c.obj
 *fill*         0x10007311        0x3 
 .rodata.__func__.1
                0x10007314       0x18 hw13/usb/CMakeFiles/usb.dir/C_/Program_Files/Raspberry_Pi/Pico_SDK_v1.5.1/pico-sdk/src/common/pico_time/time.c.obj
 .rodata.__func__.10
                0x1000732c       0x15 hw13/usb/CMakeFiles/usb.dir/C_/Program_Files/Raspberry_Pi/Pico_SDK_v1.5.1/pico-sdk/src/common/pico_time/time.c.obj
 *fill*         0x10007341        0x3 
 .rodata.__func__.11
                0x10007344       0x1a hw13/usb/CMakeFiles/usb.dir/C_/Program_Files/Raspberry_Pi/Pico_SDK_v1.5.1/pico-sdk/src/common/pico_time/time.c.obj
 *fill*         0x1000735e        0x2 
 .rodata.__func__.12
                0x10007360        0xa hw13/usb/CMakeFiles/usb.dir/C_/Program_Files/Raspberry_Pi/Pico_SDK_v1.5.1/pico-sdk/src/common/pico_time/time.c.obj
 *fill*         0x1000736a        0x2 
 .rodata.__func__.3
                0x1000736c       0x17 hw13/usb/CMakeFiles/usb.dir/C_/Program_Files/Raspberry_Pi/Pico_SDK_v1.5.1/pico-sdk/src/common/pico_time/time.c.obj
 *fill*         0x10007383        0x1 
 .rodata.__func__.4
                0x10007384       0x12 hw13/usb/CMakeFiles/usb.dir/C_/Program_Files/Raspberry_Pi/Pico_SDK_v1.5.1/pico-sdk/src/common/pico_time/time.c.obj
 *fill*         0x10007396        0x2 
 .rodata.__func__.5
                0x10007398        0xd hw13/usb/CMakeFiles/usb.dir/C_/Program_Files/Raspberry_Pi/Pico_SDK_v1.5.1/pico-sdk/src/common/pico_time/time.c.obj
 *fill*         0x100073a5        0x3 
 .rodata.__func__.6
                0x100073a8       0x12 hw13/usb/CMakeFiles/usb.dir/C_/Program_Files/Raspberry_Pi/Pico_SDK_v1.5.1/pico-sdk/src/common/pico_time/time.c.obj
 *fill*         0x100073ba        0x2 
 .rodata.__func__.7
                0x100073bc        0xf hw13/usb/CMakeFiles/usb.dir/C_/Program_Files/Raspberry_Pi/Pico_SDK_v1.5.1/pico-sdk/src/common/pico_time/time.c.obj
 *fill*         0x100073cb        0x1 
 .rodata.__func__.8
                0x100073cc        0xc hw13/usb/CMakeFiles/usb.dir/C_/Program_Files/Raspberry_Pi/Pico_SDK_v1.5.1/pico-sdk/src/common/pico_time/time.c.obj
 .rodata.__func__.9
                0x100073d8       0x15 hw13/usb/CMakeFiles/usb.dir/C_/Program_Files/Raspberry_Pi/Pico_SDK_v1.5.1/pico-sdk/src/common/pico_time/time.c.obj
 *fill*         0x100073ed        0x3 
 .rodata.hardware_alarm_claim.str1.4
                0x100073f0       0x22 hw13/usb/CMakeFiles/usb.dir/C_/Program_Files/Raspberry_Pi/Pico_SDK_v1.5.1/pico-sdk/src/rp2_common/hardware_timer/timer.c.obj
 *fill*         0x10007412        0x2 
 .rodata.hardware_alarm_set_target.str1.4
                0x10007414       0x81 hw13/usb/CMakeFiles/usb.dir/C_/Program_Files/Raspberry_Pi/Pico_SDK_v1.5.1/pico-sdk/src/rp2_common/hardware_timer/timer.c.obj
 *fill*         0x10007495        0x3 
 .rodata.__func__.0
                0x10007498       0x1a hw13/usb/CMakeFiles/usb.dir/C_/Program_Files/Raspberry_Pi/Pico_SDK_v1.5.1/pico-sdk/src/rp2_common/hardware_timer/timer.c.obj
 .rodata.ph_add_child_node.str1.4
                0x100074b2       0xb2 hw13/usb/CMakeFiles/usb.dir/C_/Program_Files/Raspberry_Pi/Pico_SDK_v1.5.1/pico-sdk/src/common/pico_util/pheap.c.obj
 *fill*         0x100074b2        0x2 
 .rodata.ph_remove_any_head.str1.4
                0x100074b4       0xa8 hw13/usb/CMakeFiles/usb.dir/C_/Program_Files/Raspberry_Pi/Pico_SDK_v1.5.1/pico-sdk/src/common/pico_util/pheap.c.obj
                                 0xbc (size before relaxing)
 .rodata.ph_remove_and_free_node.str1.4
                0x1000755c       0x1e hw13/usb/CMakeFiles/usb.dir/C_/Program_Files/Raspberry_Pi/Pico_SDK_v1.5.1/pico-sdk/src/common/pico_util/pheap.c.obj
                                 0x26 (size before relaxing)
 *fill*         0x1000757a        0x2 
 .rodata.__func__.0
                0x1000757c       0x18 hw13/usb/CMakeFiles/usb.dir/C_/Program_Files/Raspberry_Pi/Pico_SDK_v1.5.1/pico-sdk/src/common/pico_util/pheap.c.obj
 .rodata.__func__.1
                0x10007594       0x13 hw13/usb/CMakeFiles/usb.dir/C_/Program_Files/Raspberry_Pi/Pico_SDK_v1.5.1/pico-sdk/src/common/pico_util/pheap.c.obj
 *fill*         0x100075a7        0x1 
 .rodata.__func__.2
                0x100075a8       0x12 hw13/usb/CMakeFiles/usb.dir/C_/Program_Files/Raspberry_Pi/Pico_SDK_v1.5.1/pico-sdk/src/common/pico_util/pheap.c.obj
 *fill*         0x100075ba        0x2 
 .rodata.__func__.3
                0x100075bc        0xc hw13/usb/CMakeFiles/usb.dir/C_/Program_Files/Raspberry_Pi/Pico_SDK_v1.5.1/pico-sdk/src/common/pico_util/pheap.c.obj
 .rodata.clock_configure.str1.4
                0x100075c8       0x73 hw13/usb/CMakeFiles/usb.dir/C_/Program_Files/Raspberry_Pi/Pico_SDK_v1.5.1/pico-sdk/src/rp2_common/hardware_clocks/clocks.c.obj
 *fill*         0x1000763b        0x1 
 .rodata.__func__.1
                0x1000763c       0x10 hw13/usb/CMakeFiles/usb.dir/C_/Program_Files/Raspberry_Pi/Pico_SDK_v1.5.1/pico-sdk/src/rp2_common/hardware_clocks/clocks.c.obj
 .rodata.pll_init.str1.4
                0x1000764c      0x140 hw13/usb/CMakeFiles/usb.dir/C_/Program_Files/Raspberry_Pi/Pico_SDK_v1.5.1/pico-sdk/src/rp2_common/hardware_pll/pll.c.obj
 .rodata.__func__.0
                0x1000778c        0x9 hw13/usb/CMakeFiles/usb.dir/C_/Program_Files/Raspberry_Pi/Pico_SDK_v1.5.1/pico-sdk/src/rp2_common/hardware_pll/pll.c.obj
 *fill*         0x10007795        0x3 
 .rodata.__assert_func.str1.4
                0x10007798       0x3f hw13/usb/CMakeFiles/usb.dir/C_/Program_Files/Raspberry_Pi/Pico_SDK_v1.5.1/pico-sdk/src/rp2_common/pico_runtime/runtime.c.obj
                                 0x43 (size before relaxing)
 *fill*         0x100077d7        0x1 
 .rodata.runtime_init.str1.4
                0x100077d8       0x7d hw13/usb/CMakeFiles/usb.dir/C_/Program_Files/Raspberry_Pi/Pico_SDK_v1.5.1/pico-sdk/src/rp2_common/pico_runtime/runtime.c.obj
 *fill*         0x10007855        0x3 
 .rodata.panic.str1.4
                0x10007858       0x12 hw13/usb/CMakeFiles/usb.dir/C_/Program_Files/Raspberry_Pi/Pico_SDK_v1.5.1/pico-sdk/src/rp2_common/pico_runtime/runtime.c.obj
 *fill*         0x1000786a        0x2 
 .rodata.__func__.2
                0x1000786c        0xd hw13/usb/CMakeFiles/usb.dir/C_/Program_Files/Raspberry_Pi/Pico_SDK_v1.5.1/pico-sdk/src/rp2_common/pico_runtime/runtime.c.obj
 *fill*         0x10007879        0x3 
 .rodata._ftoa.str1.4
                0x1000787c       0x15 hw13/usb/CMakeFiles/usb.dir/C_/Program_Files/Raspberry_Pi/Pico_SDK_v1.5.1/pico-sdk/src/rp2_common/pico_printf/printf.c.obj
 *fill*         0x10007891        0x3 
 .rodata._vsnprintf
                0x10007894      0x1e0 hw13/usb/CMakeFiles/usb.dir/C_/Program_Files/Raspberry_Pi/Pico_SDK_v1.5.1/pico-sdk/src/rp2_common/pico_printf/printf.c.obj
 *fill*         0x10007a74        0x4 
 .rodata.pow10.0
                0x10007a78       0x50 hw13/usb/CMakeFiles/usb.dir/C_/Program_Files/Raspberry_Pi/Pico_SDK_v1.5.1/pico-sdk/src/rp2_common/pico_printf/printf.c.obj
 .rodata.__aeabi_double_init.str1.4
                0x10007ac8       0xb8 hw13/usb/CMakeFiles/usb.dir/C_/Program_Files/Raspberry_Pi/Pico_SDK_v1.5.1/pico-sdk/src/rp2_common/pico_double/double_init_rom.c.obj
 .rodata.__func__.0
                0x10007b80       0x14 hw13/usb/CMakeFiles/usb.dir/C_/Program_Files/Raspberry_Pi/Pico_SDK_v1.5.1/pico-sdk/src/rp2_common/pico_double/double_init_rom.c.obj
 .rodata.__aeabi_float_init.str1.4
                0x10007b94       0x96 hw13/usb/CMakeFiles/usb.dir/C_/Program_Files/Raspberry_Pi/Pico_SDK_v1.5.1/pico-sdk/src/rp2_common/pico_float/float_init_rom.c.obj
                                 0x9a (size before relaxing)
 *fill*         0x10007c2a        0x2 
 .rodata.__func__.0
                0x10007c2c       0x13 hw13/usb/CMakeFiles/usb.dir/C_/Program_Files/Raspberry_Pi/Pico_SDK_v1.5.1/pico-sdk/src/rp2_common/pico_float/float_init_rom.c.obj
 *fill*         0x10007c3f        0x1 
 .rodata.str1.4
                0x10007c40       0x38 hw13/usb/CMakeFiles/usb.dir/C_/Program_Files/Raspberry_Pi/Pico_SDK_v1.5.1/pico-sdk/src/rp2_common/pico_standard_link/binary_info.c.obj
 .rodata.__bi_44
                0x10007c78        0xc hw13/usb/CMakeFiles/usb.dir/C_/Program_Files/Raspberry_Pi/Pico_SDK_v1.5.1/pico-sdk/src/rp2_common/pico_standard_link/binary_info.c.obj
 .rodata.__bi_75
                0x10007c84        0xc hw13/usb/CMakeFiles/usb.dir/C_/Program_Files/Raspberry_Pi/Pico_SDK_v1.5.1/pico-sdk/src/rp2_common/pico_standard_link/binary_info.c.obj
 .rodata.__bi_81
                0x10007c90        0xc hw13/usb/CMakeFiles/usb.dir/C_/Program_Files/Raspberry_Pi/Pico_SDK_v1.5.1/pico-sdk/src/rp2_common/pico_standard_link/binary_info.c.obj
 .rodata.stdout_serialize_begin.str1.4
                0x10007c9c       0x7d hw13/usb/CMakeFiles/usb.dir/C_/Program_Files/Raspberry_Pi/Pico_SDK_v1.5.1/pico-sdk/src/rp2_common/pico_stdio/stdio.c.obj
 .rodata.__func__.3
                0x10007c9c       0x15 hw13/usb/CMakeFiles/usb.dir/C_/Program_Files/Raspberry_Pi/Pico_SDK_v1.5.1/pico-sdk/src/rp2_common/pico_stdio/stdio.c.obj
 *fill*         0x10007cb1        0x3 
 .rodata.crlf_str.2
                0x10007cb4        0x2 hw13/usb/CMakeFiles/usb.dir/C_/Program_Files/Raspberry_Pi/Pico_SDK_v1.5.1/pico-sdk/src/rp2_common/pico_stdio/stdio.c.obj
 *fill*         0x10007cb6        0x2 
 .rodata.pico_get_unique_board_id_string.str1.4
                0x10007cb8       0x69 hw13/usb/CMakeFiles/usb.dir/C_/Program_Files/Raspberry_Pi/Pico_SDK_v1.5.1/pico-sdk/src/rp2_common/pico_unique_id/unique_id.c.obj
 *fill*         0x10007d21        0x3 
 .rodata.__func__.0
                0x10007d24       0x20 hw13/usb/CMakeFiles/usb.dir/C_/Program_Files/Raspberry_Pi/Pico_SDK_v1.5.1/pico-sdk/src/rp2_common/pico_unique_id/unique_id.c.obj
 .rodata.str1.4
                0x10007d44      0x176 hw13/usb/CMakeFiles/usb.dir/C_/Program_Files/Raspberry_Pi/Pico_SDK_v1.5.1/pico-sdk/src/rp2_common/hardware_flash/flash.c.obj
 *fill*         0x10007eba        0x2 
 .rodata.__func__.0
                0x10007ebc        0xd hw13/usb/CMakeFiles/usb.dir/C_/Program_Files/Raspberry_Pi/Pico_SDK_v1.5.1/pico-sdk/src/rp2_common/hardware_flash/flash.c.obj
 *fill*         0x10007ec9        0x3 
 .rodata._hw_endpoint_alloc.str1.4
                0x10007ecc       0xd1 hw13/usb/CMakeFiles/usb.dir/C_/Program_Files/Raspberry_Pi/Pico_SDK_v1.5.1/pico-sdk/lib/tinyusb/src/portable/raspberrypi/rp2040/dcd_rp2040.c.obj
 *fill*         0x10007f9d        0x3 
 .rodata.str1.4
                0x10007fa0       0x14 hw13/usb/CMakeFiles/usb.dir/C_/Program_Files/Raspberry_Pi/Pico_SDK_v1.5.1/pico-sdk/lib/tinyusb/src/portable/raspberrypi/rp2040/dcd_rp2040.c.obj
 .rodata.dcd_int_enable.str1.4
                0x10007fb4        0xc hw13/usb/CMakeFiles/usb.dir/C_/Program_Files/Raspberry_Pi/Pico_SDK_v1.5.1/pico-sdk/lib/tinyusb/src/portable/raspberrypi/rp2040/dcd_rp2040.c.obj
 .rodata.__func__.0
                0x10007fc0        0xe hw13/usb/CMakeFiles/usb.dir/C_/Program_Files/Raspberry_Pi/Pico_SDK_v1.5.1/pico-sdk/lib/tinyusb/src/portable/raspberrypi/rp2040/dcd_rp2040.c.obj
 *fill*         0x10007fce        0x2 
 .rodata.__func__.1
                0x10007fd0        0xe hw13/usb/CMakeFiles/usb.dir/C_/Program_Files/Raspberry_Pi/Pico_SDK_v1.5.1/pico-sdk/lib/tinyusb/src/portable/raspberrypi/rp2040/dcd_rp2040.c.obj
 *fill*         0x10007fde        0x2 
 .rodata.__func__.2
                0x10007fe0       0x12 hw13/usb/CMakeFiles/usb.dir/C_/Program_Files/Raspberry_Pi/Pico_SDK_v1.5.1/pico-sdk/lib/tinyusb/src/portable/raspberrypi/rp2040/dcd_rp2040.c.obj
 *fill*         0x10007ff2        0x2 
 .rodata.__func__.3
                0x10007ff4       0x10 hw13/usb/CMakeFiles/usb.dir/C_/Program_Files/Raspberry_Pi/Pico_SDK_v1.5.1/pico-sdk/lib/tinyusb/src/portable/raspberrypi/rp2040/dcd_rp2040.c.obj
 .rodata.__func__.5
                0x10008004        0xf hw13/usb/CMakeFiles/usb.dir/C_/Program_Files/Raspberry_Pi/Pico_SDK_v1.5.1/pico-sdk/lib/tinyusb/src/portable/raspberrypi/rp2040/dcd_rp2040.c.obj
 *fill*         0x10008013        0x1 
 .rodata.__func__.6
                0x10008014       0x13 hw13/usb/CMakeFiles/usb.dir/C_/Program_Files/Raspberry_Pi/Pico_SDK_v1.5.1/pico-sdk/lib/tinyusb/src/portable/raspberrypi/rp2040/dcd_rp2040.c.obj
 *fill*         0x10008027        0x1 
 .rodata.__func__.7
                0x10008028        0x9 hw13/usb/CMakeFiles/usb.dir/C_/Program_Files/Raspberry_Pi/Pico_SDK_v1.5.1/pico-sdk/lib/tinyusb/src/portable/raspberrypi/rp2040/dcd_rp2040.c.obj
 *fill*         0x10008031        0x3 
 .rodata.str1.4
                0x10008034      0x103 hw13/usb/CMakeFiles/usb.dir/C_/Program_Files/Raspberry_Pi/Pico_SDK_v1.5.1/pico-sdk/lib/tinyusb/src/portable/raspberrypi/rp2040/rp2040_usb.c.obj
 *fill*         0x10008137        0x1 
 .rodata.__func__.0
                0x10008138        0xf hw13/usb/CMakeFiles/usb.dir/C_/Program_Files/Raspberry_Pi/Pico_SDK_v1.5.1/pico-sdk/lib/tinyusb/src/portable/raspberrypi/rp2040/rp2040_usb.c.obj
 *fill*         0x10008147        0x1 
 .rodata.process_get_descriptor
                0x10008148       0x40 hw13/usb/CMakeFiles/usb.dir/C_/Program_Files/Raspberry_Pi/Pico_SDK_v1.5.1/pico-sdk/lib/tinyusb/src/device/usbd.c.obj
 .rodata.process_control_request
                0x10008188       0x28 hw13/usb/CMakeFiles/usb.dir/C_/Program_Files/Raspberry_Pi/Pico_SDK_v1.5.1/pico-sdk/lib/tinyusb/src/device/usbd.c.obj
 .rodata.tud_task_ext
                0x100081b0       0x24 hw13/usb/CMakeFiles/usb.dir/C_/Program_Files/Raspberry_Pi/Pico_SDK_v1.5.1/pico-sdk/lib/tinyusb/src/device/usbd.c.obj
 .rodata._usbd_driver
                0x100081d4       0x18 hw13/usb/CMakeFiles/usb.dir/C_/Program_Files/Raspberry_Pi/Pico_SDK_v1.5.1/pico-sdk/lib/tinyusb/src/device/usbd.c.obj
 .rodata.hidd_control_xfer_cb
                0x100081ec       0x30 hw13/usb/CMakeFiles/usb.dir/C_/Program_Files/Raspberry_Pi/Pico_SDK_v1.5.1/pico-sdk/lib/tinyusb/src/class/hid/hid_device.c.obj
 .rodata.str1.4
                0x1000821c        0x4 hw13/usb/CMakeFiles/usb.dir/C_/Program_Files/Raspberry_Pi/Pico_SDK_v1.5.1/pico-sdk/lib/tinyusb/hw/bsp/rp2040/family.c.obj
 .rodata.__bi_142.0
                0x10008220        0xc hw13/usb/CMakeFiles/usb.dir/C_/Program_Files/Raspberry_Pi/Pico_SDK_v1.5.1/pico-sdk/lib/tinyusb/hw/bsp/rp2040/family.c.obj
 .rodata.i2c_set_baudrate.str1.4
                0x1000822c       0x79 hw13/usb/CMakeFiles/usb.dir/C_/Program_Files/Raspberry_Pi/Pico_SDK_v1.5.1/pico-sdk/src/rp2_common/hardware_i2c/i2c.c.obj
 *fill*         0x100082a5        0x3 
 .rodata.__func__.0
                0x100082a8       0x11 hw13/usb/CMakeFiles/usb.dir/C_/Program_Files/Raspberry_Pi/Pico_SDK_v1.5.1/pico-sdk/src/rp2_common/hardware_i2c/i2c.c.obj
                0x100082bc                . = ALIGN (0x4)
 *fill*         0x100082b9        0x3 
 *(SORT_BY_ALIGNMENT(SORT_BY_NAME(.flashdata*)))
                0x100082bc                . = ALIGN (0x4)

.ARM.extab
 *(.ARM.extab* .gnu.linkonce.armextab.*)
                0x100082bc                __exidx_start = .

.ARM.exidx
 *(.ARM.exidx* .gnu.linkonce.armexidx.*)
                0x100082bc                __exidx_end = .
                0x100082bc                . = ALIGN (0x4)
                0x100082bc                __binary_info_start = .

.binary_info    0x100082bc       0x20
 *(.binary_info.keep.*)
 .binary_info.keep.__bi_ptr22
                0x100082bc        0x4 hw13/usb/CMakeFiles/usb.dir/C_/Program_Files/Raspberry_Pi/Pico_SDK_v1.5.1/pico-sdk/src/rp2_common/pico_standard_link/binary_info.c.obj
 .binary_info.keep.__bi_ptr30
                0x100082c0        0x4 hw13/usb/CMakeFiles/usb.dir/C_/Program_Files/Raspberry_Pi/Pico_SDK_v1.5.1/pico-sdk/src/rp2_common/pico_standard_link/binary_info.c.obj
 .binary_info.keep.__bi_ptr38
                0x100082c4        0x4 hw13/usb/CMakeFiles/usb.dir/C_/Program_Files/Raspberry_Pi/Pico_SDK_v1.5.1/pico-sdk/src/rp2_common/pico_standard_link/binary_info.c.obj
 .binary_info.keep.__bi_ptr44
                0x100082c8        0x4 hw13/usb/CMakeFiles/usb.dir/C_/Program_Files/Raspberry_Pi/Pico_SDK_v1.5.1/pico-sdk/src/rp2_common/pico_standard_link/binary_info.c.obj
 .binary_info.keep.__bi_ptr50
                0x100082cc        0x4 hw13/usb/CMakeFiles/usb.dir/C_/Program_Files/Raspberry_Pi/Pico_SDK_v1.5.1/pico-sdk/src/rp2_common/pico_standard_link/binary_info.c.obj
 .binary_info.keep.__bi_ptr75
                0x100082d0        0x4 hw13/usb/CMakeFiles/usb.dir/C_/Program_Files/Raspberry_Pi/Pico_SDK_v1.5.1/pico-sdk/src/rp2_common/pico_standard_link/binary_info.c.obj
 .binary_info.keep.__bi_ptr81
                0x100082d4        0x4 hw13/usb/CMakeFiles/usb.dir/C_/Program_Files/Raspberry_Pi/Pico_SDK_v1.5.1/pico-sdk/src/rp2_common/pico_standard_link/binary_info.c.obj
 .binary_info.keep.__bi_ptr142
                0x100082d8        0x4 hw13/usb/CMakeFiles/usb.dir/C_/Program_Files/Raspberry_Pi/Pico_SDK_v1.5.1/pico-sdk/lib/tinyusb/hw/bsp/rp2040/family.c.obj
 *(.binary_info.*)
                0x100082dc                __binary_info_end = .

.rel.dyn        0x100082dc        0x0
 .rel.iplt      0x100082dc        0x0 c:/progra~1/raspbe~1/picosd~1.1/gcc-ar~1/bin/../lib/gcc/arm-none-eabi/10.3.1/thumb/v6-m/nofp/crtbegin.o
                0x100082dc                . = ALIGN (0x4)

.ram_vector_table
                0x20000000       0xc0
 *(.ram_vector_table)
 .ram_vector_table
                0x20000000       0xc0 hw13/usb/CMakeFiles/usb.dir/C_/Program_Files/Raspberry_Pi/Pico_SDK_v1.5.1/pico-sdk/src/rp2_common/pico_runtime/runtime.c.obj
                0x20000000                ram_vector_table

.data           0x200000c0      0xc50 load address 0x100082dc
                0x200000c0                __data_start__ = .
 *(vtable)
 *(.time_critical*)
 .time_critical.mutex_try_enter
                0x200000c0       0x46 hw13/usb/CMakeFiles/usb.dir/C_/Program_Files/Raspberry_Pi/Pico_SDK_v1.5.1/pico-sdk/src/common/pico_sync/mutex.c.obj
                0x200000c0                mutex_try_enter
 *fill*         0x20000106        0x2 
 .time_critical.mutex_enter_block_until
                0x20000108       0x8c hw13/usb/CMakeFiles/usb.dir/C_/Program_Files/Raspberry_Pi/Pico_SDK_v1.5.1/pico-sdk/src/common/pico_sync/mutex.c.obj
                0x20000108                mutex_enter_block_until
 .time_critical.mutex_try_enter_block_until
                0x20000194       0x34 hw13/usb/CMakeFiles/usb.dir/C_/Program_Files/Raspberry_Pi/Pico_SDK_v1.5.1/pico-sdk/src/common/pico_sync/mutex.c.obj
                0x20000194                mutex_try_enter_block_until
 .time_critical.mutex_enter_timeout_ms
                0x200001c8       0x68 hw13/usb/CMakeFiles/usb.dir/C_/Program_Files/Raspberry_Pi/Pico_SDK_v1.5.1/pico-sdk/src/common/pico_sync/mutex.c.obj
                0x200001c8                mutex_enter_timeout_ms
 .time_critical.mutex_exit
                0x20000230       0x4c hw13/usb/CMakeFiles/usb.dir/C_/Program_Files/Raspberry_Pi/Pico_SDK_v1.5.1/pico-sdk/src/common/pico_sync/mutex.c.obj
                0x20000230                mutex_exit
 .time_critical.flash_init_boot2_copyout
                0x2000027c       0x30 hw13/usb/CMakeFiles/usb.dir/C_/Program_Files/Raspberry_Pi/Pico_SDK_v1.5.1/pico-sdk/src/rp2_common/hardware_flash/flash.c.obj
 .time_critical.flash_enable_xip_via_boot2
                0x200002ac       0x10 hw13/usb/CMakeFiles/usb.dir/C_/Program_Files/Raspberry_Pi/Pico_SDK_v1.5.1/pico-sdk/src/rp2_common/hardware_flash/flash.c.obj
 .time_critical.flash_cs_force
                0x200002bc       0x28 hw13/usb/CMakeFiles/usb.dir/C_/Program_Files/Raspberry_Pi/Pico_SDK_v1.5.1/pico-sdk/src/rp2_common/hardware_flash/flash.c.obj
 .time_critical.flash_do_cmd
                0x200002e4       0xd8 hw13/usb/CMakeFiles/usb.dir/C_/Program_Files/Raspberry_Pi/Pico_SDK_v1.5.1/pico-sdk/src/rp2_common/hardware_flash/flash.c.obj
                0x200002e4                flash_do_cmd
 .time_critical.reset_non_control_endpoints
                0x200003bc       0x40 hw13/usb/CMakeFiles/usb.dir/C_/Program_Files/Raspberry_Pi/Pico_SDK_v1.5.1/pico-sdk/lib/tinyusb/src/portable/raspberrypi/rp2040/dcd_rp2040.c.obj
 .time_critical.hw_handle_buff_status
                0x200003fc       0xa4 hw13/usb/CMakeFiles/usb.dir/C_/Program_Files/Raspberry_Pi/Pico_SDK_v1.5.1/pico-sdk/lib/tinyusb/src/portable/raspberrypi/rp2040/dcd_rp2040.c.obj
 .time_critical.dcd_rp2040_irq
                0x200004a0      0x1cc hw13/usb/CMakeFiles/usb.dir/C_/Program_Files/Raspberry_Pi/Pico_SDK_v1.5.1/pico-sdk/lib/tinyusb/src/portable/raspberrypi/rp2040/dcd_rp2040.c.obj
 .time_critical.e15_is_bulkin_ep
                0x2000066c       0x2c hw13/usb/CMakeFiles/usb.dir/C_/Program_Files/Raspberry_Pi/Pico_SDK_v1.5.1/pico-sdk/lib/tinyusb/src/portable/raspberrypi/rp2040/rp2040_usb.c.obj
 .time_critical.e15_is_critical_frame_period
                0x20000698       0x30 hw13/usb/CMakeFiles/usb.dir/C_/Program_Files/Raspberry_Pi/Pico_SDK_v1.5.1/pico-sdk/lib/tinyusb/src/portable/raspberrypi/rp2040/rp2040_usb.c.obj
 .time_critical.prepare_ep_buffer
                0x200006c8       0x70 hw13/usb/CMakeFiles/usb.dir/C_/Program_Files/Raspberry_Pi/Pico_SDK_v1.5.1/pico-sdk/lib/tinyusb/src/portable/raspberrypi/rp2040/rp2040_usb.c.obj
 .time_critical.sync_ep_buffer
                0x20000738       0x80 hw13/usb/CMakeFiles/usb.dir/C_/Program_Files/Raspberry_Pi/Pico_SDK_v1.5.1/pico-sdk/lib/tinyusb/src/portable/raspberrypi/rp2040/rp2040_usb.c.obj
 .time_critical._hw_endpoint_xfer_sync
                0x200007b8       0x28 hw13/usb/CMakeFiles/usb.dir/C_/Program_Files/Raspberry_Pi/Pico_SDK_v1.5.1/pico-sdk/lib/tinyusb/src/portable/raspberrypi/rp2040/rp2040_usb.c.obj
 .time_critical.hw_endpoint_reset_transfer
                0x200007e0        0xc hw13/usb/CMakeFiles/usb.dir/C_/Program_Files/Raspberry_Pi/Pico_SDK_v1.5.1/pico-sdk/lib/tinyusb/src/portable/raspberrypi/rp2040/rp2040_usb.c.obj
                0x200007e0                hw_endpoint_reset_transfer
 .time_critical._hw_endpoint_buffer_control_update32
                0x200007ec       0x58 hw13/usb/CMakeFiles/usb.dir/C_/Program_Files/Raspberry_Pi/Pico_SDK_v1.5.1/pico-sdk/lib/tinyusb/src/portable/raspberrypi/rp2040/rp2040_usb.c.obj
                0x200007ec                _hw_endpoint_buffer_control_update32
 .time_critical.hw_endpoint_start_next_buffer
                0x20000844       0x88 hw13/usb/CMakeFiles/usb.dir/C_/Program_Files/Raspberry_Pi/Pico_SDK_v1.5.1/pico-sdk/lib/tinyusb/src/portable/raspberrypi/rp2040/rp2040_usb.c.obj
                0x20000844                hw_endpoint_start_next_buffer
 .time_critical.hw_endpoint_xfer_continue
                0x200008cc       0x50 hw13/usb/CMakeFiles/usb.dir/C_/Program_Files/Raspberry_Pi/Pico_SDK_v1.5.1/pico-sdk/lib/tinyusb/src/portable/raspberrypi/rp2040/rp2040_usb.c.obj
                0x200008cc                hw_endpoint_xfer_continue
 .time_critical.tinyusb
                0x2000091c      0x200 hw13/usb/CMakeFiles/usb.dir/C_/Program_Files/Raspberry_Pi/Pico_SDK_v1.5.1/pico-sdk/lib/tinyusb/src/device/usbd.c.obj
                0x2000091c                dcd_event_handler
 .time_critical.get_bootsel_button
                0x20000b1c       0x60 hw13/usb/CMakeFiles/usb.dir/C_/Program_Files/Raspberry_Pi/Pico_SDK_v1.5.1/pico-sdk/lib/tinyusb/hw/bsp/rp2040/family.c.obj
                0x20000b1c                get_bootsel_button
 *(.text*)
 .text          0x20000b7c        0x4 c:/progra~1/raspbe~1/picosd~1.1/gcc-ar~1/bin/../lib/gcc/arm-none-eabi/10.3.1/thumb/v6-m/nofp\libgcc.a(_dvmd_tls.o)
                0x20000b7c                __aeabi_idiv0
                0x20000b7c                __aeabi_ldiv0
 .text.__stub   0x20000b80       0x90 linker stubs
                0x20000c10                . = ALIGN (0x4)
 *(.rodata*)
                0x20000c10                . = ALIGN (0x4)
 *(.data*)
 .data.blink_interval_ms
                0x20000c10        0x4 hw13/usb/CMakeFiles/usb.dir/usb.c.obj
 .data.string_desc_arr
                0x20000c14       0x10 hw13/usb/CMakeFiles/usb.dir/usb_descriptors.c.obj
                0x20000c14                string_desc_arr
 .data.striped_spin_lock_num
                0x20000c24        0x1 hw13/usb/CMakeFiles/usb.dir/C_/Program_Files/Raspberry_Pi/Pico_SDK_v1.5.1/pico-sdk/src/rp2_common/hardware_sync/sync.c.obj
 *fill*         0x20000c25        0x3 
 .data          0x20000c28       0x48 hw13/usb/CMakeFiles/usb.dir/C_/Program_Files/Raspberry_Pi/Pico_SDK_v1.5.1/pico-sdk/src/rp2_common/hardware_irq/irq_handler_chain.S.obj
                0x20000c28                irq_handler_chain_slots
                0x20000c58                irq_handler_chain_first_slot
                0x20000c62                irq_handler_chain_remove_tail
 .data.default_alarm_pool
                0x20000c70       0x18 hw13/usb/CMakeFiles/usb.dir/C_/Program_Files/Raspberry_Pi/Pico_SDK_v1.5.1/pico-sdk/src/common/pico_time/time.c.obj
 .data.default_alarm_pool_heap
                0x20000c88       0x10 hw13/usb/CMakeFiles/usb.dir/C_/Program_Files/Raspberry_Pi/Pico_SDK_v1.5.1/pico-sdk/src/common/pico_time/time.c.obj
 *fill*         0x20000c98        0x8 
 .data.aeabi_bits_funcs
                0x20000ca0       0x10 hw13/usb/CMakeFiles/usb.dir/C_/Program_Files/Raspberry_Pi/Pico_SDK_v1.5.1/pico-sdk/src/rp2_common/pico_bit_ops/bit_ops_aeabi.S.obj
                0x20000ca0                aeabi_bits_funcs
                0x20000cb0                aeabi_bits_funcs_end
 .data.aeabi_mem_funcs
                0x20000cb0       0x10 hw13/usb/CMakeFiles/usb.dir/C_/Program_Files/Raspberry_Pi/Pico_SDK_v1.5.1/pico-sdk/src/rp2_common/pico_mem_ops/mem_ops_aeabi.S.obj
                0x20000cb0                aeabi_mem_funcs
                0x20000cc0                aeabi_mem_funcs_end
 .data.ep_dir_string
                0x20000cc0        0x8 hw13/usb/CMakeFiles/usb.dir/C_/Program_Files/Raspberry_Pi/Pico_SDK_v1.5.1/pico-sdk/lib/tinyusb/src/portable/raspberrypi/rp2040/rp2040_usb.c.obj
                0x20000cc0                ep_dir_string
 .data._usbd_qdef
                0x20000cc8       0x1c hw13/usb/CMakeFiles/usb.dir/C_/Program_Files/Raspberry_Pi/Pico_SDK_v1.5.1/pico-sdk/lib/tinyusb/src/device/usbd.c.obj
                0x20000cc8                _usbd_qdef
 .data._usbd_rhport
                0x20000ce4        0x1 hw13/usb/CMakeFiles/usb.dir/C_/Program_Files/Raspberry_Pi/Pico_SDK_v1.5.1/pico-sdk/lib/tinyusb/src/device/usbd.c.obj
 *fill*         0x20000ce5        0x3 
 .data.i2c0_inst
                0x20000ce8        0x8 hw13/usb/CMakeFiles/usb.dir/C_/Program_Files/Raspberry_Pi/Pico_SDK_v1.5.1/pico-sdk/src/rp2_common/hardware_i2c/i2c.c.obj
                0x20000ce8                i2c0_inst
                0x20000cf0                . = ALIGN (0x4)
 *(.after_data.*)
                0x20000cf0                . = ALIGN (0x4)
                0x20000cf0                PROVIDE (__mutex_array_start = .)
 *(SORT_BY_NAME(.mutex_array.*))
 *(.mutex_array)
 .mutex_array   0x20000cf0        0x8 hw13/usb/CMakeFiles/usb.dir/C_/Program_Files/Raspberry_Pi/Pico_SDK_v1.5.1/pico-sdk/src/rp2_common/pico_stdio/stdio.c.obj
                0x20000cf8                PROVIDE (__mutex_array_end = .)
                0x20000cf8                . = ALIGN (0x4)
                0x20000cf8                PROVIDE (__preinit_array_start = .)
 *(SORT_BY_NAME(.preinit_array.*))
 .preinit_array.00001
                0x20000cf8        0x4 hw13/usb/CMakeFiles/usb.dir/C_/Program_Files/Raspberry_Pi/Pico_SDK_v1.5.1/pico-sdk/src/rp2_common/pico_mem_ops/mem_ops_aeabi.S.obj
 .preinit_array.00010
                0x20000cfc        0x4 hw13/usb/CMakeFiles/usb.dir/C_/Program_Files/Raspberry_Pi/Pico_SDK_v1.5.1/pico-sdk/src/rp2_common/pico_bit_ops/bit_ops_aeabi.S.obj
 .preinit_array.00020